ValeVision3D - port notes, module logs and release placeholders
  app root : D:\10_CoreLib__ValeCodebase\WebApps\ValeVision3D
  checked  : 6 named file(s) - 6 PORT NOTE(s), 5 DEVELOPMENT LOG(s)
  baseline : Na__Verify__ParityBaseline__.json - 139 file(s) recorded 2026-10-01; 0 still as recorded

  02__Src__AppModules/51__System__LayoutEditor/51__Feature__DrawingRegister/Na__LayoutEditor__Register__DeleteDialog__.js
      WARN  :14    source-version-form  Source version "none - TrueVision's file carries no MODULE line, no module version and no DEVELOPMENT LOG " lacks the TrueVision module version (K2 H5: "<x.y.z> (TrueVision3D v2.N.0, DD-Mon-YYYY; read at <pin>)")   [legacy: no module version or DEVELOPMENT LOG to carry - TrueVision's file has neither (S07a B1); the gap is TrueVision's to close (WT-08), so this copy stays byte-for-byte below the header.]

  PENDING  6 release placeholder(s) in 6 file(s), for the wave's Parity Scribe: W4-18 x6

  WATERMARK  TrueVision D:\11_RefLib__StudioRepository__RemoteSystem\NaWeb\na-apps\30__TrueVision__CoreAppCode at b2aa9151 (git)
  The TrueVision DEVELOPMENT LOG entries dated after this app's newest log entry (the S11 c.1 rule; same-day entries are not flagged), under 02__Src__AppModules/51__System__LayoutEditor/51__Feature__DrawingRegister:
    02__Src__AppModules/51__System__LayoutEditor/51__Feature__DrawingRegister/Na__LayoutEditor__Register__Data__.js
        this app 19-Sep-2026 | TrueVision 1.0.1 | after: -
    02__Src__AppModules/51__System__LayoutEditor/51__Feature__DrawingRegister/Na__LayoutEditor__Register__Transactions__.js
        this app 19-Sep-2026 | TrueVision 1.2.0 | after: -
    02__Src__AppModules/51__System__LayoutEditor/51__Feature__DrawingRegister/Na__LayoutEditor__Register__Notes__.js
        this app 19-Sep-2026 | TrueVision 1.0.1 | after: -
    02__Src__AppModules/51__System__LayoutEditor/51__Feature__DrawingRegister/Na__LayoutEditor__Register__Preview__.js
        this app 19-Sep-2026 | TrueVision 1.1.0 | after: -
    02__Src__AppModules/51__System__LayoutEditor/51__Feature__DrawingRegister/Na__LayoutEditor__Register__Pdf__.js
        this app 19-Sep-2026 | TrueVision 1.1.0 | after: -

  RESULT: PASS (0 fail, 1 warn, 6 pending)
