ValeVision3D - port notes, module logs and release placeholders
  app root : D:\10_CoreLib__ValeCodebase\WebApps\ValeVision3D
  checked  : 9 named file(s) - 6 PORT NOTE(s), 6 DEVELOPMENT LOG(s)
  baseline : Na__Verify__ParityBaseline__.json - 139 file(s) recorded 2026-10-01; 0 still as recorded, 4 since rewritten (their full checks apply)

  02__Src__AppModules/45__System__ElevationViews/Na__Elevation__Styles__DevMenu__.css
      WARN  :21    source-version-form  Source version "none of its own - the sheet as TrueVision3D v2.86.0 left it, with its Name, and Which Elev" lacks the TrueVision module version (K2 H5: "<x.y.z> (TrueVision3D v2.N.0, DD-Mon-YYYY; read at <pin>)")   [legacy: TrueVision's copy of this sheet has no module version, so the Source version names the release and the commit instead.]

  PENDING  9 release placeholder(s) in 7 file(s), for the wave's Parity Scribe: W2-04 x1, W2-05 x8
      02__Src__AppModules/45__System__ElevationViews/Na__Elevation__DevMenu__Editor__.js:66  {{VVREL:W2-05}}
      02__Src__AppModules/45__System__ElevationViews/Na__Elevation__DevMenu__RowBuilders__.js:55  {{VVREL:W2-05}}
      02__Src__AppModules/45__System__ElevationViews/Na__Elevation__Styles__DevMenu__.css:24  {{VVREL:W2-05}}
      02__Src__AppModules/45__System__ElevationViews/Na__Elevation__ProjectJson__Data__.js:68  {{VVREL:W2-05}}
      02__Src__AppModules/45__System__ElevationViews/Na__Elevation__ProjectJson__Data__.js:83  {{VVREL:W2-05}}
      02__Src__AppModules/40__System__DrawingViewCore/Na__DrawView__ThumbnailBake__.js:59  {{VVREL:W2-05}}
      02__Src__AppModules/40__System__DrawingViewCore/Na__DrawView__ThumbnailBake__.js:63  {{VVREL:W2-04}}
      02__Src__AppModules/48__System__CrossSectionViews/Na__CrossSection__DevMenu__Editor__.js:46  {{VVREL:W2-05}}
      02__Src__AppModules/41__System__CrossSectionView/Na__UiFeature__CrossSectionView__DevControls.js:32  {{VVREL:W2-05}}

  Baseline entries that no longer apply (the file was written since 01-Oct-2026):
      02__Src__AppModules/45__System__ElevationViews/Na__Elevation__DevMenu__Editor__.js
      02__Src__AppModules/45__System__ElevationViews/Na__Elevation__DevMenu__RowBuilders__.js
      02__Src__AppModules/45__System__ElevationViews/Na__Elevation__Styles__DevMenu__.css
      02__Src__AppModules/45__System__ElevationViews/Na__Elevation__ProjectJson__Data__.js

  WATERMARK  TrueVision D:\11_RefLib__StudioRepository__RemoteSystem\NaWeb\na-apps\30__TrueVision__CoreAppCode at b2aa9151 (git)
  The TrueVision DEVELOPMENT LOG entries dated after this app's newest log entry (the S11 c.1 rule; same-day entries are not flagged):
    02__Src__AppModules/45__System__ElevationViews/Na__Elevation__DevMenu__Editor__.js
        this app 20-Sep-2026 | TrueVision 2.1.0 | after: -
    02__Src__AppModules/45__System__ElevationViews/Na__Elevation__DevMenu__RowBuilders__.js
        this app 20-Sep-2026 | TrueVision 2.1.0 | after: -
    02__Src__AppModules/45__System__ElevationViews/Na__Elevation__ProjectJson__Data__.js
        this app 20-Sep-2026 | TrueVision 1.1.0 | after: -
    02__Src__AppModules/48__System__CrossSectionViews/Na__CrossSection__DevMenu__Editor__.js
        this app 20-Sep-2026 | TrueVision 0.1.0 | after: -

  RESULT: PASS (0 fail, 1 warn, 9 pending)
