Config read  : D:\10_CoreLib__ValeCodebase\WebApps\ValeVision3D\02__Src__AppModules\47__System__DrawingPlanes\Na__DrawingPlanes__AppConfig__.json
Tokens       : {"building":["MainBuildingModel","Storey__"],"ground":["LandscapeEnvironment"],"ignore":["OrbitHelperCube"]}
Loader regexes read from D:\10_CoreLib__ValeCodebase\WebApps\ValeVision3D\02__Src__AppModules\15__ModelLoader\Na__ModelLoader__MultiModel.js
  primary /(?:.*?__)?(ValeVision|NaModel|TrueVision)__(.+?)__(MeshModel|LineworkModel)__\.glb/i 
  storey  /(?:.*?__)?Storey__([A-Za-z]+)__([A-Za-z]+)__(MeshModel|LineworkModel)__\.glb/i 
  legacy  /__(BaseMeshModel|LineworkModel|MeshModel)__/i 
  orbit   /OrbitHelperCube__MeshModel__\.glb$/i 
  legacy key ValeVision__LegacyModel

Projects read: 156 {"none":65,"current":89,"legacy":1,"storey":1}

2025/00__ExampleProject            none     groups  0 | building 0 | ground 0 | other 0 | fallback no 
2025/01__TemplateProject           none     groups  0 | building 0 | ground 0 | other 0 | fallback no 
2025/43822__Napthine               none     groups  0 | building 0 | ground 0 | other 0 | fallback no 
2025/55876__Swain                  none     groups  0 | building 0 | ground 0 | other 0 | fallback no 
2025/59494__Weeks                  none     groups  0 | building 0 | ground 0 | other 0 | fallback no 
2025/59908__Hewitt__Scheme-03      none     groups  0 | building 0 | ground 0 | other 0 | fallback no 
2025/61557__Shillabeer             none     groups  0 | building 0 | ground 0 | other 0 | fallback no 
2025/62258__Gray                   none     groups  0 | building 0 | ground 0 | other 0 | fallback no 
2025/62361__Gordon                 none     groups  0 | building 0 | ground 0 | other 0 | fallback no 
2025/62361__Gordon__Scheme-03      none     groups  0 | building 0 | ground 0 | other 0 | fallback no 
2025/62444__Curtis                 current  groups  3 | building 2 | ground 1 | other 0 | fallback no 
2025/62451__Cross                  none     groups  0 | building 0 | ground 0 | other 0 | fallback no 
2025/AN-61960__Acton               none     groups  0 | building 0 | ground 0 | other 0 | fallback no 
2025/BL-61732__Ball                none     groups  0 | building 0 | ground 0 | other 0 | fallback no 
2025/BX-61511__Baxter              none     groups  0 | building 0 | ground 0 | other 0 | fallback no 
2025/BX-61511__Baxter__Scheme-02   none     groups  0 | building 0 | ground 0 | other 0 | fallback no 
2025/CC-62383__CapeConstruction__EgyptHouse none     groups  0 | building 0 | ground 0 | other 0 | fallback no 
2025/CF-61898__Chadfield           none     groups  0 | building 0 | ground 0 | other 0 | fallback no 
2025/CS-61737__Conyers             none     groups  0 | building 0 | ground 0 | other 0 | fallback no 
2025/ED-62117__Edmiston            none     groups  0 | building 0 | ground 0 | other 0 | fallback no 
2025/FM-56662__Foreman             none     groups  0 | building 0 | ground 0 | other 0 | fallback no 
2025/FM-56662__Foreman__Scheme-02  none     groups  0 | building 0 | ground 0 | other 0 | fallback no 
2025/FN-62104__Fenner Scheme-01    none     groups  0 | building 0 | ground 0 | other 0 | fallback no 
2025/FN-62104__Fenner Scheme-02    none     groups  0 | building 0 | ground 0 | other 0 | fallback no 
2025/FN-62104__Fenner Scheme-03    none     groups  0 | building 0 | ground 0 | other 0 | fallback no 
2025/GS-61695__Gibbs               none     groups  0 | building 0 | ground 0 | other 0 | fallback no 
2025/GY-60937__Gray                none     groups  0 | building 0 | ground 0 | other 0 | fallback no 
2025/HD-61716__Holland             none     groups  0 | building 0 | ground 0 | other 0 | fallback no 
2025/HN-61484__Hannan              none     groups  0 | building 0 | ground 0 | other 0 | fallback no 
2025/HS-61747__Harris              none     groups  0 | building 0 | ground 0 | other 0 | fallback no 
2025/HT-59908__Hewitt              none     groups  0 | building 0 | ground 0 | other 0 | fallback no 
2025/HT-60180__Hurst               none     groups  0 | building 0 | ground 0 | other 0 | fallback no 
2025/HY-55239__Hendry              none     groups  0 | building 0 | ground 0 | other 0 | fallback no 
2025/JF-61131__Jolliffe            none     groups  0 | building 0 | ground 0 | other 0 | fallback no 
2025/JN-2906__Johnstone            none     groups  0 | building 0 | ground 0 | other 0 | fallback no 
2025/LW-60678__Lawrence            none     groups  0 | building 0 | ground 0 | other 0 | fallback no 
2025/LX-61040__Loxton              none     groups  0 | building 0 | ground 0 | other 0 | fallback no 
2025/MH-61603__Mottershead         none     groups  0 | building 0 | ground 0 | other 0 | fallback no 
2025/MJ-59473__Mukherjee           none     groups  0 | building 0 | ground 0 | other 0 | fallback no 
2025/MS-62254__Meister             none     groups  0 | building 0 | ground 0 | other 0 | fallback no 
2025/MU-61478__Mashru              none     groups  0 | building 0 | ground 0 | other 0 | fallback no 
2025/NW-61997__Newby               none     groups  0 | building 0 | ground 0 | other 0 | fallback no 
2025/NW-62108__Newington           none     groups  0 | building 0 | ground 0 | other 0 | fallback no 
2025/NY-29951__McNerney            none     groups  0 | building 0 | ground 0 | other 0 | fallback no 
2025/PC-61922__PlumblyClegg__Scheme-01 none     groups  0 | building 0 | ground 0 | other 0 | fallback no 
2025/PC-61922__PlumblyClegg__Scheme-02 current  groups  3 | building 2 | ground 1 | other 0 | fallback no 
2025/PH-59512__Phillips            none     groups  0 | building 0 | ground 0 | other 0 | fallback no 
2025/PN-62106__Pennington          none     groups  0 | building 0 | ground 0 | other 0 | fallback no 
2025/PY-61616__Pilley              none     groups  0 | building 0 | ground 0 | other 0 | fallback no 
2025/RC-62302__Richards            none     groups  0 | building 0 | ground 0 | other 0 | fallback no 
2025/RD-61662__Rodger              none     groups  0 | building 0 | ground 0 | other 0 | fallback no | unmatched 1
2025/RS-59923__Richards            none     groups  0 | building 0 | ground 0 | other 0 | fallback no 
2025/SD-61866__Sheppard            none     groups  0 | building 0 | ground 0 | other 0 | fallback no 
2025/VB-60009__VanDenBorn          none     groups  0 | building 0 | ground 0 | other 0 | fallback no 
2025/VE-61058__Staley              none     groups  0 | building 0 | ground 0 | other 0 | fallback no | unmatched 3
2025/VN-61445__Vaughan             none     groups  0 | building 0 | ground 0 | other 0 | fallback no 
2025/WR-60556__Winter              none     groups  0 | building 0 | ground 0 | other 0 | fallback no 
2025/WS-61782__Wiltshire           none     groups  0 | building 0 | ground 0 | other 0 | fallback no 
2026/3005__Marten                  current  groups  3 | building 2 | ground 1 | other 0 | fallback no 
2026/3038__Gordon__Scheme-03       current  groups  9 | building 7 | ground 1 | other 1 | fallback no 
2026/3038__Gordon__Scheme-04       current  groups  9 | building 7 | ground 1 | other 1 | fallback no 
2026/3047__Doous                   current  groups  7 | building 5 | ground 1 | other 1 | fallback no 
2026/41352__Brown                  current  groups  3 | building 2 | ground 1 | other 0 | fallback no 
2026/44371__Gill                   current  groups  3 | building 2 | ground 1 | other 0 | fallback no 
2026/51536__Hamilton               current  groups  3 | building 2 | ground 1 | other 0 | fallback no 
2026/53948__Hurst-Cox              none     groups  0 | building 0 | ground 0 | other 0 | fallback no 
2026/55164__Quinn                  current  groups  3 | building 2 | ground 1 | other 0 | fallback no 
2026/55164__Quinn__Scheme-02       current  groups  3 | building 2 | ground 1 | other 0 | fallback no 
2026/55495__Barrett                current  groups  4 | building 2 | ground 1 | other 1 | fallback no 
2026/57079__Mordaunt               current  groups 10 | building 8 | ground 1 | other 1 | fallback no 
2026/57744__King                   current  groups  2 | building 1 | ground 1 | other 0 | fallback no 
2026/57876__Lane                   current  groups  3 | building 2 | ground 1 | other 0 | fallback no 
2026/57994__Harris                 current  groups  3 | building 2 | ground 1 | other 0 | fallback no 
2026/57994__Harris__Scheme-02      current  groups  3 | building 2 | ground 1 | other 0 | fallback no 
2026/59280__Itier                  current  groups  3 | building 2 | ground 1 | other 0 | fallback no 
2026/59443__Moore                  current  groups  3 | building 2 | ground 1 | other 0 | fallback no 
2026/59964__DeLisle                current  groups  3 | building 2 | ground 1 | other 0 | fallback no 
2026/60834__Clough                 legacy   groups  1 | building 0 | ground 0 | other 1 | fallback YES 
2026/60906__Dawson-Smith           current  groups  4 | building 2 | ground 1 | other 1 | fallback no 
2026/61721__Payne                  current  groups  3 | building 2 | ground 1 | other 0 | fallback no 
2026/61721__Payne__Scheme-02       current  groups  3 | building 2 | ground 1 | other 0 | fallback no 
2026/61755__Goodson-Hudson         current  groups  3 | building 2 | ground 1 | other 0 | fallback no 
2026/62084__Rowbotham              current  groups  3 | building 2 | ground 1 | other 0 | fallback no 
2026/62275__Doouss                 none     groups  0 | building 0 | ground 0 | other 0 | fallback no 
2026/62386__Hardy                  current  groups  3 | building 2 | ground 1 | other 0 | fallback no 
2026/62388__Leuenberger            none     groups  0 | building 0 | ground 0 | other 0 | fallback no 
2026/62430__Lawrence               current  groups  3 | building 2 | ground 1 | other 0 | fallback no 
2026/62460__Catchpole              none     groups  0 | building 0 | ground 0 | other 0 | fallback no 
2026/62475__Hickie                 none     groups  0 | building 0 | ground 0 | other 0 | fallback no 
2026/62514__Footitt                none     groups  0 | building 0 | ground 0 | other 0 | fallback no 
2026/62526__Russell                current  groups  3 | building 2 | ground 1 | other 0 | fallback no 
2026/62538__Gunton                 none     groups  0 | building 0 | ground 0 | other 0 | fallback no 
2026/62557__Lister                 current  groups  3 | building 2 | ground 1 | other 0 | fallback no 
2026/62565__Spalton                none     groups  0 | building 0 | ground 0 | other 0 | fallback no 
2026/62609__Bagot                  storey   groups  6 | building 5 | ground 1 | other 0 | fallback no 
2026/62615__Edwards                none     groups  0 | building 0 | ground 0 | other 0 | fallback no 
2026/62639__Yandell                current  groups  3 | building 2 | ground 1 | other 0 | fallback no 
2026/62665__Hevey                  current  groups  3 | building 2 | ground 1 | other 0 | fallback no 
2026/62722__Parkes                 current  groups  3 | building 2 | ground 1 | other 0 | fallback no 
2026/62737__Berry                  current  groups  3 | building 2 | ground 1 | other 0 | fallback no 
2026/62775__Slater                 current  groups  3 | building 2 | ground 1 | other 0 | fallback no 
2026/62780__Steer                  current  groups  3 | building 2 | ground 1 | other 0 | fallback no 
2026/62785__Carey                  current  groups  3 | building 2 | ground 1 | other 0 | fallback no 
2026/62841__Smee                   current  groups  3 | building 2 | ground 1 | other 0 | fallback no 
2026/62854__Ribbins                current  groups  3 | building 2 | ground 1 | other 0 | fallback no 
2026/62902__McLoughlin             current  groups  3 | building 2 | ground 1 | other 0 | fallback no 
2026/62912__Lamming                current  groups  3 | building 2 | ground 1 | other 0 | fallback no 
2026/62921__Hendy                  current  groups  3 | building 2 | ground 1 | other 0 | fallback no 
2026/62934__James                  current  groups  3 | building 2 | ground 1 | other 0 | fallback no 
2026/62970__Hampson                current  groups  3 | building 2 | ground 1 | other 0 | fallback no 
2026/63002__Thorpe                 current  groups  3 | building 2 | ground 1 | other 0 | fallback no 
2026/63008__Lee-Smith              current  groups  3 | building 2 | ground 1 | other 0 | fallback no 
2026/63034__Lorriman               current  groups  3 | building 2 | ground 1 | other 0 | fallback no 
2026/63072__Armstrong              current  groups  3 | building 2 | ground 1 | other 0 | fallback no 
2026/63076__Thompson               current  groups  3 | building 2 | ground 1 | other 0 | fallback no 
2026/63086__Matharu                current  groups  3 | building 2 | ground 1 | other 0 | fallback no 
2026/63148__Marsh                  current  groups  3 | building 2 | ground 1 | other 0 | fallback no 
2026/63184__Beevers                current  groups  3 | building 2 | ground 1 | other 0 | fallback no 
2026/63231__Sellon                 current  groups  3 | building 2 | ground 1 | other 0 | fallback no 
2026/63232__Davies                 current  groups  2 | building 1 | ground 1 | other 0 | fallback no 
2026/63271__Robson                 current  groups  3 | building 2 | ground 1 | other 0 | fallback no 
2026/63295__Majid                  current  groups  3 | building 2 | ground 1 | other 0 | fallback no 
2026/63324__King                   current  groups  4 | building 2 | ground 1 | other 1 | fallback no 
2026/63345__Martin                 current  groups  3 | building 2 | ground 1 | other 0 | fallback no 
2026/63396__Kalson                 current  groups  4 | building 2 | ground 1 | other 1 | fallback no 
2026/63403__Thrower                current  groups  3 | building 2 | ground 1 | other 0 | fallback no 
2026/63418__Kedia                  current  groups  3 | building 2 | ground 1 | other 0 | fallback no 
2026/63442__Rosalie                current  groups  3 | building 2 | ground 1 | other 0 | fallback no 
2026/63459__Allen                  current  groups  3 | building 2 | ground 1 | other 0 | fallback no 
2026/63476__Lang                   current  groups  3 | building 2 | ground 1 | other 0 | fallback no 
2026/63568__Jones                  current  groups  3 | building 2 | ground 1 | other 0 | fallback no 
2026/63568__Jones__FullVersion     current  groups  4 | building 2 | ground 1 | other 1 | fallback no 
2026/63569__Flynn                  current  groups  4 | building 2 | ground 1 | other 1 | fallback no 
2026/63578__Yates__Orangery        current  groups  3 | building 2 | ground 1 | other 0 | fallback no 
2026/63578__Yates__Porch           current  groups  3 | building 2 | ground 1 | other 0 | fallback no 
2026/63592__Bressard-Kayode        current  groups  3 | building 2 | ground 1 | other 0 | fallback no 
2026/63592__Bressard-Kayode__ParapetOptions current  groups  3 | building 2 | ground 1 | other 0 | fallback no 
2026/63592__Bressard-Kayode__Scheme-02 current  groups  3 | building 2 | ground 1 | other 0 | fallback no 
2026/63684__Brereton               current  groups  3 | building 2 | ground 1 | other 0 | fallback no 
2026/63742__Hanson                 current  groups  3 | building 2 | ground 1 | other 0 | fallback no 
2026/63752__Kay                    current  groups  4 | building 2 | ground 1 | other 1 | fallback no 
2026/63770__Warwick                current  groups  3 | building 2 | ground 1 | other 0 | fallback no 
2026/63853__Bia                    current  groups  8 | building 6 | ground 1 | other 1 | fallback no 
2026/63918__Ingle                  current  groups  3 | building 2 | ground 1 | other 0 | fallback no 
2026/63945__Ball                   current  groups  4 | building 2 | ground 1 | other 1 | fallback no 
2026/63984__Miah                   current  groups  2 | building 1 | ground 1 | other 0 | fallback no 
2026/63986__Hawley                 current  groups  3 | building 2 | ground 1 | other 0 | fallback no 
2026/64014__Byrne                  current  groups  4 | building 2 | ground 1 | other 1 | fallback no 
2026/64033__Negretti               current  groups  4 | building 2 | ground 1 | other 1 | fallback no 
2026/64076__Martin                 current  groups  3 | building 2 | ground 1 | other 0 | fallback no 
2026/64078__Londos                 current  groups  3 | building 2 | ground 1 | other 0 | fallback no 
2026/64135__Washington             current  groups  4 | building 3 | ground 1 | other 0 | fallback no 
2026/64136__Mudie                  current  groups  3 | building 2 | ground 1 | other 0 | fallback no 
2026/64143__Thorpe                 current  groups  5 | building 4 | ground 1 | other 0 | fallback no 
2026/64322__Walsh                  current  groups  4 | building 2 | ground 1 | other 1 | fallback no 
2026/64348__Mathison               current  groups  3 | building 2 | ground 1 | other 0 | fallback no 

DETAIL - 2026/3047__Doous (D37):
{
 "id": "2026/3047__Doous",
 "urls": 14,
 "orbit": 1,
 "unmatched": 0,
 "kind": "current",
 "groups": 7,
 "building": [
  "ValeVision__MainBuildingModel__ProposedDoors",
  "ValeVision__MainBuildingModel__ProposedFloors",
  "ValeVision__MainBuildingModel__ProposedRoofs",
  "ValeVision__MainBuildingModel__ProposedWalls",
  "ValeVision__MainBuildingModel__ProposedWindows"
 ],
 "ground": [
  "ValeVision__LandscapeEnvironment"
 ],
 "ignore": [],
 "other": [
  "ValeVision__SiteBoundaries"
 ],
 "usedFallback": false
}

DETAIL - first legacy (older) export: 2026/60834__Clough
{
 "id": "2026/60834__Clough",
 "urls": 4,
 "orbit": 0,
 "unmatched": 0,
 "kind": "legacy",
 "groups": 1,
 "building": [],
 "ground": [],
 "ignore": [],
 "other": [
  "ValeVision__LegacyModel"
 ],
 "usedFallback": true
}

DETAIL - first storey export: 2026/62609__Bagot
{
 "id": "2026/62609__Bagot",
 "urls": 13,
 "orbit": 1,
 "unmatched": 0,
 "kind": "storey",
 "groups": 6,
 "building": [
  "Storey__GroundFloor__ProposedDoors",
  "Storey__GroundFloor__ProposedFloors",
  "Storey__GroundFloor__ProposedRoofs",
  "Storey__GroundFloor__ProposedWalls",
  "Storey__GroundFloor__ProposedWindows"
 ],
 "ground": [
  "ValeVision__LandscapeEnvironment"
 ],
 "ignore": [],
 "other": [],
 "usedFallback": false
}

Projects whose planes would size from the fallback (no building group): 1
   2026/60834__Clough legacy groups: ValeVision__LegacyModel

Projects with no ground group (vertical planes stand on the building foot + lift): 1
