[1] the landed editor, its row builders and the drawing core link and evaluate
  PASS editor links through the import map with every real import; its three exports are TrueVision's
[2] Initialize as index.html does
  PASS Initialize({ modelRoot, camera, showToast }) true; the menu item is revealed
[3] the panel: + and Ground Floor in the head, no Save anywhere, Bake Missing in the foot
  PASS head = title, "+ Ground Floor", square +; foot = + Add Floor Plan, Seed From Model Storeys, Bake Missing Thumbnails; no Save Floor Plans, no Save Thumbnail (TV s.2 items 1, 6, 9; D11)
[4] Ground Floor: added at floor level 0, saved at once, its row opened, its card baked
[ValeVision3D] Enabled the "Floor Plans" scene group for the new floor plan.
[ValeVision3D] 1 thumbnail baked and saved.
  PASS "Ground Floor Plan" at floor level 0 with its card; one save (R2 + local) holding it; its row is the open one and a clean draft (TV s.2 item 9; D11)
  PASS its card was baked: opened, captured (Scene_009), put back, and the run saved once through SaveBlock (v2.46.0 seam)
[ValeVision3D] 1 thumbnail baked and saved.
  PASS the + adds "Floor Plan 2" and opens it; the Ground Floor row folds - one row open at a time (TV s.2 item 7)
[5] the open row reads as TrueVision's, with the Advanced fold holding the style rows
  PASS row: captions ["Cut plane in the 3D view","Floor level"]; actions ["Preview","Annotate","Update Floor Plan","Revert"] (Update and Revert asleep); Delete alone in the danger zone; Advanced holds 4 style toggles + Exclude (TV s.2 items 1, 8; D33)
[6] an edit lights NOT UPDATED; the live cut goes through the SectionAdapter
  PASS cut above floor 1200 -> 1500 mm: NOT UPDATED on that row only; Update and Revert awake (TV s.2 item 5)
  PASS previewing: ON SCREEN chip; the floor level slider recuts live then exactly, through Na__DrawView__SectionAdapter__SetPlaneHeightMm (2 calls, last at 1600 mm) (DIV-2 seam)
[7] Save Sheets (any Na__DrawData__Save) while the row is changed writes it as last updated
[ValeVision3D] "Ground Floor Plan" has changes that have not been updated - this save wrote it as it was last updated.
  PASS another panel's save wrote cut 1200 / floor 0 (last updated) to R2 and local while the row shows 1500 / 100 (TV s.2 item 16, payload guard)
[8] Update: the dialog names what changed and the sheets drawn from it
  PASS dialog: ["Floor level: 0 mm becomes 100 mm.","Cut above floor: 1 200 mm becomes 1 500 mm.","The cut moves 400 mm up, from 1 200 mm to 1 600 mm.","Framing and thumbnail: recaptured from the preview on screen."]; footnote names the sheet: "1 viewport on D01 - Ground Floor Plan is drawn from this floor plan. They will b..."; red, because it moves a drawing a sheet draws from (TV s.2 item 2)
  PASS confirmed: linework baked first (D20), then ONE save (R2 + local) carrying 1500 / 100, the card re-captured, NOT UPDATED cleared, toast says where it landed (TV s.2 items 3, 4)
[9] Revert puts the record back in place and writes nothing
  PASS view depth 3000 -> Revert (asked, listing "View depth: full becomes 3000 mm."): the same record object is back at its last-updated state, nothing written (TV s.2 item 5)
[10] leaving a changed row asks: Keep Editing stays, Discard puts it back
  PASS opening another row with a changed name asked (Keep Editing kept it), closing the panel asked and stayed open, Discard put the name back and moved on (TV s.2 item 16 "leave prompt")
[11] the Advanced fold's style toggles are draft edits, re-applied live on screen
  PASS Whitecard toggled on the plan on screen: Na__FloorPlanMode__ApplyStyles ran, NOT UPDATED lit, Update would say "Drawing styles have changed."; Revert cleared it (D33 seam)
[12] Update is refused while a thumbnail bake is running
[ValeVision3D] 1 thumbnail baked and saved.
  PASS pressed during a bake: refused with a toast, no dialog; after the bake the row reverts cleanly
[13] Let clients measure saves at once; Delete asks, names the sheet and saves
  PASS ticking "Let clients measure" saved at once (SaveBlock)
  PASS Delete asked (naming D01), removed the plan and its card, and saved (TV s.2 item 8)
  PASS no TrueVision / Noble Architecture / NaProjectPortal text in any toast, dialog or panel string shown

19 checks, ALL PASSED; R2 writes recorded 8, local 8, captures 4
