
0. LINK
  PASS  0.1 the DepthFog leaf links in Node and exports exactly TrueVision's one name
  PASS  0.2 TiledRenderer exports unchanged (RenderToCanvas + the TilePlan pair)
  PASS  0.3 the route is generic: TiledRenderer's imports are unchanged (no 49, no Layout Editor import)

1. VIEWPORT 2D DEPTH FOG LEAF
  PASS  1.1 null for no viewport / no described / no definition
  PASS  1.2 null when the viewport's Depth Fog row is unticked (styles.depthFog === false)
  PASS  1.3 null for a drawing that is not an elevation (a floor plan: no source.elevation)
  PASS  1.4 null for an elevation whose fog is off (every record's default)
  PASS  1.5 fog on: { token, source } with TrueVision's token (fog maths token @ plane distance : normal x : normal z)
  PASS  1.6 a viewport with no depthFog key reads as ON (same answer)
  PASS  1.7 the source holds the values AS READ: the record edited afterwards does not move it
  PASS  1.8 ...and a fresh ask after the edit answers a new token (the fog image's key moves with its picture)
  PASS  1.9 the token moves with the plane
  PASS  1.10 the system switch is read (Na__ElevFogCfg__IsEnabled true with the shipped 49 config)
  PASS  1.11 the leaf source is TrueVision's with the banner and PORT NOTE only (see port_w2_12.py --check for the byte proof)

2. RENDER COMPOSITES CONFIG
  PASS  2.1 the live config lists Depth Fog first (Order 5): a 2D-only toggle with no weight
  PASS  2.2 every other row is exactly as before, in the same order
  PASS  2.3 the config row agrees with RenderComposites 1.3.0's built-in fallback row (W2-09 F4)
  PASS  2.4 ToggleRows gains depthFog first; WeightRows unchanged (the row carries no weight)
  PASS  2.5 RasterToken (2D and 3D) and Token are identical for every viewport: no render key moves, no sheet re-bakes
  PASS  2.6 Weight and IsOverridden answer as before for every row and viewport
  PASS  2.7 Row(depthFog) was null before (config fetched) and is the toggle row now
  PASS  2.8 the config Meta is 1.4.0 with Meta__DepthFog after Meta__EnhanceStrength

3. TILED RENDERER
  PASS  3A.1 without renderFrame, 2D drawing, fog on, 1 sample: call-for-call, tile-for-tile the pre-image exporter
  PASS  3A.2 without renderFrame, 2D drawing, fog on, 4 samples: call-for-call, tile-for-tile the pre-image exporter
  PASS  3A.3 without renderFrame, 2D drawing, fog off (a sheet bake): call-for-call, tile-for-tile the pre-image exporter
  PASS  3A.4 without renderFrame, 2D drawing, no fog source, 8 samples: call-for-call, tile-for-tile the pre-image exporter
  PASS  3A.5 without renderFrame, 3D view, 1 sample: call-for-call, tile-for-tile the pre-image exporter
  PASS  3A.6 without renderFrame, 3D view, 4 samples: call-for-call, tile-for-tile the pre-image exporter
  PASS  3A.7 without renderFrame, 2D drawing, no pipeline (plain render): call-for-call, tile-for-tile the pre-image exporter
  PASS  3A.8 renderFrame = null is not a function: the composer route, as before
  PASS  3A.9 renderFrame = "renderFrame" is not a function: the composer route, as before
  PASS  3A.10 renderFrame = {} is not a function: the composer route, as before
  PASS  3A.11 renderFrame = 42 is not a function: the composer route, as before
  PASS  3B.1 one frame routine call per tile, drawn straight onto the canvas
  PASS  3B.2 the composer draws nothing, no section overlay, no per-tile depth fog on this route
  PASS  3B.3 the routine is handed the 2D drawing's own camera (the overrides' ortho), offset per tile
  PASS  3B.4 registration: the same tiles, the same copy rectangles and the same per-tile projections as the picture
  PASS  3B.5 every buffer is sized and handed back exactly as for the picture (composer, profile, FXAA, renderer)
  PASS  3B.6 state handed back: target, size, ratio, shadow auto-update, composer to-screen, FXAA, no view offset, projection
  PASS  3B.7 the result reports one sample and the export size
  PASS  3C.1 per tile: four frames, each into the supersampler's own SAMPLE TARGET, each accumulated, then one present onto the canvas
  PASS  3C.2 the composer is never asked, nor its read buffer: no composer.render, no section overlay, no per-tile fog
  PASS  3C.3 the composer stays drawing to the screen and FXAA stays on throughout (this route leaves both alone)
  PASS  3C.4 each of a tile's four samples is jittered (four different projections), and the projection is handed back
  PASS  3C.5 registration: the same tiles and copy rectangles as the supersampled picture
  PASS  3C.6 state handed back (target, size, ratio, shadow auto-update, to-screen, FXAA, view offset)
  PASS  3C.7 the result reports four samples
  PASS  3C.8 a frame routine that draws nothing still yields a clean run (present per tile, state back)
  PASS  3D.1 RenderLayerFrame through the route: per tile a depth pre-pass and one OWN-LAYER quad onto the canvas, nothing else
  PASS  3D.2 the own-layer mode clears its target first (the fog alone on a transparent ground)
  PASS  3D.3 supersampled: the fog quad lands in the sample target four times per tile, presented once
  PASS  3D.4 with no fog source the routine draws no fog quad (an empty, transparent image)
  PASS  3E.1 a throwing routine (1 sample): rejects with its error and restores target, size, ratio, shadow, view offset
  PASS  3E.4 a throwing routine (4 samples): rejects with its error and restores target, size, ratio, shadow, view offset
  PASS  3F.1 no pipeline: the route still draws one frame per tile onto the canvas
  PASS  3F.2 no pipeline, supersampled: the route still supersamples through its own sample target
  PASS  3F.3 a 3D camera through the route: the main camera, per tile, no composer

57/57 passed
