
0. LINK
  PASS  0.1 RenderLayer exports exactly TrueVision's seven names
  PASS  0.2 DevMenu Row exports exactly Na__ElevFogRow__Build
  PASS  0.3 RenderPreset keeps its eight exports
  PASS  0.4 TiledRenderer exports RenderToCanvas and the TilePlan pair, no Na__StaticExport__ wrapper (F.8 C26)
  PASS  0.5 the re-exports ARE the planner's functions (TV :541-542)
  PASS  0.6 the old wrappers answered the same as the re-exports (nothing a caller could notice)
  PASS  0.7 the elevation ModeController links with the fog import (Node load)

1. RENDER LAYER
  PASS  1.1 RenderOverlay before Initialise draws nothing
  PASS  1.2 Initialise({ renderer, scene })
  PASS  1.3 no source: false and not one renderer call
  PASS  1.4 SetSource answers the source it replaced (null)
  PASS  1.5 a drawing with its fog OFF: false, no draw, no clear, renderer state handed back
  PASS  1.6 fog ON, parallel camera: depth pre-pass of the scene into its own target, then ONE source-over quad onto the canvas
  PASS  1.7 the depth pre-pass and the fog read the camera they were given
  PASS  1.8 the glass lent a depth write for the pre-pass only
  PASS  1.9 renderer state handed back (target, autoClear, clear colour and alpha, shadow auto-update)
  PASS  1.10 no clear of the canvas in the over-picture mode
  PASS  1.11 a perspective camera gets no fog: false, no scene render, no quad
  PASS  1.12 ...and says so once, with the ValeVision3D prefix
  INFO  1.12b a perspective camera EXACTLY along the plane normal passes the TrueVision five-sample parallel test (Maths SolveAffineDepth samples depth only at s = 0 and 1) - TrueVision behaviour, ported verbatim; in ValeVision no perspective camera reaches the layer (see 2.12)
  PASS  1.13 a source that throws: false, nothing drawn, ValeVision3D warning
  PASS  1.14 SetSource(null) clears it and answers the one it replaced
  PASS  1.15 the adapter call is reached (TV :476 position) without a 41 import: the module source imports only 40 for sections

2. RENDER PRESET
  PASS  2.1 fog source null: the new frame is call-for-call the old frame
  PASS  2.2 a drawing with its fog OFF: call-for-call the old frame (byte-identical by construction)
  PASS  2.3 ...which is composer then section overlay, nothing between
  PASS  2.4 fog ON: composer, THEN the fog (depth pre-pass + quad onto the canvas), THEN the section overlay - poche on top
  PASS  2.5 one fog draw per frame (DIV-1 single call; no second draw for the thumbnail)
  PASS  2.6 the fog and the overlay both draw through the drawing camera
  PASS  2.7 no composer yet (plain render): plain render, fog, overlay
  PASS  2.8 a perspective camera handed to RenderFrame gets no fog
  PASS  2.9 GetExportOverrides carries renderDepthFog beside VV's four members
  PASS  2.10 renderDepthFog(tileCamera): fog only (no overlay, no composer), through the tile camera
  PASS  2.11 renderDepthFog with the fog off draws nothing
  PASS  2.12 the only callers are the RenderPreset RenderFrame and its renderDepthFog member (both the drawing camera or a tile of it; no 3D-branch or loading-sequence call, DIV-1)

3. TILED RENDERER
  PASS  3.1 a 5000 x 3000 drawing export runs several tiles
  PASS  3.2 one section overlay per tile (drawn once, not twice)
  PASS  3.3 every tile: composer, then the fog, then the overlay
  PASS  3.4 supersampled (4): four composer samples, the average presented, THEN the fog, then the overlay - per tile
  PASS  3.5 fog OFF: the export is call-for-call the old exporter with the old preset (byte-identical)
  PASS  3.6 no fog source: identical to fog off
  PASS  3.7 fog OFF, supersampled: call-for-call the old exporter
  PASS  3.8 a 3D export never draws the fog, even with a fogged elevation's source set
  PASS  3.9 ...and is call-for-call the old 3D export

4. MODE CONTROLLER (static)
  PASS  4.1 RegisterDrawingView sets the source: closures over GetDepthFog / GetDepthFogPlane of the live record
  PASS  4.2 ExitElevation clears it straight after the view is cleared (TV :643-644)
  PASS  4.3 exactly two SetSource calls in the file (TV has two)
  PASS  4.4 the PlanDim getter comes from ConfigState__ (F.8 C24), not Data__

47/47 passed
