ValeVision3D - port notes, module logs and release placeholders
  app root : D:\10_CoreLib__ValeCodebase\WebApps\ValeVision3D
  checked  : 10 named file(s) - 10 PORT NOTE(s), 10 DEVELOPMENT LOG(s)
  baseline : Na__Verify__ParityBaseline__.json - 139 file(s) recorded 2026-10-01; 0 still as recorded, 1 since rewritten (their full checks apply)

  PENDING  10 release placeholder(s) in 10 file(s), for the wave's Parity Scribe: W1-20 x10

  WATERMARK  TrueVision D:\11_RefLib__StudioRepository__RemoteSystem\NaWeb\na-apps\30__TrueVision__CoreAppCode at b2aa9151 (git)
  The TrueVision DEVELOPMENT LOG entries dated after this app's newest log entry (the S11 c.1 rule; same-day entries are not flagged), under 02__Src__AppModules/51__System__LayoutEditor/07__Core__SheetData:
    02__Src__AppModules/51__System__LayoutEditor/07__Core__SheetData/Na__LayoutEditor__SheetModel__State__.js
        this app 21-Sep-2026 | TrueVision 1.2.0 | after: -
    02__Src__AppModules/51__System__LayoutEditor/07__Core__SheetData/Na__LayoutEditor__SheetModel__Layers__.js
        this app 21-Sep-2026 | TrueVision 1.4.0 | after: -
    02__Src__AppModules/51__System__LayoutEditor/07__Core__SheetData/Na__LayoutEditor__SheetModel__Shapes__.js
        this app 22-Sep-2026 | TrueVision 1.6.0 | after: -
    02__Src__AppModules/51__System__LayoutEditor/07__Core__SheetData/Na__LayoutEditor__SheetModel__Viewports__.js
        this app 22-Sep-2026 | TrueVision 1.4.0 | after: -
    02__Src__AppModules/51__System__LayoutEditor/07__Core__SheetData/Na__LayoutEditor__SheetModel__TextAndDimensions__.js
        this app 22-Sep-2026 | TrueVision 1.2.0 | after: -
    02__Src__AppModules/51__System__LayoutEditor/07__Core__SheetData/Na__LayoutEditor__SheetModel__Leaders__.js
        this app 22-Sep-2026 | TrueVision 1.2.0 | after: -
    02__Src__AppModules/51__System__LayoutEditor/07__Core__SheetData/Na__LayoutEditor__SheetModel__Groups__.js
        this app 22-Sep-2026 | TrueVision 1.3.0 | after: -
    02__Src__AppModules/51__System__LayoutEditor/07__Core__SheetData/Na__LayoutEditor__SheetModel__AreaGroups__.js
        this app 21-Sep-2026 | TrueVision 1.0.0 | after: -
    02__Src__AppModules/51__System__LayoutEditor/07__Core__SheetData/Na__LayoutEditor__SheetModel__DrawOrder__.js
        this app 15-Sep-2026 | TrueVision 1.0.0 | after: -
    02__Src__AppModules/51__System__LayoutEditor/07__Core__SheetData/Na__LayoutEditor__SheetModel__Common__.js
        this app 19-Sep-2026 | TrueVision 1.0.0 | after: -

  RESULT: PASS (0 fail, 0 warn, 10 pending)
