  PASS  0.1 both copies initialise
  PASS  0.2 the new copy exports exactly the old copy's 11 names (no TrueVision3D-only SetModelEdgeWidth pair)
  PASS  0.3 the design-phase library is uninitialised (nothing live but the live model)
  PASS  A1 [author 2 px] 2D plan, no weights, no styles: same result
  PASS  A1 [author 2 px] 2D plan, no weights, no styles: same calls in the same order (line-width clears aside)
  PASS  A1 [author 2 px] 2D plan, no weights, no styles: same line-width clears
  PASS  A1 [author 2 px] 2D plan, no weights, no styles: the picture is drawn with exactly the same state
  PASS  A1 [author 2 px] 2D plan, no weights, no styles: the same end state
  PASS  A1 [author 2 px] 2D plan, no weights, no styles: the author's sections are back
  PASS  A1 [author 2 px] 2D plan, no weights, no styles: no extra profile-line cache drop (no design phase staged)
  PASS  A2 [author 2 px] 2D elevation, Enhance, all three widths, context off, a Model Layers hide: same result
  PASS  A2 [author 2 px] 2D elevation, Enhance, all three widths, context off, a Model Layers hide: same calls in the same order (line-width clears aside)
  PASS  A2 [author 2 px] 2D elevation, Enhance, all three widths, context off, a Model Layers hide: same line-width clears
  PASS  A2 [author 2 px] 2D elevation, Enhance, all three widths, context off, a Model Layers hide: the picture is drawn with exactly the same state
  PASS  A2 [author 2 px] 2D elevation, Enhance, all three widths, context off, a Model Layers hide: the same end state
  PASS  A2 [author 2 px] 2D elevation, Enhance, all three widths, context off, a Model Layers hide: the author's sections are back
  PASS  A2 [author 2 px] 2D elevation, Enhance, all three widths, context off, a Model Layers hide: no extra profile-line cache drop (no design phase staged)
  PASS  A3 [author 2 px] 2D section cut, section weight only, 4x AA: same result
  PASS  A3 [author 2 px] 2D section cut, section weight only, 4x AA: same calls in the same order (line-width clears aside)
  PASS  A3 [author 2 px] 2D section cut, section weight only, 4x AA: same line-width clears
  PASS  A3 [author 2 px] 2D section cut, section weight only, 4x AA: the picture is drawn with exactly the same state
  PASS  A3 [author 2 px] 2D section cut, section weight only, 4x AA: the same end state
  PASS  A3 [author 2 px] 2D section cut, section weight only, 4x AA: the author's sections are back
  PASS  A3 [author 2 px] 2D section cut, section weight only, 4x AA: no extra profile-line cache drop (no design phase staged)
  PASS  A4 [author 2 px] 2D plan whose render throws: same result
  PASS  A4 [author 2 px] 2D plan whose render throws: same calls in the same order (line-width clears aside)
  PASS  A4 [author 2 px] 2D plan whose render throws: same line-width clears
  PASS  A4 [author 2 px] 2D plan whose render throws: the picture is drawn with exactly the same state
  PASS  A4 [author 2 px] 2D plan whose render throws: the same end state
  PASS  A4 [author 2 px] 2D plan whose render throws: the author's sections are back
  PASS  A4 [author 2 px] 2D plan whose render throws: no extra profile-line cache drop (no design phase staged)
  PASS  A5 [author 2 px] 2D plan nobody wants any more: same result
  PASS  A5 [author 2 px] 2D plan nobody wants any more: same calls in the same order (line-width clears aside)
  PASS  A5 [author 2 px] 2D plan nobody wants any more: same line-width clears
  PASS  A5 [author 2 px] 2D plan nobody wants any more: the picture is drawn with exactly the same state
  PASS  A5 [author 2 px] 2D plan nobody wants any more: the same end state
  PASS  A5 [author 2 px] 2D plan nobody wants any more: the author's sections are back
  PASS  A5 [author 2 px] 2D plan nobody wants any more: no extra profile-line cache drop (no design phase staged)
  PASS  A6 [author 2 px] 2D elevation with the 3D suspension already on: same result
  PASS  A6 [author 2 px] 2D elevation with the 3D suspension already on: same calls in the same order (line-width clears aside)
  PASS  A6 [author 2 px] 2D elevation with the 3D suspension already on: same line-width clears
  PASS  A6 [author 2 px] 2D elevation with the 3D suspension already on: the picture is drawn with exactly the same state
  PASS  A6 [author 2 px] 2D elevation with the 3D suspension already on: the same end state
  PASS  A6 [author 2 px] 2D elevation with the 3D suspension already on: the author's sections are back
  PASS  A6 [author 2 px] 2D elevation with the 3D suspension already on: no extra profile-line cache drop (no design phase staged)
  PASS  A7 [author 2 px] 3D scene, Enhance, edge weight, profile off, view window, Model Layers: same result
  PASS  A7 [author 2 px] 3D scene, Enhance, edge weight, profile off, view window, Model Layers: same calls in the same order (line-width clears aside)
  PASS  A7 [author 2 px] 3D scene, Enhance, edge weight, profile off, view window, Model Layers: same line-width clears
  PASS  A7 [author 2 px] 3D scene, Enhance, edge weight, profile off, view window, Model Layers: the picture is drawn with exactly the same state
  PASS  A7 [author 2 px] 3D scene, Enhance, edge weight, profile off, view window, Model Layers: the same end state
  PASS  A7 [author 2 px] 3D scene, Enhance, edge weight, profile off, view window, Model Layers: the author's sections are back
  PASS  A7 [author 2 px] 3D scene, Enhance, edge weight, profile off, view window, Model Layers: no extra profile-line cache drop (no design phase staged)
  PASS  A8 [author 2 px] 3D scene, no weights, pass off before: same result
  PASS  A8 [author 2 px] 3D scene, no weights, pass off before: same calls in the same order (line-width clears aside)
  PASS  A8 [author 2 px] 3D scene, no weights, pass off before: same line-width clears
  PASS  A8 [author 2 px] 3D scene, no weights, pass off before: the picture is drawn with exactly the same state
  PASS  A8 [author 2 px] 3D scene, no weights, pass off before: the same end state
  PASS  A8 [author 2 px] 3D scene, no weights, pass off before: the author's sections are back
  PASS  A8 [author 2 px] 3D scene, no weights, pass off before: no extra profile-line cache drop (no design phase staged)
  PASS  A9 [author 2 px] 3D scene whose render throws: same result
  PASS  A9 [author 2 px] 3D scene whose render throws: same calls in the same order (line-width clears aside)
  PASS  A9 [author 2 px] 3D scene whose render throws: same line-width clears
  PASS  A9 [author 2 px] 3D scene whose render throws: the picture is drawn with exactly the same state
  PASS  A9 [author 2 px] 3D scene whose render throws: the same end state
  PASS  A9 [author 2 px] 3D scene whose render throws: the author's sections are back
  PASS  A9 [author 2 px] 3D scene whose render throws: no extra profile-line cache drop (no design phase staged)
  PASS  A10 [author 2 px] 3D scene nobody wants any more: same result
  PASS  A10 [author 2 px] 3D scene nobody wants any more: same calls in the same order (line-width clears aside)
  PASS  A10 [author 2 px] 3D scene nobody wants any more: same line-width clears
  PASS  A10 [author 2 px] 3D scene nobody wants any more: the picture is drawn with exactly the same state
  PASS  A10 [author 2 px] 3D scene nobody wants any more: the same end state
  PASS  A10 [author 2 px] 3D scene nobody wants any more: the author's sections are back
  PASS  A10 [author 2 px] 3D scene nobody wants any more: no extra profile-line cache drop (no design phase staged)
  PASS  A1 [author 3.5 px] 2D plan, no weights, no styles: same result
  PASS  A1 [author 3.5 px] 2D plan, no weights, no styles: same calls in the same order (line-width clears aside)
  PASS  A1 [author 3.5 px] 2D plan, no weights, no styles: same line-width clears
  PASS  A1 [author 3.5 px] 2D plan, no weights, no styles: the picture is drawn with exactly the same state
  PASS  A1 [author 3.5 px] 2D plan, no weights, no styles: the same end state
  PASS  A1 [author 3.5 px] 2D plan, no weights, no styles: the author's sections are back
  PASS  A1 [author 3.5 px] 2D plan, no weights, no styles: no extra profile-line cache drop (no design phase staged)
  PASS  A2 [author 3.5 px] 2D elevation, Enhance, all three widths, context off, a Model Layers hide: same result
  PASS  A2 [author 3.5 px] 2D elevation, Enhance, all three widths, context off, a Model Layers hide: same calls in the same order (line-width clears aside)
  PASS  A2 [author 3.5 px] 2D elevation, Enhance, all three widths, context off, a Model Layers hide: same line-width clears
  PASS  A2 [author 3.5 px] 2D elevation, Enhance, all three widths, context off, a Model Layers hide: the picture is drawn with exactly the same state
  PASS  A2 [author 3.5 px] 2D elevation, Enhance, all three widths, context off, a Model Layers hide: the same end state but the outline width
  PASS  A2 [author 3.5 px] 2D elevation, Enhance, all three widths, context off, a Model Layers hide: the author's own width comes back (new), where the old order left the drawing's
  PASS  A2 [author 3.5 px] 2D elevation, Enhance, all three widths, context off, a Model Layers hide: the author's sections are back
  PASS  A2 [author 3.5 px] 2D elevation, Enhance, all three widths, context off, a Model Layers hide: no extra profile-line cache drop (no design phase staged)
  PASS  A3 [author 3.5 px] 2D section cut, section weight only, 4x AA: same result
  PASS  A3 [author 3.5 px] 2D section cut, section weight only, 4x AA: same calls in the same order (line-width clears aside)
  PASS  A3 [author 3.5 px] 2D section cut, section weight only, 4x AA: same line-width clears
  PASS  A3 [author 3.5 px] 2D section cut, section weight only, 4x AA: the picture is drawn with exactly the same state
  PASS  A3 [author 3.5 px] 2D section cut, section weight only, 4x AA: the same end state but the outline width
  PASS  A3 [author 3.5 px] 2D section cut, section weight only, 4x AA: the author's own width comes back (new), where the old order left the drawing's
  PASS  A3 [author 3.5 px] 2D section cut, section weight only, 4x AA: the author's sections are back
  PASS  A3 [author 3.5 px] 2D section cut, section weight only, 4x AA: no extra profile-line cache drop (no design phase staged)
  PASS  A4 [author 3.5 px] 2D plan whose render throws: same result
  PASS  A4 [author 3.5 px] 2D plan whose render throws: same calls in the same order (line-width clears aside)
  PASS  A4 [author 3.5 px] 2D plan whose render throws: same line-width clears
  PASS  A4 [author 3.5 px] 2D plan whose render throws: the picture is drawn with exactly the same state
  PASS  A4 [author 3.5 px] 2D plan whose render throws: the same end state but the outline width
  PASS  A4 [author 3.5 px] 2D plan whose render throws: the author's own width comes back (new), where the old order left the drawing's
  PASS  A4 [author 3.5 px] 2D plan whose render throws: the author's sections are back
  PASS  A4 [author 3.5 px] 2D plan whose render throws: no extra profile-line cache drop (no design phase staged)
  PASS  A5 [author 3.5 px] 2D plan nobody wants any more: same result
  PASS  A5 [author 3.5 px] 2D plan nobody wants any more: same calls in the same order (line-width clears aside)
  PASS  A5 [author 3.5 px] 2D plan nobody wants any more: same line-width clears
  PASS  A5 [author 3.5 px] 2D plan nobody wants any more: the picture is drawn with exactly the same state
  PASS  A5 [author 3.5 px] 2D plan nobody wants any more: the same end state
  PASS  A5 [author 3.5 px] 2D plan nobody wants any more: the author's sections are back
  PASS  A5 [author 3.5 px] 2D plan nobody wants any more: no extra profile-line cache drop (no design phase staged)
  PASS  A6 [author 3.5 px] 2D elevation with the 3D suspension already on: same result
  PASS  A6 [author 3.5 px] 2D elevation with the 3D suspension already on: same calls in the same order (line-width clears aside)
  PASS  A6 [author 3.5 px] 2D elevation with the 3D suspension already on: same line-width clears
  PASS  A6 [author 3.5 px] 2D elevation with the 3D suspension already on: the picture is drawn with exactly the same state
  PASS  A6 [author 3.5 px] 2D elevation with the 3D suspension already on: the same end state but the outline width
  PASS  A6 [author 3.5 px] 2D elevation with the 3D suspension already on: the author's own width comes back (new), where the old order left the drawing's
  PASS  A6 [author 3.5 px] 2D elevation with the 3D suspension already on: the author's sections are back
  PASS  A6 [author 3.5 px] 2D elevation with the 3D suspension already on: no extra profile-line cache drop (no design phase staged)
  PASS  A7 [author 3.5 px] 3D scene, Enhance, edge weight, profile off, view window, Model Layers: same result
  PASS  A7 [author 3.5 px] 3D scene, Enhance, edge weight, profile off, view window, Model Layers: same calls in the same order (line-width clears aside)
  PASS  A7 [author 3.5 px] 3D scene, Enhance, edge weight, profile off, view window, Model Layers: same line-width clears
  PASS  A7 [author 3.5 px] 3D scene, Enhance, edge weight, profile off, view window, Model Layers: the picture is drawn with exactly the same state
  PASS  A7 [author 3.5 px] 3D scene, Enhance, edge weight, profile off, view window, Model Layers: the same end state
  PASS  A7 [author 3.5 px] 3D scene, Enhance, edge weight, profile off, view window, Model Layers: the author's sections are back
  PASS  A7 [author 3.5 px] 3D scene, Enhance, edge weight, profile off, view window, Model Layers: no extra profile-line cache drop (no design phase staged)
  PASS  A8 [author 3.5 px] 3D scene, no weights, pass off before: same result
  PASS  A8 [author 3.5 px] 3D scene, no weights, pass off before: same calls in the same order (line-width clears aside)
  PASS  A8 [author 3.5 px] 3D scene, no weights, pass off before: same line-width clears
  PASS  A8 [author 3.5 px] 3D scene, no weights, pass off before: the picture is drawn with exactly the same state
  PASS  A8 [author 3.5 px] 3D scene, no weights, pass off before: the same end state
  PASS  A8 [author 3.5 px] 3D scene, no weights, pass off before: the author's sections are back
  PASS  A8 [author 3.5 px] 3D scene, no weights, pass off before: no extra profile-line cache drop (no design phase staged)
  PASS  A9 [author 3.5 px] 3D scene whose render throws: same result
  PASS  A9 [author 3.5 px] 3D scene whose render throws: same calls in the same order (line-width clears aside)
  PASS  A9 [author 3.5 px] 3D scene whose render throws: same line-width clears
  PASS  A9 [author 3.5 px] 3D scene whose render throws: the picture is drawn with exactly the same state
  PASS  A9 [author 3.5 px] 3D scene whose render throws: the same end state
  PASS  A9 [author 3.5 px] 3D scene whose render throws: the author's sections are back
  PASS  A9 [author 3.5 px] 3D scene whose render throws: no extra profile-line cache drop (no design phase staged)
  PASS  A10 [author 3.5 px] 3D scene nobody wants any more: same result
  PASS  A10 [author 3.5 px] 3D scene nobody wants any more: same calls in the same order (line-width clears aside)
  PASS  A10 [author 3.5 px] 3D scene nobody wants any more: same line-width clears
  PASS  A10 [author 3.5 px] 3D scene nobody wants any more: the picture is drawn with exactly the same state
  PASS  A10 [author 3.5 px] 3D scene nobody wants any more: the same end state
  PASS  A10 [author 3.5 px] 3D scene nobody wants any more: the author's sections are back
  PASS  A10 [author 3.5 px] 3D scene nobody wants any more: no extra profile-line cache drop (no design phase staged)
  PASS  A.F GetModelFingerprint() answers as before
  PASS  A.F GetModelFingerprint(null) answers as before
  PASS  A.F GetModelFingerprint(undefined) answers as before
  PASS  A.F GetPipelineFingerprint() answers as before
  PASS  A.F GetPipelineFingerprint(null) answers as before
  PASS  A.F GetModelRoot() answers as before
  PASS  A.F GetModelRoot(null) answers as before
  PASS  A.F the fingerprints are cached as before (two model walks per copy, then none)
  PASS  A.F DrawingCentreMm answers as before (plan, elevation)
  PASS  A.F the queue event name is unchanged
  PASS  B1.0 (contrast) the OLD copy draws the underlay with the on-screen elevation's fog in the fog layer
  PASS  B1.1 the new copy draws the underlay with NO fog source (underlay unfogged)
  PASS  B1.2 ... and hands the on-screen elevation its fog back afterwards
  PASS  B1.3 ... borrowing it exactly once (null in, the old source back)
  PASS  B1.4 a failing underlay render still hands the fog source back
  PASS  B2.1 a depth fog source renders the fog image (no longer answered null)
  PASS  B2.2 ... through the tiled renderer's frame routine route, RenderLayerFrame per tile camera
  PASS  B2.3 ... with the viewport's fog source in the fog layer while it draws
  PASS  B2.4 ... through the same main camera and export overrides as the picture (DIV-1)
  PASS  B2.5 ... the same hides, widths and lighting as the picture
  PASS  B2.6 ... and no Enhance pass on a fog image
  PASS  B2.7 ... and the on-screen source is handed back
  PASS  B2.8 a failing fog image says so in ValeVision3D's prefix and answers null
  PASS  B3.1 Render2d hands Enhance the viewport's enhancePct (40)
  PASS  B3.2 Render3d hands Enhance the viewport's enhancePct (0)
  PASS  B3.3 no Enhance when the style is off, whatever the strength
  PASS  B4.1 Render2d hands LineworkSettings the edge width AND the rules
  PASS  B4.2 Render3d likewise
  PASS  B4.3 both clear the override (rules included) afterwards
  PASS  B4.4 rules without an edge width set nothing (as TrueVision3D: no width, no modifier pass)
  PASS  B4.5 Render2d clears the widths after the material and render presets exit (TrueVision3D :950-:952)
  PASS  B4.6 Render3d clears them after the material preset exits (TrueVision3D :1040-:1041)
  PASS  B5.1 a definition with a DoorPose stands the live model's doors at it, with the drawing's cut
  PASS  B5.2 ... before the cut is built and the picture is taken
  PASS  B5.3 ... and puts them back where the 3D view holds them afterwards
  PASS  B5.4 no DoorPose (every ValeVision3D caller today): the doors are never touched
  PASS  B5.5 a failing render still puts the doors back
  PASS  B6.1 a scene's own cut is what the 3D picture is drawn with (old and new alike)
  PASS  B6.2 the author's sections come back exactly after the 3D render, through the adapter
  PASS  B6.3 the drawing cut is drawn at the viewport's Section Outline weight (1.25 px)
  PASS  B6.4 the author's 3.5 px outline is theirs again afterwards (TrueVision3D's order)
  PASS  B6.5 the new copy imports nothing from a 41 folder
  PASS  B6.6 ... and no TrueVision3D-only module (ProfileLines, SectionCut engine)
  PASS  B6.7 the new copy has no TrueVision3D console prefix or banner
  PASS  B7.1 a named design phase that is not loaded draws nothing (null), never the wrong model
  PASS  B7.2 Render3d likewise
  PASS  B7.3 GetModelRoot: null / undefined is the live root, an unloaded phase null
  PASS  B7.4 fingerprints of an unloaded phase answer null
  PASS  B7.5 a phase-library "live" change resets the live fingerprints (OnPhaseChanged)
  PASS  B7.6 a "ready" for a phase that is not there reads nothing and throws nothing
  PASS  B8.1 Context Layer off: each LOADED context category, by exact key and silent
  PASS  B8.2 Model Layers: SetCategoryVisibleByKey(key, false), as TrueVision3D
  PASS  B8.3 every hide is put back from the one capture
  PASS  B9.0 TrueVision3D's list at the pin is the 7 keys (no silhouette)
  PASS  B9.1 every ValeVision3D category key loaded (42): the new copy hides exactly TrueVision3D's token set
  PASS  B9.2 (contrast) an export split by tag: the OLD copy left the existing walls and roofs in the picture
  PASS  B9.3 ... the new copy takes them out with the existing building, and never the proposal
  PASS  B9.4 3047__Doous's 7 loaded categories: old and new hide exactly the same set

  205/205 checks pass (live copy)
