ValeVision3D - port notes, module logs and release placeholders
  app root : D:\10_CoreLib__ValeCodebase\WebApps\ValeVision3D
  checked  : 7 named file(s) - 7 PORT NOTE(s), 7 DEVELOPMENT LOG(s)
  baseline : Na__Verify__ParityBaseline__.json - 139 file(s) recorded 2026-10-01; 0 still as recorded

  PENDING  14 release placeholder(s) in 7 file(s), for the wave's Parity Scribe: W1-23 x14
      02__Src__AppModules/51__System__LayoutEditor/20__System__Viewports/Na__LayoutEditor__Viewport2d__.js:58  {{VVREL:W1-23}}
      02__Src__AppModules/51__System__LayoutEditor/20__System__Viewports/Na__LayoutEditor__Viewport2d__.js:74  {{VVREL:W1-23}}
      02__Src__AppModules/51__System__LayoutEditor/20__System__Viewports/Na__LayoutEditor__Viewport2d__Frame__.js:50  {{VVREL:W1-23}}
      02__Src__AppModules/51__System__LayoutEditor/20__System__Viewports/Na__LayoutEditor__Viewport2d__Frame__.js:63  {{VVREL:W1-23}}
      02__Src__AppModules/51__System__LayoutEditor/20__System__Viewports/Na__LayoutEditor__Viewport2d__Linework__.js:43  {{VVREL:W1-23}}
      02__Src__AppModules/51__System__LayoutEditor/20__System__Viewports/Na__LayoutEditor__Viewport2d__Linework__.js:57  {{VVREL:W1-23}}
      02__Src__AppModules/51__System__LayoutEditor/20__System__Viewports/Na__LayoutEditor__Viewport2d__Window__.js:41  {{VVREL:W1-23}}
      02__Src__AppModules/51__System__LayoutEditor/20__System__Viewports/Na__LayoutEditor__Viewport2d__Window__.js:55  {{VVREL:W1-23}}
      02__Src__AppModules/51__System__LayoutEditor/20__System__Viewports/Na__LayoutEditor__Viewport3d__.js:49  {{VVREL:W1-23}}
      02__Src__AppModules/51__System__LayoutEditor/20__System__Viewports/Na__LayoutEditor__Viewport3d__.js:62  {{VVREL:W1-23}}
      02__Src__AppModules/51__System__LayoutEditor/25__System__RenderStyles/Na__LayoutEditor__SnapshotRenderer__.js:43  {{VVREL:W1-23}}
      02__Src__AppModules/51__System__LayoutEditor/25__System__RenderStyles/Na__LayoutEditor__SnapshotRenderer__.js:64  {{VVREL:W1-23}}
      02__Src__AppModules/51__System__LayoutEditor/60__Feature__PdfExport/Na__LayoutEditor__PdfExporter__.js:36  {{VVREL:W1-23}}
      02__Src__AppModules/51__System__LayoutEditor/60__Feature__PdfExport/Na__LayoutEditor__PdfExporter__.js:48  {{VVREL:W1-23}}

  RESULT: PASS (0 fail, 0 warn, 14 pending)
