ValeVision3D - port notes, module logs and release placeholders
  app root : D:\10_CoreLib__ValeCodebase\WebApps\ValeVision3D
  checked  : 7 named file(s) - 7 PORT NOTE(s), 7 DEVELOPMENT LOG(s)
  baseline : Na__Verify__ParityBaseline__.json - 139 file(s) recorded 2026-10-01; 0 still as recorded

  PENDING  14 release placeholder(s) in 7 file(s), for the wave's Parity Scribe: W1-23 x14

  WATERMARK  TrueVision D:\11_RefLib__StudioRepository__RemoteSystem\NaWeb\na-apps\30__TrueVision__CoreAppCode at b2aa9151 (git)
  The TrueVision DEVELOPMENT LOG entries dated after this app's newest log entry (the S11 c.1 rule; same-day entries are not flagged):
    02__Src__AppModules/51__System__LayoutEditor/20__System__Viewports/Na__LayoutEditor__Viewport2d__.js
        this app 01-Oct-2026 | TrueVision 1.16.0 | after: -
    02__Src__AppModules/51__System__LayoutEditor/20__System__Viewports/Na__LayoutEditor__Viewport2d__Frame__.js
        this app 01-Oct-2026 | TrueVision 1.4.0 | after: -
    02__Src__AppModules/51__System__LayoutEditor/20__System__Viewports/Na__LayoutEditor__Viewport2d__Linework__.js
        this app 01-Oct-2026 | TrueVision 1.2.0 | after: -
    02__Src__AppModules/51__System__LayoutEditor/20__System__Viewports/Na__LayoutEditor__Viewport2d__Window__.js
        this app 01-Oct-2026 | TrueVision 1.2.0 | after: -
    02__Src__AppModules/51__System__LayoutEditor/20__System__Viewports/Na__LayoutEditor__Viewport3d__.js
        this app 01-Oct-2026 | TrueVision 1.8.1 | after: -
    02__Src__AppModules/51__System__LayoutEditor/25__System__RenderStyles/Na__LayoutEditor__SnapshotRenderer__.js
        this app 01-Oct-2026 | TrueVision 1.13.0 | after: -
    02__Src__AppModules/51__System__LayoutEditor/60__Feature__PdfExport/Na__LayoutEditor__PdfExporter__.js
        this app 01-Oct-2026 | TrueVision 1.12.0 | after: -

  RESULT: PASS (0 fail, 0 warn, 14 pending)
