
  A. The mode controller: Page Up / Page Down, and the sheet keyboard started afresh
[ValeVision3D] Layout Editor ready (editable).
  FAIL  the mode controller listens for the PC controls' STEP_SHEET_EVENT once
        got  0
        want 1
  PASS  Page Down on the 3D Model tab (no drawing open) opens nothing
  FAIL  a drawing opened from the 3D view: every listener off, the key file re-read, every listener on, then the stage takes the keyboard
        got  ["pc-attach","touch-attach","tools-attach","grip-attach"]
        want ["grip-detach","tools-detach","touch-detach","pc-detach","reload-keys","pc-attach","touch-attach","tools-attach","grip-attach","take-keyboard"]
  FAIL  Page Down turns to the next drawing, through Enter (text on the paper committed first)
        got  ["S1",[]]
        want ["S2",["text-commit","surface:S2"]]
  PASS  one drawing to another keeps its keyboard as it is (no restart)
  FAIL  Page Down again: the third
        got  ["S1",[]]
        want ["S3",["text-commit","surface:S3"]]
  FAIL  Page Down at the last drawing stops there (an end, not a loop)
        got  ["S1",[]]
        want ["S3",[]]
  FAIL  Page Up turns back
        got  ["S1",[]]
        want ["S2",["text-commit","surface:S2"]]
  PASS  the specification over the sheet: its keyboard stands down
  FAIL  Page Down under the specification turns nothing
        got  ["S1",[]]
        want ["S2",[]]
  FAIL  back from the specification: the drawing tabs' keyboard started afresh, the stage takes the keyboard
        got  ["sheet",["pc-attach","touch-attach","tools-attach","grip-attach"]]
        want ["sheet",["grip-detach","tools-detach","touch-detach","pc-detach","reload-keys","pc-attach","touch-attach","tools-attach","grip-attach","take-keyboard"]]
  PASS  leaving for the 3D view lets every listener go
  PASS  and Page Down on the 3D Model tab is the mode controller's no more

  B. The PC controls: one wheel zoom a frame, a gesture step
  FAIL  five wheel events before a frame: one frame asked for, no zoom yet, every event taken from the page
        got  [0,5,true]
        want [1,0,true]
node : file:///D:/10_CoreLib__ValeCodebase/WebApps/ValeVision3D/ValeVision__AUDIT__TrueVisionParity__Evidence__/executi
on/scratch/W1-36/harness_w1_36.mjs:169
At line:1 char:429
+ ... tch\W1-36"; node harness_w1_36.mjs --live > harness__live_before.log  ...
+                 ~~~~~~~~~~~~~~~~~~~~~~~~~~~~~~~~~~~~~~~~~~~~~~~~~~~~~~~~~
    + CategoryInfo          : NotSpecified: (file:///D:/10_C...s_w1_36.mjs:169:String) [], RemoteException
    + FullyQualifiedErrorId : NativeCommandError
 
frames.shift()();
              ^

TypeError: frames.shift(...) is not a function
    at file:///D:/10_CoreLib__ValeCodebase/WebApps/ValeVision3D/ValeVision__AUDIT__TrueVisionParity__Evidence__/executi
on/scratch/W1-36/harness_w1_36.mjs:169:15

Node.js v22.23.2
