=== Na__LayoutEditor__VectorTools__OffsetTool__.js
diff --git a/ValeVision__AUDIT__TrueVisionParity__Evidence__/execution/scratch/W2-41/tv/02__Src__AppModules/51__System__LayoutEditor/37__System__VectorTools/Na__LayoutEditor__VectorTools__OffsetTool__.js b/02__Src__AppModules/51__System__LayoutEditor/37__System__VectorTools/Na__LayoutEditor__VectorTools__OffsetTool__.js
index c1ae0457..612f7d2c 100644
--- a/ValeVision__AUDIT__TrueVisionParity__Evidence__/execution/scratch/W2-41/tv/02__Src__AppModules/51__System__LayoutEditor/37__System__VectorTools/Na__LayoutEditor__VectorTools__OffsetTool__.js
+++ b/02__Src__AppModules/51__System__LayoutEditor/37__System__VectorTools/Na__LayoutEditor__VectorTools__OffsetTool__.js
@@ -2 +2 @@
-// TRUEVISION3D - LAYOUT EDITOR - VECTOR TOOLS - OFFSET, FILLET AND CHAMFER
+// VALEVISION3D - LAYOUT EDITOR - VECTOR TOOLS - OFFSET, FILLET AND CHAMFER
@@ -46,2 +46,8 @@
-// - Authored in   : TrueVision3D first (21-Sep-2026)
-// - ValeVision    : not yet ported - it waits for Adam's sign-off.
+// - Ported from   : TrueVision3D 02__Src__AppModules/51__System__LayoutEditor/37__System__VectorTools/Na__LayoutEditor__VectorTools__OffsetTool__.js
+// - Source version: 1.1.0 (TrueVision3D v2.150.0, 22-Sep-2026; 1.0.0 was v2.130.0, 21-Sep-2026;
+//                   read at b2aa9151)
+// - Ported on     : 02-Oct-2026 for ValeVision3D {{VVREL:W2-41}}
+// - Parity        : verbatim
+// - Divergences   :
+//   - Banner reads ValeVision3D. (No console output in this file.)
+// - Back-port     : none.
=== Na__LayoutEditor__VectorTools__BooleanTool__.js
diff --git a/ValeVision__AUDIT__TrueVisionParity__Evidence__/execution/scratch/W2-41/tv/02__Src__AppModules/51__System__LayoutEditor/37__System__VectorTools/Na__LayoutEditor__VectorTools__BooleanTool__.js b/02__Src__AppModules/51__System__LayoutEditor/37__System__VectorTools/Na__LayoutEditor__VectorTools__BooleanTool__.js
index d691f018..e32092a0 100644
--- a/ValeVision__AUDIT__TrueVisionParity__Evidence__/execution/scratch/W2-41/tv/02__Src__AppModules/51__System__LayoutEditor/37__System__VectorTools/Na__LayoutEditor__VectorTools__BooleanTool__.js
+++ b/02__Src__AppModules/51__System__LayoutEditor/37__System__VectorTools/Na__LayoutEditor__VectorTools__BooleanTool__.js
@@ -2 +2 @@
-// TRUEVISION3D - LAYOUT EDITOR - VECTOR TOOLS - BOOLEAN TOOLS
+// VALEVISION3D - LAYOUT EDITOR - VECTOR TOOLS - BOOLEAN TOOLS
@@ -62,2 +62,8 @@
-// - Authored in   : TrueVision3D first (22-Sep-2026)
-// - ValeVision    : not yet ported - it waits for Adam's sign-off.
+// - Ported from   : TrueVision3D 02__Src__AppModules/51__System__LayoutEditor/37__System__VectorTools/Na__LayoutEditor__VectorTools__BooleanTool__.js
+// - Source version: 1.1.0 (TrueVision3D v2.151.0, 22-Sep-2026; 1.0.0 was v2.150.0, 22-Sep-2026;
+//                   read at b2aa9151)
+// - Ported on     : 02-Oct-2026 for ValeVision3D {{VVREL:W2-41}}
+// - Parity        : verbatim
+// - Divergences   :
+//   - Banner reads ValeVision3D. (No console output in this file.)
+// - Back-port     : none.
=== Na__LayoutEditor__VectorTools__.js
diff --git a/ValeVision__AUDIT__TrueVisionParity__Evidence__/execution/scratch/W2-41/tv/02__Src__AppModules/51__System__LayoutEditor/37__System__VectorTools/Na__LayoutEditor__VectorTools__.js b/02__Src__AppModules/51__System__LayoutEditor/37__System__VectorTools/Na__LayoutEditor__VectorTools__.js
index 53d3e3bd..2f34dd19 100644
--- a/ValeVision__AUDIT__TrueVisionParity__Evidence__/execution/scratch/W2-41/tv/02__Src__AppModules/51__System__LayoutEditor/37__System__VectorTools/Na__LayoutEditor__VectorTools__.js
+++ b/02__Src__AppModules/51__System__LayoutEditor/37__System__VectorTools/Na__LayoutEditor__VectorTools__.js
@@ -2 +2 @@
-// TRUEVISION3D - LAYOUT EDITOR - VECTOR TOOLS
+// VALEVISION3D - LAYOUT EDITOR - VECTOR TOOLS
@@ -56,2 +56,8 @@
-// - Authored in   : TrueVision3D first (21-Sep-2026)
-// - ValeVision    : not yet ported - it waits for Adam's sign-off.
+// - Ported from   : TrueVision3D 02__Src__AppModules/51__System__LayoutEditor/37__System__VectorTools/Na__LayoutEditor__VectorTools__.js
+// - Source version: 1.2.0 (TrueVision3D v2.151.0, 22-Sep-2026; 1.1.0 was v2.150.0, 22-Sep-2026,
+//                   and 1.0.0 v2.130.0, 21-Sep-2026; read at b2aa9151)
+// - Ported on     : 02-Oct-2026 for ValeVision3D {{VVREL:W2-41}}
+// - Parity        : verbatim
+// - Divergences   :
+//   - Banner reads ValeVision3D. (No console output in this file.)
+// - Back-port     : none.
=== Na__LayoutEditor__Panel__VectorTools__.js
diff --git a/ValeVision__AUDIT__TrueVisionParity__Evidence__/execution/scratch/W2-41/tv/02__Src__AppModules/51__System__LayoutEditor/37__System__VectorTools/Na__LayoutEditor__Panel__VectorTools__.js b/02__Src__AppModules/51__System__LayoutEditor/37__System__VectorTools/Na__LayoutEditor__Panel__VectorTools__.js
index 02c2e8db..be8c568d 100644
--- a/ValeVision__AUDIT__TrueVisionParity__Evidence__/execution/scratch/W2-41/tv/02__Src__AppModules/51__System__LayoutEditor/37__System__VectorTools/Na__LayoutEditor__Panel__VectorTools__.js
+++ b/02__Src__AppModules/51__System__LayoutEditor/37__System__VectorTools/Na__LayoutEditor__Panel__VectorTools__.js
@@ -2 +2 @@
-// TRUEVISION3D - LAYOUT EDITOR - PANEL - VECTOR TOOLS
+// VALEVISION3D - LAYOUT EDITOR - PANEL - VECTOR TOOLS
@@ -49,2 +49,8 @@
-// - Authored in   : TrueVision3D first (21-Sep-2026)
-// - ValeVision    : not yet ported - it waits for Adam's sign-off.
+// - Ported from   : TrueVision3D 02__Src__AppModules/51__System__LayoutEditor/37__System__VectorTools/Na__LayoutEditor__Panel__VectorTools__.js
+// - Source version: 1.1.0 (TrueVision3D v2.150.0, 22-Sep-2026; 1.0.0 was v2.130.0, 21-Sep-2026;
+//                   read at b2aa9151)
+// - Ported on     : 02-Oct-2026 for ValeVision3D {{VVREL:W2-41}}
+// - Parity        : verbatim
+// - Divergences   :
+//   - Banner reads ValeVision3D. (No console output in this file.)
+// - Back-port     : none.
=== Na__LayoutEditor__Styles__VectorTools__.css
diff --git a/ValeVision__AUDIT__TrueVisionParity__Evidence__/execution/scratch/W2-41/tv/02__Src__AppModules/51__System__LayoutEditor/37__System__VectorTools/Na__LayoutEditor__Styles__VectorTools__.css b/02__Src__AppModules/51__System__LayoutEditor/37__System__VectorTools/Na__LayoutEditor__Styles__VectorTools__.css
index 012fc695..88e9d21b 100644
--- a/ValeVision__AUDIT__TrueVisionParity__Evidence__/execution/scratch/W2-41/tv/02__Src__AppModules/51__System__LayoutEditor/37__System__VectorTools/Na__LayoutEditor__Styles__VectorTools__.css
+++ b/02__Src__AppModules/51__System__LayoutEditor/37__System__VectorTools/Na__LayoutEditor__Styles__VectorTools__.css
@@ -2 +2 @@
-/* TRUEVISION3D - LAYOUT EDITOR - VECTOR TOOLS STYLES                 */
+/* VALEVISION3D - LAYOUT EDITOR - VECTOR TOOLS STYLES                 */
@@ -21,0 +22,19 @@
+/*
+ * PORT NOTE:
+ * - Ported from   : TrueVision3D 02__Src__AppModules/51__System__LayoutEditor/37__System__VectorTools/Na__LayoutEditor__Styles__VectorTools__.css
+ * - Source version: none of its own - the sheet carries no version or log; taken as
+ *                   TrueVision3D v2.150.0 left it (22-Sep-2026, commit a2e0a836; read at
+ *                   b2aa9151): created with v2.130.0 (21-Sep-2026), the Boolean section's
+ *                   rule added with v2.150.0; no later change to the pin
+ * - Ported on     : 02-Oct-2026 for ValeVision3D {{VVREL:W2-41}}, linked only by
+ *                   Na__LayoutEditor__Panel__VectorTools__'s own <link>, as in TrueVision
+ *                   (nothing to register in the loader list or the CSS index)
+ * - Parity        : verbatim (every rule and comment is TrueVision's; the banner and this
+ *                   note are the only differences)
+ * - Divergences   :
+ *   - Banner reads ValeVision3D.
+ * - Legacy        : the sheet has no module version and no DEVELOPMENT LOG in TrueVision, so
+ *                   the Source version line names the release that last changed it (R6 OC-07).
+ * - Back-port     : none.
+ */
+
