Na__LayoutEditor__VectorTools__OffsetTool__.js   07__Core__SheetData/Na__LayoutEditor__SheetModel__.js                             1 names  ok
Na__LayoutEditor__VectorTools__OffsetTool__.js   28__System__ObjectSnap/Na__LayoutEditor__ObjectSnap__Search__.js                  1 names  ok
Na__LayoutEditor__VectorTools__OffsetTool__.js   37__System__VectorTools/Na__LayoutEditor__VectorTools__Geometry__.js              1 names  ok
Na__LayoutEditor__VectorTools__OffsetTool__.js   37__System__VectorTools/Na__LayoutEditor__VectorTools__Curves__.js                6 names  ok
Na__LayoutEditor__VectorTools__OffsetTool__.js   37__System__VectorTools/Na__LayoutEditor__VectorTools__Offset__.js                5 names  ok
Na__LayoutEditor__VectorTools__OffsetTool__.js   37__System__VectorTools/Na__LayoutEditor__VectorTools__Targets__.js               8 names  ok
Na__LayoutEditor__VectorTools__OffsetTool__.js   37__System__VectorTools/Na__LayoutEditor__VectorTools__Preview__.js               5 names  ok
Na__LayoutEditor__VectorTools__OffsetTool__.js   37__System__VectorTools/Na__LayoutEditor__VectorTools__Setup__.js                 2 names  ok
Na__LayoutEditor__VectorTools__OffsetTool__.js   37__System__VectorTools/Na__LayoutEditor__VectorTools__State__.js                 5 names  ok
Na__LayoutEditor__VectorTools__BooleanTool__.js  07__Core__SheetData/Na__LayoutEditor__SheetModel__.js                             5 names  ok
Na__LayoutEditor__VectorTools__BooleanTool__.js  15__Core__Markup/Na__LayoutEditor__PaintOrder__.js                                1 names  ok
Na__LayoutEditor__VectorTools__BooleanTool__.js  15__Core__Markup/Na__LayoutEditor__ShapeGeometry__.js                             3 names  ok
Na__LayoutEditor__VectorTools__BooleanTool__.js  28__System__ObjectSnap/Na__LayoutEditor__ObjectSnap__Search__.js                  1 names  ok
Na__LayoutEditor__VectorTools__BooleanTool__.js  37__System__VectorTools/Na__LayoutEditor__VectorTools__Boolean__.js               7 names  ok
Na__LayoutEditor__VectorTools__BooleanTool__.js  37__System__VectorTools/Na__LayoutEditor__VectorTools__Targets__.js               7 names  ok
Na__LayoutEditor__VectorTools__BooleanTool__.js  37__System__VectorTools/Na__LayoutEditor__VectorTools__Preview__.js               5 names  ok
Na__LayoutEditor__VectorTools__BooleanTool__.js  37__System__VectorTools/Na__LayoutEditor__VectorTools__Setup__.js                 2 names  ok
Na__LayoutEditor__VectorTools__BooleanTool__.js  37__System__VectorTools/Na__LayoutEditor__VectorTools__State__.js                 9 names  ok
Na__LayoutEditor__VectorTools__.js               07__Core__SheetData/Na__LayoutEditor__SheetModel__.js                             4 names  ok
Na__LayoutEditor__VectorTools__.js               07__Core__SheetData/Na__LayoutEditor__DrawingScale__.js                           1 names  ok
Na__LayoutEditor__VectorTools__.js               15__Core__Markup/Na__LayoutEditor__MeasureParse__.js                              1 names  ok
Na__LayoutEditor__VectorTools__.js               15__Core__Markup/Na__LayoutEditor__Groups__.js                                    1 names  ok
Na__LayoutEditor__VectorTools__.js               30__System__SheetTools/Na__LayoutEditor__EditScope__.js                           4 names  ok
Na__LayoutEditor__VectorTools__.js               37__System__VectorTools/Na__LayoutEditor__VectorTools__State__.js                21 names  ok
Na__LayoutEditor__VectorTools__.js               37__System__VectorTools/Na__LayoutEditor__VectorTools__Setup__.js                 3 names  ok
Na__LayoutEditor__VectorTools__.js               37__System__VectorTools/Na__LayoutEditor__VectorTools__Preview__.js               1 names  ok
Na__LayoutEditor__VectorTools__.js               37__System__VectorTools/Na__LayoutEditor__VectorTools__CircleTool__.js            8 names  ok
Na__LayoutEditor__VectorTools__.js               37__System__VectorTools/Na__LayoutEditor__VectorTools__ArcTool__.js               9 names  ok
Na__LayoutEditor__VectorTools__.js               37__System__VectorTools/Na__LayoutEditor__VectorTools__TrimTool__.js              6 names  ok
Na__LayoutEditor__VectorTools__.js               37__System__VectorTools/Na__LayoutEditor__VectorTools__JoinTool__.js              8 names  ok
Na__LayoutEditor__VectorTools__.js               37__System__VectorTools/Na__LayoutEditor__VectorTools__OffsetTool__.js           10 names  ok
Na__LayoutEditor__VectorTools__.js               37__System__VectorTools/Na__LayoutEditor__VectorTools__BooleanTool__.js          10 names  ok
Na__LayoutEditor__Panel__VectorTools__.js        07__Core__SheetData/Na__LayoutEditor__SheetModel__.js                             4 names  ok
Na__LayoutEditor__Panel__VectorTools__.js        07__Core__SheetData/Na__LayoutEditor__DrawingScale__.js                           1 names  ok
Na__LayoutEditor__Panel__VectorTools__.js        30__System__SheetTools/Na__LayoutEditor__SheetTools__.js                          4 names  ok
Na__LayoutEditor__Panel__VectorTools__.js        40__Ui__Panels/Na__LayoutEditor__PanelHost__.js                                   8 names  ok
Na__LayoutEditor__Panel__VectorTools__.js        37__System__VectorTools/Na__LayoutEditor__VectorTools__State__.js                21 names  ok
Na__LayoutEditor__Panel__VectorTools__.js        37__System__VectorTools/Na__LayoutEditor__VectorTools__Setup__.js                 2 names  ok
Na__LayoutEditor__Panel__VectorTools__.js        37__System__VectorTools/Na__LayoutEditor__VectorTools__Curves__.js                4 names  ok
Na__LayoutEditor__Panel__VectorTools__.js        37__System__VectorTools/Na__LayoutEditor__VectorTools__OffsetTool__.js            2 names  ok
RESULT PASS
