0  Na__Test__AppConfigParity__.test.mjs
0  Na__Test__ColourPalette__.test.mjs
0  Na__Test__DimensionRoundUp__.test.mjs
0  Na__Test__DocumentKeys__.test.mjs
0  Na__Test__DraftRestore__.test.mjs
0  Na__Test__DrawingDrafts__.test.mjs
0  Na__Test__ElevationDepthFog__.test.mjs
0  Na__Test__FloorPlanStoreyLevel__.test.mjs
0  Na__Test__LoaderFacade__.test.mjs
0  Na__Test__LoaderStylesheets__.test.mjs
0  Na__Test__NorthCompass__.test.mjs
0  Na__Test__PerSceneLighting__.test.mjs
0  Na__Test__ProjectQr__.test.mjs
0  Na__Test__ScrapbookDrawingTitle__.test.mjs
0  Na__Test__ScrapbookScaleBar__.test.mjs
0  Na__Test__SheetsNormaliseOnce__.test.mjs
0  Na__Test__TitleBlockCells__.test.mjs
0  Na__Test__TransportFacade__.test.mjs
0  Na__Test__ViewportRotation__.test.mjs
0  Na__Test__ViewportTitleText__.test.mjs
0  Na__Test__DraftGuard__.test.cjs
