
1. Modules evaluate, exports equal TrueVision's
  PASS  ConfigState evaluates with 7 exports
  PASS  ConfigState export list equals TrueVision's
  PASS  Maths evaluates with 18 exports
  PASS  Maths export list equals TrueVision's
  PASS  RecordData evaluates with 5 exports
  PASS  RecordData export list equals TrueVision's
  PASS  Shader evaluates with 2 exports
  PASS  Shader export list equals TrueVision's
  PASS  Maths has TrueVision's 18 exports

2. ConfigState - fallbacks mirror the landed JSON; Load reads it; a failed fetch warns as ValeVision3D
  PASS  fallback defaults = JSON defaults
  PASS  fallback limits = JSON limits
  PASS  fallback appearance = JSON appearance
  PASS  switched on before the fetch settles
  PASS  Load() reads the landed JSON and reports enabled
  PASS  Load() is one fetch (the same promise twice)
  PASS  nothing moves once the JSON is read (defaults, limits, appearance)
  PASS  labels come from the JSON (Caption "Fog")
  PASS  FormatLabel fills the readout
  PASS  a failed fetch still answers usable (true, built-in defaults)
  PASS  ...and warns with [ValeVision3D], never [TrueVision3D]

3. RecordData - written on first read (off), left alone when settled, Write settles the band
  PASS  KEY_ELEVATION is Elevation__DepthFog
  PASS  KEY_FLOORPLAN is FloorPlan__DepthFog
  PASS  a record with no block gains one, OFF, with the defaults
  PASS  ...and Ensure answers the four settled values
  PASS  a settled record is left alone (the SAME block object)
  PASS  Write: Depth typed past End pushes End out by the least band
  PASS  ...into the SAME block object
  PASS  a null record answers the defaults and writes nothing
  PASS  RecordData answers exactly as TrueVision's (90/90 block x patch cases)

4. Maths and Shader - identical to TrueVision's
  PASS  Maths answers exactly as TrueVision's (934/934 calls)
  PASS  Shader VERTEX source is TrueVision's, character for character
  PASS  Shader FRAGMENT source is TrueVision's, character for character (v2.103.0 included)

ALL 32 CHECKS PASSED.
