ValeVision3D - port notes, module logs and release placeholders
  app root : D:\10_CoreLib__ValeCodebase\WebApps\ValeVision3D
  checked  : 14 named file(s) - 14 PORT NOTE(s), 14 DEVELOPMENT LOG(s)
  baseline : Na__Verify__ParityBaseline__.json - 139 file(s) recorded 2026-10-01; 0 still as recorded

  PENDING  14 release placeholder(s) in 14 file(s), for the wave's Parity Scribe: W2-06 x14
      02__Src__AppModules/50__System__ProjectedLinework/Na__ProjectedLinework__AuthoredEdges__.js:51  {{VVREL:W2-06}}
      02__Src__AppModules/50__System__ProjectedLinework/Na__ProjectedLinework__ClipKernel__.js:116  {{VVREL:W2-06}}
      02__Src__AppModules/50__System__ProjectedLinework/Na__ProjectedLinework__ConfigAccess__.js:38  {{VVREL:W2-06}}
      02__Src__AppModules/50__System__ProjectedLinework/Na__ProjectedLinework__CpuBackend__.js:78  {{VVREL:W2-06}}
      02__Src__AppModules/50__System__ProjectedLinework/Na__ProjectedLinework__DevMenu__Controls__.js:36  {{VVREL:W2-06}}
      02__Src__AppModules/50__System__ProjectedLinework/Na__ProjectedLinework__DoorPose__.js:61  {{VVREL:W2-06}}
      02__Src__AppModules/50__System__ProjectedLinework/Na__ProjectedLinework__EdgeExtractor__.js:66  {{VVREL:W2-06}}
      02__Src__AppModules/50__System__ProjectedLinework/Na__ProjectedLinework__ModelStage__.js:51  {{VVREL:W2-06}}
      02__Src__AppModules/50__System__ProjectedLinework/Na__ProjectedLinework__Pipeline__.js:53  {{VVREL:W2-06}}
      02__Src__AppModules/50__System__ProjectedLinework/Na__ProjectedLinework__Projector__.js:46  {{VVREL:W2-06}}
      02__Src__AppModules/50__System__ProjectedLinework/Na__ProjectedLinework__StageSampler__.js:57  {{VVREL:W2-06}}
      02__Src__AppModules/50__System__ProjectedLinework/Na__ProjectedLinework__ViewDefinition__.js:55  {{VVREL:W2-06}}
      02__Src__AppModules/50__System__ProjectedLinework/Na__ProjectedLinework__WebGpuBackend__.js:88  {{VVREL:W2-06}}
      80__Testing__PrototypeEnvironment/Na__Test__StoreyBand__.test.mjs:33  {{VVREL:W2-06}}

  RESULT: PASS (0 fail, 0 warn, 14 pending)
