diff --git a/tv/02__Src__AppModules/51__System__LayoutEditor/37__System__VectorTools/Na__LayoutEditor__VectorTools__State__.js b/D:/10_CoreLib__ValeCodebase/WebApps/ValeVision3D/02__Src__AppModules/51__System__LayoutEditor/37__System__VectorTools/Na__LayoutEditor__VectorTools__State__.js
index db4a42a4..5b137e37 100644
--- a/tv/02__Src__AppModules/51__System__LayoutEditor/37__System__VectorTools/Na__LayoutEditor__VectorTools__State__.js
+++ b/D:/10_CoreLib__ValeCodebase/WebApps/ValeVision3D/02__Src__AppModules/51__System__LayoutEditor/37__System__VectorTools/Na__LayoutEditor__VectorTools__State__.js
@@ -2 +2 @@
-// TRUEVISION3D - LAYOUT EDITOR - VECTOR TOOLS - STATE
+// VALEVISION3D - LAYOUT EDITOR - VECTOR TOOLS - STATE
@@ -44,2 +44,8 @@
-// - Authored in   : TrueVision3D first (21-Sep-2026)
-// - ValeVision    : not yet ported - it waits for Adam's sign-off.
+// - Ported from   : TrueVision3D 02__Src__AppModules/51__System__LayoutEditor/37__System__VectorTools/Na__LayoutEditor__VectorTools__State__.js
+// - Source version: 1.1.0 (TrueVision3D v2.150.0, 22-Sep-2026; 1.0.0 was v2.130.0, 21-Sep-2026;
+//                   read at b2aa9151)
+// - Ported on     : 02-Oct-2026 for ValeVision3D {{VVREL:W2-27}}
+// - Parity        : verbatim
+// - Divergences   :
+//   - Banner reads ValeVision3D. (No console output in this file.)
+// - Back-port     : none.
diff --git a/tv/02__Src__AppModules/51__System__LayoutEditor/37__System__VectorTools/Na__LayoutEditor__VectorTools__Setup__.js b/D:/10_CoreLib__ValeCodebase/WebApps/ValeVision3D/02__Src__AppModules/51__System__LayoutEditor/37__System__VectorTools/Na__LayoutEditor__VectorTools__Setup__.js
index 8db7daf0..520447ff 100644
--- a/tv/02__Src__AppModules/51__System__LayoutEditor/37__System__VectorTools/Na__LayoutEditor__VectorTools__Setup__.js
+++ b/D:/10_CoreLib__ValeCodebase/WebApps/ValeVision3D/02__Src__AppModules/51__System__LayoutEditor/37__System__VectorTools/Na__LayoutEditor__VectorTools__Setup__.js
@@ -2 +2 @@
-// TRUEVISION3D - LAYOUT EDITOR - VECTOR TOOLS - SETUP
+// VALEVISION3D - LAYOUT EDITOR - VECTOR TOOLS - SETUP
@@ -27,2 +27,7 @@
-// - Authored in   : TrueVision3D first (21-Sep-2026)
-// - ValeVision    : not yet ported - it waits for Adam's sign-off.
+// - Ported from   : TrueVision3D 02__Src__AppModules/51__System__LayoutEditor/37__System__VectorTools/Na__LayoutEditor__VectorTools__Setup__.js
+// - Source version: 1.0.0 (TrueVision3D v2.130.0, 21-Sep-2026; read at b2aa9151)
+// - Ported on     : 02-Oct-2026 for ValeVision3D {{VVREL:W2-27}}
+// - Parity        : verbatim
+// - Divergences   :
+//   - Banner and console prefix read ValeVision3D.
+// - Back-port     : none.
@@ -119 +124 @@
-                    console.warn('[TrueVision3D LayoutEditor] Vector tools config unavailable - the built-in settings are used.', error);
+                    console.warn('[ValeVision3D LayoutEditor] Vector tools config unavailable - the built-in settings are used.', error);
diff --git a/tv/02__Src__AppModules/51__System__LayoutEditor/37__System__VectorTools/Na__LayoutEditor__VectorTools__Geometry__.js b/D:/10_CoreLib__ValeCodebase/WebApps/ValeVision3D/02__Src__AppModules/51__System__LayoutEditor/37__System__VectorTools/Na__LayoutEditor__VectorTools__Geometry__.js
index d41dd734..47ea3ff7 100644
--- a/tv/02__Src__AppModules/51__System__LayoutEditor/37__System__VectorTools/Na__LayoutEditor__VectorTools__Geometry__.js
+++ b/D:/10_CoreLib__ValeCodebase/WebApps/ValeVision3D/02__Src__AppModules/51__System__LayoutEditor/37__System__VectorTools/Na__LayoutEditor__VectorTools__Geometry__.js
@@ -2 +2 @@
-// TRUEVISION3D - LAYOUT EDITOR - VECTOR TOOLS - GEOMETRY
+// VALEVISION3D - LAYOUT EDITOR - VECTOR TOOLS - GEOMETRY
@@ -46,2 +46,7 @@
-// - Authored in   : TrueVision3D first (21-Sep-2026)
-// - ValeVision    : not yet ported - it waits for Adam's sign-off.
+// - Ported from   : TrueVision3D 02__Src__AppModules/51__System__LayoutEditor/37__System__VectorTools/Na__LayoutEditor__VectorTools__Geometry__.js
+// - Source version: 1.0.0 (TrueVision3D v2.130.0, 21-Sep-2026; read at b2aa9151)
+// - Ported on     : 02-Oct-2026 for ValeVision3D {{VVREL:W2-27}}
+// - Parity        : verbatim
+// - Divergences   :
+//   - Banner reads ValeVision3D. (No console output in this file.)
+// - Back-port     : none.
diff --git a/tv/02__Src__AppModules/51__System__LayoutEditor/37__System__VectorTools/Na__LayoutEditor__VectorTools__Offset__.js b/D:/10_CoreLib__ValeCodebase/WebApps/ValeVision3D/02__Src__AppModules/51__System__LayoutEditor/37__System__VectorTools/Na__LayoutEditor__VectorTools__Offset__.js
index 4e182a71..436a0bce 100644
--- a/tv/02__Src__AppModules/51__System__LayoutEditor/37__System__VectorTools/Na__LayoutEditor__VectorTools__Offset__.js
+++ b/D:/10_CoreLib__ValeCodebase/WebApps/ValeVision3D/02__Src__AppModules/51__System__LayoutEditor/37__System__VectorTools/Na__LayoutEditor__VectorTools__Offset__.js
@@ -2 +2 @@
-// TRUEVISION3D - LAYOUT EDITOR - VECTOR TOOLS - OFFSETS AND CORNERS
+// VALEVISION3D - LAYOUT EDITOR - VECTOR TOOLS - OFFSETS AND CORNERS
@@ -44,2 +44,7 @@
-// - Authored in   : TrueVision3D first (21-Sep-2026)
-// - ValeVision    : not yet ported - it waits for Adam's sign-off.
+// - Ported from   : TrueVision3D 02__Src__AppModules/51__System__LayoutEditor/37__System__VectorTools/Na__LayoutEditor__VectorTools__Offset__.js
+// - Source version: 1.0.0 (TrueVision3D v2.130.0, 21-Sep-2026; read at b2aa9151)
+// - Ported on     : 02-Oct-2026 for ValeVision3D {{VVREL:W2-27}}
+// - Parity        : verbatim
+// - Divergences   :
+//   - Banner reads ValeVision3D. (No console output in this file.)
+// - Back-port     : none.
diff --git a/tv/02__Src__AppModules/51__System__LayoutEditor/37__System__VectorTools/Na__LayoutEditor__VectorTools__Boolean__.js b/D:/10_CoreLib__ValeCodebase/WebApps/ValeVision3D/02__Src__AppModules/51__System__LayoutEditor/37__System__VectorTools/Na__LayoutEditor__VectorTools__Boolean__.js
index bdcd6a73..66c9a664 100644
--- a/tv/02__Src__AppModules/51__System__LayoutEditor/37__System__VectorTools/Na__LayoutEditor__VectorTools__Boolean__.js
+++ b/D:/10_CoreLib__ValeCodebase/WebApps/ValeVision3D/02__Src__AppModules/51__System__LayoutEditor/37__System__VectorTools/Na__LayoutEditor__VectorTools__Boolean__.js
@@ -2 +2 @@
-// TRUEVISION3D - LAYOUT EDITOR - VECTOR TOOLS - BOOLEAN GEOMETRY
+// VALEVISION3D - LAYOUT EDITOR - VECTOR TOOLS - BOOLEAN GEOMETRY
@@ -61,2 +61,7 @@
-// - Authored in   : TrueVision3D first (22-Sep-2026)
-// - ValeVision    : not yet ported - it waits for Adam's sign-off.
+// - Ported from   : TrueVision3D 02__Src__AppModules/51__System__LayoutEditor/37__System__VectorTools/Na__LayoutEditor__VectorTools__Boolean__.js
+// - Source version: 1.0.0 (TrueVision3D v2.150.0, 22-Sep-2026; read at b2aa9151)
+// - Ported on     : 02-Oct-2026 for ValeVision3D {{VVREL:W2-27}}
+// - Parity        : verbatim
+// - Divergences   :
+//   - Banner reads ValeVision3D. (No console output in this file.)
+// - Back-port     : none.
diff --git a/tv/02__Src__AppModules/51__System__LayoutEditor/37__System__VectorTools/Na__LayoutEditor__VectorTools__Config__.json b/D:/10_CoreLib__ValeCodebase/WebApps/ValeVision3D/02__Src__AppModules/51__System__LayoutEditor/37__System__VectorTools/Na__LayoutEditor__VectorTools__Config__.json
index 7d0e8250..aad79b6d 100644
--- a/tv/02__Src__AppModules/51__System__LayoutEditor/37__System__VectorTools/Na__LayoutEditor__VectorTools__Config__.json
+++ b/D:/10_CoreLib__ValeCodebase/WebApps/ValeVision3D/02__Src__AppModules/51__System__LayoutEditor/37__System__VectorTools/Na__LayoutEditor__VectorTools__Config__.json
@@ -8,0 +9 @@
+        "Meta__PortedFrom"  : "TrueVision3D 02__Src__AppModules/51__System__LayoutEditor/37__System__VectorTools/Na__LayoutEditor__VectorTools__Config__.json, Meta 1.1.0 (TrueVision3D v2.150.0, 22-Sep-2026), as TrueVision3D v2.151.0 shipped it - the four Boolean tooltips that name their key, SayBoolTrimmed and Meta__Booleans, with no new Meta version; read at HEAD b2aa9151; ported 02-Oct-2026 (parity package W2-27). Every key, number, colour and word is TrueVision's (DR-18 (a): the vector tools with TrueVision's keys); nothing in it is brand. Meta__Research and the notes are TrueVision's record of how each behaviour was chosen.",
