=== 02__Src__AppModules/51__System__LayoutEditor/20__System__Viewports/Na__LayoutEditor__ViewportRotation__.js
@@ -2 +2 @@
@@ -46,2 +46,7 @@
=== 02__Src__AppModules/51__System__LayoutEditor/37__System__VectorTools/Na__LayoutEditor__VectorTools__Curves__.js
@@ -2 +2 @@
@@ -46,2 +46,7 @@
=== 02__Src__AppModules/51__System__LayoutEditor/26__System__DraftMode/Na__LayoutEditor__DraftMode__State__.js
@@ -2 +2 @@
@@ -37,2 +37,7 @@
=== 02__Src__AppModules/51__System__LayoutEditor/27__System__DrawingGrid/Na__LayoutEditor__DrawingGrid__State__.js
@@ -2 +2 @@
@@ -51,2 +51,8 @@
=== 02__Src__AppModules/51__System__LayoutEditor/32__System__OrthoMode/Na__LayoutEditor__OrthoMode__State__.js
@@ -2 +2 @@
@@ -50,2 +50,7 @@
=== 02__Src__AppModules/51__System__LayoutEditor/20__System__Viewports/Na__LayoutEditor__VectorQuality__.js
@@ -2 +2 @@
@@ -55,2 +55,7 @@
=== 80__Testing__PrototypeEnvironment/Na__Test__ViewportRotation__.test.mjs
@@ -2 +2 @@
@@ -38,0 +39,20 @@
@@ -136 +156 @@ import { createRequire } from 'node:module';
@@ -177,159 +196,0 @@ import { createRequire } from 'node:module';
