ValeVision3D - port notes, module logs and release placeholders
  app root : D:\10_CoreLib__ValeCodebase\WebApps\ValeVision3D
  checked  : 7 named file(s) - 7 PORT NOTE(s), 7 DEVELOPMENT LOG(s)
  baseline : Na__Verify__ParityBaseline__.json - 139 file(s) recorded 2026-10-01; 0 still as recorded

  PENDING  7 release placeholder(s) in 7 file(s), for the wave's Parity Scribe: W1-14 x7

  WATERMARK  TrueVision D:\11_RefLib__StudioRepository__RemoteSystem\NaWeb\na-apps\30__TrueVision__CoreAppCode at b2aa9151 (git)
  The TrueVision DEVELOPMENT LOG entries dated after this app's newest log entry (the S11 c.1 rule; same-day entries are not flagged):
    02__Src__AppModules/51__System__LayoutEditor/20__System__Viewports/Na__LayoutEditor__ViewportRotation__.js
        this app 21-Sep-2026 | TrueVision 1.0.0 | after: -
    02__Src__AppModules/51__System__LayoutEditor/37__System__VectorTools/Na__LayoutEditor__VectorTools__Curves__.js
        this app 21-Sep-2026 | TrueVision 1.0.0 | after: -
    02__Src__AppModules/51__System__LayoutEditor/26__System__DraftMode/Na__LayoutEditor__DraftMode__State__.js
        this app 21-Sep-2026 | TrueVision 1.0.0 | after: -
    02__Src__AppModules/51__System__LayoutEditor/27__System__DrawingGrid/Na__LayoutEditor__DrawingGrid__State__.js
        this app 21-Sep-2026 | TrueVision 1.0.0 | after: -
    02__Src__AppModules/51__System__LayoutEditor/32__System__OrthoMode/Na__LayoutEditor__OrthoMode__State__.js
        this app 21-Sep-2026 | TrueVision 1.0.0 | after: -
    02__Src__AppModules/51__System__LayoutEditor/20__System__Viewports/Na__LayoutEditor__VectorQuality__.js
        this app 21-Sep-2026 | TrueVision 1.0.0 | after: -

  RESULT: PASS (0 fail, 0 warn, 7 pending)
