PASS 0.1 TrueVision3D twin at the pin exports 13 names
PASS 0.2 adapter exports exactly 19 names (13 + 6)
PASS 0.3 every TrueVision3D twin name is exported
PASS 0.4 the six F.8 C25 names are exported, as functions
PASS 0.5 nothing else is exported
PASS 0.6 the tool exports Na__CrossSection__RenderDepthInto
PASS 0.7 the tool export list grew by exactly that one name (36)
PASS 0.8 49 RenderLayer's adapter specifier resolves to this file
PASS 0.9 SnapshotRenderer's adapter specifier resolves to this file
PASS 1.1 RenderDepthInto before the tool is initialised: false, nothing drawn
PASS 1.2 RenderDepthInto with no cap root yet: false, nothing drawn
PASS 1.3 the author's scratch state stands (2 sections, 3.5 px)
PASS 2.1 Serialize equals the tool's SerializeSections
PASS 2.2 a scene's cut really replaced the sections mid-render
PASS 2.3 Apply answers true and the author's sections come back exactly
PASS 2.4 the adapter path ends byte-identical to the direct path
PASS 2.5 Apply(null) / Apply(undefined) answer false and change nothing
PASS 3.1 GetOutlineWidthPx equals the tool's appearance width
PASS 3.2 SetOutlineWidthPx(4.25) answers true and every outline takes it
PASS 3.3 a width that is not a positive number answers false and changes nothing
PASS 3.4 a numeric string is read as the tool reads it
PASS 3.5 the tool keeps its 0.5 px floor
PASS 3.6 the drawing cut is drawn at the viewport weight (1.25 px) both ways
PASS 3.7 the 2D-render width sequence ends identical through the adapter
PASS 4.1 SetModelRoot answers false (nothing re-pointed)
PASS 4.2 the tool still cuts the live model only
PASS 4.3 sections, appearance and caches untouched
PASS 5.1 the drawing plan cut at 1500 mm is the one section cutting
PASS 5.2 the cap is the room's cut face: on the plane, the full 2 x 2 m section, nothing of the plinth
PASS 5.3 RenderDepthInto answers true and draws exactly once
PASS 5.4 ... with the caller's camera
PASS 5.5 ... with autoClear off during the draw
PASS 5.6 ... into the target the caller bound (no setRenderTarget, no clear)
PASS 5.7 autoClear handed back as found (true)
PASS 5.8 what is drawn is the cap root
PASS 5.9 ... holding exactly the cut's fill and outline
PASS 5.10 the visible gizmo sits in the helper root beside it, never drawn
PASS 5.11 the model is not drawn by it (the caller drew the model already)
PASS 5.12 autoClear handed back as found (false)
PASS 5.13 a failing draw still hands autoClear back (and the caller sees the error)
PASS 5.14 no camera: false, nothing drawn
PASS 5.15 a section switched off cuts nothing, so nothing is drawn
PASS 5.16 a plain elevation (tool held, no plane): false, nothing drawn
PASS 5.17 Release hands the author's sections back exactly
PASS 6.1 RenderOverlay unchanged: target null, clearDepth, the overlay scene
PASS 7.1 no unexpected warning (no [TrueVision3D, no failed cut)

modules : live tree
follow-up (W2-15, information): the 2D-render width sequence in VV's order ends at 2 px, in TrueVision3D's order at 3.5 px; the author's own width is 3.5 px
warnings seen (0): []
RESULT: 46/46 PASS
