ValeVision3D - port notes, module logs and release placeholders
  app root : D:\10_CoreLib__ValeCodebase\WebApps\ValeVision3D
  checked  : 5 named file(s) - 5 PORT NOTE(s), 5 DEVELOPMENT LOG(s)
  baseline : Na__Verify__ParityBaseline__.json - 139 file(s) recorded 2026-10-01; 0 still as recorded

  02__Src__AppModules/51__System__LayoutEditor/07__Core__SheetData/Na__LayoutEditor__History__.js
      WARN  :84    log-order            14-Sep-2026 1.3.0 sits above 19-Sep-2026 1.3.0 (this log runs newest first, as TrueVision's do)   [legacy: TrueVision's DEVELOPMENT LOG, taken verbatim (DR-34 (a)), gives 1.3.0 twice - 14-Sep-2026 (the selection set) and 19-Sep-2026 (the common fields), the second below the first - so its order and repeat findings print WARN until TrueVision renumbers its own log (WT-08). This app's 1.4.2 had renumbered its copy (W0-06).]
      WARN  :88    log-duplicate        version 1.3.0 appears twice in the DEVELOPMENT LOG (also line 84)   [legacy: TrueVision's DEVELOPMENT LOG, taken verbatim (DR-34 (a)), gives 1.3.0 twice - 14-Sep-2026 (the selection set) and 19-Sep-2026 (the common fields), the second below the first - so its order and repeat findings print WARN until TrueVision renumbers its own log (WT-08). This app's 1.4.2 had renumbered its copy (W0-06).]

  PENDING  6 release placeholder(s) in 5 file(s), for the wave's Parity Scribe: W1-21 x6
      02__Src__AppModules/51__System__LayoutEditor/01__Core__Loader/Na__LayoutEditor__Loader__.js:128  {{VVREL:W1-21}}
      02__Src__AppModules/51__System__LayoutEditor/01__Core__Loader/Na__LayoutEditor__Loader__.js:148  {{VVREL:W1-21}}
      02__Src__AppModules/51__System__LayoutEditor/07__Core__SheetData/Na__LayoutEditor__History__.js:46  {{VVREL:W1-21}}
      02__Src__AppModules/51__System__LayoutEditor/07__Core__SheetData/Na__LayoutEditor__SheetModel__.js:134  {{VVREL:W1-21}}
      02__Src__AppModules/51__System__LayoutEditor/07__Core__SheetData/Na__LayoutEditor__SheetModel__Sheets__.js:44  {{VVREL:W1-21}}
      80__Testing__PrototypeEnvironment/Na__Test__SheetsNormaliseOnce__.test.mjs:38  {{VVREL:W1-21}}

  WATERMARK  TrueVision D:\11_RefLib__StudioRepository__RemoteSystem\NaWeb\na-apps\30__TrueVision__CoreAppCode at b2aa9151 (git)
  The TrueVision DEVELOPMENT LOG entries dated after this app's newest log entry (the S11 c.1 rule; same-day entries are not flagged):
    02__Src__AppModules/51__System__LayoutEditor/07__Core__SheetData/Na__LayoutEditor__History__.js
        this app 21-Sep-2026 | TrueVision 1.7.0 | after: -
    02__Src__AppModules/51__System__LayoutEditor/07__Core__SheetData/Na__LayoutEditor__SheetModel__.js
        this app 22-Sep-2026 | TrueVision 1.35.1 | after: -
    02__Src__AppModules/51__System__LayoutEditor/07__Core__SheetData/Na__LayoutEditor__SheetModel__Sheets__.js
        this app 22-Sep-2026 | TrueVision 1.4.0 | after: -

  RESULT: PASS (0 fail, 2 warn, 6 pending)
