=== Preview
@@ -2 +2 @@
-// TRUEVISION3D - LAYOUT EDITOR - VECTOR TOOLS - PREVIEW
+// VALEVISION3D - LAYOUT EDITOR - VECTOR TOOLS - PREVIEW
@@ -40,2 +40,7 @@
-// - Authored in   : TrueVision3D first (21-Sep-2026)
-// - ValeVision    : not yet ported - it waits for Adam's sign-off.
+// - Ported from   : TrueVision3D 02__Src__AppModules/51__System__LayoutEditor/37__System__VectorTools/Na__LayoutEditor__VectorTools__Preview__.js
+// - Source version: 1.0.0 (TrueVision3D v2.130.0, 21-Sep-2026; read at b2aa9151)
+// - Ported on     : 02-Oct-2026 for ValeVision3D {{VVREL:W2-28}}
+// - Parity        : verbatim
+// - Divergences   :
+//   - Banner reads ValeVision3D. (No console output in this file.)
+// - Back-port     : none.
=== Targets
@@ -2 +2 @@
-// TRUEVISION3D - LAYOUT EDITOR - VECTOR TOOLS - TARGETS
+// VALEVISION3D - LAYOUT EDITOR - VECTOR TOOLS - TARGETS
@@ -51,2 +51,8 @@
-// - Authored in   : TrueVision3D first (21-Sep-2026)
-// - ValeVision    : not yet ported - it waits for Adam's sign-off.
+// - Ported from   : TrueVision3D 02__Src__AppModules/51__System__LayoutEditor/37__System__VectorTools/Na__LayoutEditor__VectorTools__Targets__.js
+// - Source version: 1.2.0 (TrueVision3D v2.150.0, 22-Sep-2026; 1.1.0 was v2.138.0 and
+//                   1.0.0 was v2.130.0, both 21-Sep-2026; read at b2aa9151)
+// - Ported on     : 02-Oct-2026 for ValeVision3D {{VVREL:W2-28}}
+// - Parity        : verbatim
+// - Divergences   :
+//   - Banner reads ValeVision3D. (No console output in this file.)
+// - Back-port     : none.
=== CircleTool
@@ -2 +2 @@
-// TRUEVISION3D - LAYOUT EDITOR - VECTOR TOOLS - CIRCLE TOOL
+// VALEVISION3D - LAYOUT EDITOR - VECTOR TOOLS - CIRCLE TOOL
@@ -43,2 +43,7 @@
-// - Authored in   : TrueVision3D first (21-Sep-2026)
-// - ValeVision    : not yet ported - it waits for Adam's sign-off.
+// - Ported from   : TrueVision3D 02__Src__AppModules/51__System__LayoutEditor/37__System__VectorTools/Na__LayoutEditor__VectorTools__CircleTool__.js
+// - Source version: 1.0.0 (TrueVision3D v2.130.0, 21-Sep-2026; read at b2aa9151)
+// - Ported on     : 02-Oct-2026 for ValeVision3D {{VVREL:W2-28}}
+// - Parity        : verbatim
+// - Divergences   :
+//   - Banner reads ValeVision3D. (No console output in this file.)
+// - Back-port     : none.
=== ArcTool
@@ -2 +2 @@
-// TRUEVISION3D - LAYOUT EDITOR - VECTOR TOOLS - ARC TOOL
+// VALEVISION3D - LAYOUT EDITOR - VECTOR TOOLS - ARC TOOL
@@ -43,2 +43,7 @@
-// - Authored in   : TrueVision3D first (21-Sep-2026)
-// - ValeVision    : not yet ported - it waits for Adam's sign-off.
+// - Ported from   : TrueVision3D 02__Src__AppModules/51__System__LayoutEditor/37__System__VectorTools/Na__LayoutEditor__VectorTools__ArcTool__.js
+// - Source version: 1.0.0 (TrueVision3D v2.130.0, 21-Sep-2026; read at b2aa9151)
+// - Ported on     : 02-Oct-2026 for ValeVision3D {{VVREL:W2-28}}
+// - Parity        : verbatim
+// - Divergences   :
+//   - Banner reads ValeVision3D. (No console output in this file.)
+// - Back-port     : none.
=== TrimTool
@@ -2 +2 @@
-// TRUEVISION3D - LAYOUT EDITOR - VECTOR TOOLS - TRIM AND EXTEND
+// VALEVISION3D - LAYOUT EDITOR - VECTOR TOOLS - TRIM AND EXTEND
@@ -47,2 +47,8 @@
-// - Authored in   : TrueVision3D first (21-Sep-2026)
-// - ValeVision    : not yet ported - it waits for Adam's sign-off.
+// - Ported from   : TrueVision3D 02__Src__AppModules/51__System__LayoutEditor/37__System__VectorTools/Na__LayoutEditor__VectorTools__TrimTool__.js
+// - Source version: 1.1.0 (TrueVision3D v2.150.0, 22-Sep-2026; 1.0.0 was v2.130.0, 21-Sep-2026;
+//                   read at b2aa9151)
+// - Ported on     : 02-Oct-2026 for ValeVision3D {{VVREL:W2-28}}
+// - Parity        : verbatim
+// - Divergences   :
+//   - Banner reads ValeVision3D. (No console output in this file.)
+// - Back-port     : none.
=== JoinTool
@@ -2 +2 @@
-// TRUEVISION3D - LAYOUT EDITOR - VECTOR TOOLS - JOIN AND SPLIT
+// VALEVISION3D - LAYOUT EDITOR - VECTOR TOOLS - JOIN AND SPLIT
@@ -46,2 +46,8 @@
-// - Authored in   : TrueVision3D first (21-Sep-2026)
-// - ValeVision    : not yet ported - it waits for Adam's sign-off.
+// - Ported from   : TrueVision3D 02__Src__AppModules/51__System__LayoutEditor/37__System__VectorTools/Na__LayoutEditor__VectorTools__JoinTool__.js
+// - Source version: 1.1.0 (TrueVision3D v2.150.0, 22-Sep-2026; 1.0.0 was v2.130.0, 21-Sep-2026;
+//                   read at b2aa9151)
+// - Ported on     : 02-Oct-2026 for ValeVision3D {{VVREL:W2-28}}
+// - Parity        : verbatim
+// - Divergences   :
+//   - Banner reads ValeVision3D. (No console output in this file.)
+// - Back-port     : none.
