ValeVision3D - port notes, module logs and release placeholders
  app root : D:\10_CoreLib__ValeCodebase\WebApps\ValeVision3D
  checked  : 6 named file(s) - 6 PORT NOTE(s), 6 DEVELOPMENT LOG(s)
  baseline : Na__Verify__ParityBaseline__.json - 139 file(s) recorded 2026-10-01; 0 still as recorded

  PENDING  6 release placeholder(s) in 6 file(s), for the wave's Parity Scribe: W2-28 x6

  WATERMARK  TrueVision D:\11_RefLib__StudioRepository__RemoteSystem\NaWeb\na-apps\30__TrueVision__CoreAppCode at b2aa9151 (git)
  The TrueVision DEVELOPMENT LOG entries dated after this app's newest log entry (the S11 c.1 rule; same-day entries are not flagged):
    02__Src__AppModules/51__System__LayoutEditor/37__System__VectorTools/Na__LayoutEditor__VectorTools__Preview__.js
        this app 21-Sep-2026 | TrueVision 1.0.0 | after: -
    02__Src__AppModules/51__System__LayoutEditor/37__System__VectorTools/Na__LayoutEditor__VectorTools__Targets__.js
        this app 22-Sep-2026 | TrueVision 1.2.0 | after: -
    02__Src__AppModules/51__System__LayoutEditor/37__System__VectorTools/Na__LayoutEditor__VectorTools__CircleTool__.js
        this app 21-Sep-2026 | TrueVision 1.0.0 | after: -
    02__Src__AppModules/51__System__LayoutEditor/37__System__VectorTools/Na__LayoutEditor__VectorTools__ArcTool__.js
        this app 21-Sep-2026 | TrueVision 1.0.0 | after: -
    02__Src__AppModules/51__System__LayoutEditor/37__System__VectorTools/Na__LayoutEditor__VectorTools__TrimTool__.js
        this app 22-Sep-2026 | TrueVision 1.1.0 | after: -
    02__Src__AppModules/51__System__LayoutEditor/37__System__VectorTools/Na__LayoutEditor__VectorTools__JoinTool__.js
        this app 22-Sep-2026 | TrueVision 1.1.0 | after: -

  RESULT: PASS (0 fail, 0 warn, 6 pending)
