Preview    10__Core__SheetSurface/Na__LayoutEditor__SheetSurface__.js                        4 names  ok
Preview    37__System__VectorTools/Na__LayoutEditor__VectorTools__Setup__.js                 1 names  ok
Targets    03__Core__Config/Na__LayoutEditor__ConfigState__.js                               1 names  ok
Targets    07__Core__SheetData/Na__LayoutEditor__SheetModel__.js                            10 names  ok
Targets    10__Core__SheetSurface/Na__LayoutEditor__SheetSurface__.js                        1 names  ok
Targets    15__Core__Markup/Na__LayoutEditor__Groups__.js                                    1 names  ok
Targets    30__System__SheetTools/Na__LayoutEditor__EditScope__.js                           3 names  ok
Targets    20__System__Viewports/Na__LayoutEditor__Viewport2d__.js                           1 names  ok
Targets    20__System__Viewports/Na__LayoutEditor__ViewportRotation__.js                     1 names  ok
Targets    37__System__VectorTools/Na__LayoutEditor__VectorTools__Geometry__.js              3 names  ok
Targets    37__System__VectorTools/Na__LayoutEditor__VectorTools__State__.js                 1 names  ok
Targets    37__System__VectorTools/Na__LayoutEditor__VectorTools__Setup__.js                 1 names  ok
Targets    15__Core__Markup/Na__LayoutEditor__ShapeGeometry__.js                             1 names  ok
CircleTool 03__Core__Config/Na__LayoutEditor__ConfigState__.js                               1 names  ok
CircleTool 07__Core__SheetData/Na__LayoutEditor__SheetModel__.js                             5 names  ok
CircleTool 10__Core__SheetSurface/Na__LayoutEditor__SheetSurface__.js                        1 names  ok
CircleTool 28__System__ObjectSnap/Na__LayoutEditor__ObjectSnap__Search__.js                  2 names  ok
CircleTool 37__System__VectorTools/Na__LayoutEditor__VectorTools__Curves__.js                4 names  ok
CircleTool 37__System__VectorTools/Na__LayoutEditor__VectorTools__Preview__.js               4 names  ok
CircleTool 37__System__VectorTools/Na__LayoutEditor__VectorTools__Setup__.js                 2 names  ok
CircleTool 37__System__VectorTools/Na__LayoutEditor__VectorTools__State__.js                 2 names  ok
ArcTool    03__Core__Config/Na__LayoutEditor__ConfigState__.js                               1 names  ok
ArcTool    07__Core__SheetData/Na__LayoutEditor__SheetModel__.js                             2 names  ok
ArcTool    10__Core__SheetSurface/Na__LayoutEditor__SheetSurface__.js                        2 names  ok
ArcTool    28__System__ObjectSnap/Na__LayoutEditor__ObjectSnap__Search__.js                  2 names  ok
ArcTool    30__System__SheetTools/Na__LayoutEditor__AxisLock__.js                            5 names  ok
ArcTool    32__System__OrthoMode/Na__LayoutEditor__OrthoMode__State__.js                     1 names  ok
ArcTool    37__System__VectorTools/Na__LayoutEditor__VectorTools__Curves__.js                9 names  ok
ArcTool    37__System__VectorTools/Na__LayoutEditor__VectorTools__Preview__.js               4 names  ok
ArcTool    37__System__VectorTools/Na__LayoutEditor__VectorTools__Setup__.js                 2 names  ok
ArcTool    37__System__VectorTools/Na__LayoutEditor__VectorTools__State__.js                 6 names  ok
TrimTool   03__Core__Config/Na__LayoutEditor__ConfigState__.js                               1 names  ok
TrimTool   10__Core__SheetSurface/Na__LayoutEditor__SheetSurface__.js                        1 names  ok
TrimTool   28__System__ObjectSnap/Na__LayoutEditor__ObjectSnap__Search__.js                  1 names  ok
TrimTool   37__System__VectorTools/Na__LayoutEditor__VectorTools__Geometry__.js              6 names  ok
TrimTool   37__System__VectorTools/Na__LayoutEditor__VectorTools__Targets__.js               8 names  ok
TrimTool   37__System__VectorTools/Na__LayoutEditor__VectorTools__Preview__.js               7 names  ok
TrimTool   37__System__VectorTools/Na__LayoutEditor__VectorTools__Setup__.js                 2 names  ok
TrimTool   37__System__VectorTools/Na__LayoutEditor__VectorTools__State__.js                 4 names  ok
JoinTool   07__Core__SheetData/Na__LayoutEditor__SheetModel__.js                             3 names  ok
JoinTool   28__System__ObjectSnap/Na__LayoutEditor__ObjectSnap__Search__.js                  1 names  ok
JoinTool   37__System__VectorTools/Na__LayoutEditor__VectorTools__Geometry__.js              7 names  ok
JoinTool   37__System__VectorTools/Na__LayoutEditor__VectorTools__Targets__.js              11 names  ok
JoinTool   37__System__VectorTools/Na__LayoutEditor__VectorTools__Preview__.js               7 names  ok
JoinTool   37__System__VectorTools/Na__LayoutEditor__VectorTools__Setup__.js                 3 names  ok
JoinTool   37__System__VectorTools/Na__LayoutEditor__VectorTools__State__.js                 3 names  ok
RESULT PASS
