=== Na__Test__AppConfigParity__.test.mjs exit=0 (0.3 s)
ValeVision3D - the Layout Editor config against TrueVision's
  PASS  this app's config parses with no duplicate key

  The key tree against TrueVision's (git show b2aa9151)
  PASS  64 differences, every one a listed seam (brand 17, decision 12, identity 11, na-path 3, tv-defect 3, vv-only 6, withheld 12)
  WARN  8 allow-list entries no longer differ (STALE: take them off the list):
        value /LayoutEditor__Style__Config/LayoutEditor__Style__Description  (withheld, W1-25)
        value /LayoutEditor__Style__Config/LayoutEditor__Style__FontFamily  (withheld, W1-25)
        value /LayoutEditor__Style__Config/LayoutEditor__Style__TitleValueWeightNote  (withheld, W1-25)
        value /LayoutEditor__TitleBlock__Config/LayoutEditor__TitleBlock__Rows  (withheld, W1-22)
        vv-only /LayoutEditor__TitleBlock__Config/LayoutEditor__TitleBlock__ClassicFieldAnchors/A3/DrawingNumber  (withheld, W1-22)
        value /LayoutEditor__Scales__Config/LayoutEditor__Scales__Description  (withheld, W1-22)
        value /LayoutEditor__Scales__Config/LayoutEditor__Scales__AvailableScaleDenominators  (withheld, W1-22)
        value /LayoutEditor__Pdf__Config/LayoutEditor__Pdf__Description  (withheld, W1-25)
  PASS  every TrueVision config block is here (34)

  Identity: nothing of TrueVision's or Noble Architecture's
  PASS  no TrueVision__ literal, TRUEVISION3D, [TrueVision3D, NaProjectPortal, 30__TrueVision__AppContent, /na-apps/, Noble Architecture Ltd or /api/truevision
  PASS  noble-architecture.com only as cdn.../VaApps/ or www.../assets/ (this app's own hosting)
  PASS  the Drawing Register offers none of TrueVision's four job stages
  PASS  the Statement Writer has its switch (LayoutEditor__Statement__Enabled, now false)

  Every check passed (1 warning).


=== Na__Test__ColourPalette__.test.mjs exit=0 (0.1 s)
PASS  nothing is available before the config has loaded
PASS  and a standard colour asked for early gives its fallback, not undefined
PASS  the shipped config loads without a single warning
PASS  and then the palette is available
PASS  loading is announced once, as "loaded"
PASS  one palette to start with, and it is the one on show
PASS  its groups are Monochrome then Dimensions, in the order written
PASS  Monochrome is the ten SSOT greys, black to white
PASS  Dimensions are Proposed red, Existing blue and Special GREEN, each at 150 - no black in the row
PASS  the three are one family: every one has a single channel at 150 and the rest at nothing
PASS  every colour carries a menu name, a technical name and the menu name of its group
PASS  every technical name is three-stage, ColourPalette__{Group}__{Colour}, and sits under its own group
PASS  every block names itself as its key does
PASS  every block names the group it sits in
PASS  every hex agrees with the rgb written beside it
PASS  no technical name is used twice
PASS  the Monochrome group IS the SSOT greyscale series: same keys, same order, same values
PASS  a colour written any of the ways this codebase writes one comes out as one lower case hex
PASS  and anything that is not a colour is null, never black
PASS  a standard colour by its technical name
PASS  a name the file has not got gives the fallback
PASS  a field's colour is named from the palette, whatever case it was written in
PASS  a colour the palette has not got is null
PASS  a colour given as rgb alone gets its hex; a broken one and a duplicate name are skipped; an empty group is dropped
PASS  and each slip is said on the console: no colour, a disagreement, a name used twice
PASS  the palette on show starts as the config's default
PASS  another can be put up, once; it is remembered; a key the file has not got is refused
PASS  a remembered palette the file no longer has falls back to the default
PASS  with room above the field the stack sits over it: palette 6 px above the field, right edges together
PASS  and the mixer is hung to END 4 px above the palette, its left edge on the palette's - where Adam drew the box
PASS  too near the top for both, the stack goes BESIDE the field - to its left, as the panels are down the right - foot level with the field's
PASS  and the order has not changed: the mixer is still on top of the palette, never under the field
PASS  a field at the very top keeps the whole stack inside the window
PASS  in the LEFT panel there is no room to the field's left, so the stack goes to its right
PASS  in a window too narrow for either side it is kept inside the window, over whatever it must be
PASS  nothing ever lands outside the window, wherever the field is
PASS  with the mixer switched off no room is kept for it: the palette alone sits over the field, and a mixer asked for later still goes on top
PASS  a maximised window at 100 % reads as 100 %, hidden window edges and all
PASS  125 % and 80 % are read off the two widths
PASS  a display set to 150 % at 100 % zoom is NOT mistaken for zoom
PASS  a docked side panel narrows the page like a zoom would; it is only believed if the pixel ratio agrees
PASS  a test pane emulating a 1400 px page in a 1024 px window (seen 21-Sep-2026, where it read as 75 % and left an 87 px gap) is not a zoom step
PASS  anything unreadable is 100 %
PASS  a field is only attached if it IS a colour input
PASS  a colour input is attached, once
PASS  a click on the field is cancelled (or the browser would hang its mixer from the FIELD) and opens the palette
PASS  the proxy is given its whole box BEFORE it enters the page, so it is never laid out anywhere else
PASS  and it is measured after the last change to it and straight before showPicker - the layout the browser hangs the mixer from is current
PASS  the proxy is the strip along the top of the stack, and carries the field's colour into the mixer
PASS  what the mixer does to the proxy reaches the field
PASS  a swatch pick puts the colour in the field, tells it as the browser would, and closes both
PASS  and the mixer's late report as it closes cannot land over the colour just picked
PASS  every file that makes its own <input type="color"> hands it to Na__ColourPalette__Attach
PASS  and the panel host attaches every colour input its factory makes, which is every colour field in the editor's panels
PASS  the stylesheet is imported by the style index, so the service worker's token governs it (never injected on first use)

55 passed, 0 failed


=== Na__Test__DimensionRoundUp__.test.mjs exit=0 (0.1 s)
ValeVision3D - dimension round up to 5 mm
  PASS  6,413 reads 6,415, marked (the screenshot)
  PASS  6,416 reads 6,420: always UP, never to the nearest
  PASS  6,411 reads 6,415, not 6,410
  PASS  6,412.6 prints 6,413 at 0 decimals, so reads 6,415
  PASS  2,810 stays 2,810, unmarked
  PASS  8,320 stays 8,320, unmarked
  PASS  0 stays 0, unmarked
  PASS  2,810.0000004 (snap noise) stays 2,810, unmarked
  PASS  2,809.9999996 (snap noise) stays 2,810, unmarked
  PASS  56.2 mm of paper x 50 stays 2,810, unmarked
  PASS  2,810.4 prints 2,810 at 0 decimals: stays, unmarked
  PASS  2,810.5 prints 2,811 at 0 decimals: reads 2,815
  PASS  6,413.27 at 1 decimal reads 6,415, marked
  PASS  2,810.04 at 1 decimal prints 2,810.0: stays
  PASS  2,810.06 at 1 decimal prints 2,810.1: reads 2,815
  PASS  A negative value rounds its size: -6,413 reads 6,415
  PASS  A 2.5 step: 1,001 reads 1,002.5
  PASS  A 0.05 step at 2 decimals: 12.35 stays
  PASS  A 10 step: 6,413 reads 6,420
  PASS  A step of 0 rounds nothing
  PASS  A missing step rounds nothing

Every check passed.


=== Na__Test__DocumentKeys__.test.mjs exit=0 (0.3 s)
ValeVision3D - the documents' keyboard and the key scope

  The key scope
  PASS  starts on the 3D model, before any reader is handed over
  PASS  the mode controller's reader is taken
  PASS  and asked afresh: a drawing tab is the sheet scope
  PASS  anything but a function is refused, the reader kept
  PASS  a name that is not a scope reads as the 3D model's
  PASS  a reader that fails reads as the 3D model's, never deaf
  PASS  and the reader is asked again on the next key
  PASS  the typing test: contenteditable, text box, text area, list
  PASS  the typing test: the page body, a button, nothing

  The 3D Model tab's hotkeys
[ValeVision3D] HotkeyHandler: 28 bindings loaded.
  PASS  R on the 3D Model tab resets the view and takes the key
  PASS  R in a plan annotation label on the 3D tab is a letter
  PASS  R in a text box on the 3D tab is a letter (as before)
  PASS  R typed into the statement is a letter
  PASS  R on a document tab, nothing focused, does nothing
  PASS  T on a drawing tab does not put the hidden model into Walk
  PASS  1 on a drawing tab does not fly the hidden camera

  The documents' key map
  PASS  Ctrl+S saves
  PASS  Command+S saves on a Mac
  PASS  Ctrl+Shift+S is not save
  PASS  AltGr+S (Ctrl+Alt) is never a shortcut
  PASS  a bare S is only a letter
  PASS  Ctrl+/ shows the raw markdown
  PASS  Ctrl+? (Shift held) does too
  PASS  Ctrl+. switches the typeface
  PASS  Ctrl+> (Shift held) does too
  PASS  Command stays Meta when MetaIsCtrl is off
  PASS  a character is typed by a bare key or Shift, never by a chord
  PASS  the key label for a tooltip

  The documents' keyboard
  PASS  it listens on the window in the capture phase
  PASS  and starts only once
  PASS  Ctrl+S on the Statements tab saves the statement, and nobody else hears it
  PASS  a held Ctrl+S is taken but saves once
  PASS  Ctrl+S on a drawing tab is left to the drawing
  PASS  Ctrl+S on the 3D Model tab is left alone
  PASS  an input method composing keeps its keys
  PASS  a key already answered is not answered twice
  PASS  a plain R typed into the statement is not looked at
  PASS  a document that declines leaves the key to go on
  PASS  a document whose answer fails still keeps its key
  PASS  Ctrl+S on the Project Specification goes on to the editor's save
  PASS  with no document showing, nothing is taken

  A bare-letter binding, if anyone ever writes one
  PASS  Q typed into the statement stays a letter
  PASS  Q typed into a text area stays a letter
  PASS  Q with the focus on a button is the binding

  VV: the rest of the 3D keys, the documentation rows, and a page before the editor loads
  PASS  VV: T on the 3D Model tab enters Walk and takes the key
[ValeVision3D] HotkeyHandler: 28 bindings loaded.
  PASS  VV: a handler given every 3D action reads its dictionary and listens
  PASS  VV: B, Y and V on the 3D Model tab still answer
  PASS  VV: T, R, V, B, Y, 1-9, Page Up and Page Down on a drawing tab leave the hidden camera, Walk and the carousel alone
  PASS  VV: and on a document tab
  PASS  VV: D, O, Delete and Escape on the 3D tab are documentation rows - no action, the key left to the page, no "No callback"
[ValeVision3D] HotkeyHandler: 28 bindings loaded.
  PASS  VV: before the editor hands its reader over the scope reads as the 3D model's, and R and T answer

  VV: the mode controller's hand-over
  PASS  VV: the mode controller imports the key scope and the documents' keyboard at TrueVision's paths, and both files are there
  PASS  VV: it hands its reader to the key scope at initialisation, before anything is waited on
  PASS  VV: it waits on the documents' key map with the other configs
  PASS  VV: and starts the documents' keyboard once the editor is ready
  PASS  VV: its view names are TrueVision's
  PASS  VV: the reader is in the file
  PASS  VV: its reader - the editor shut is the 3D model's; a drawing tab the sheet's; the specification, the register and the statements the documents'
  PASS  VV: the key scope takes it
  PASS  VV: under it, R resets the view while the editor is shut
  PASS  VV: T, R and V on a drawing tab reach nothing in the 3D view
  PASS  VV: and R typed into the Project Specification is a letter

  VV: the documents' keyboard on the real files
  PASS  VV: the module at its real path links against this app's KeyScope
  PASS  VV: and exports TrueVision's ten names
  PASS  VV: Ready() reads the key map beside the module once, uncached, and answers the same each time
  PASS  VV: GetBindings() is then the shipped key map - Save, the raw markdown, Lucida Console - with Command counted as Ctrl
  PASS  VV: a key map that is missing or out of reach never rejects, leaves the built-in bindings, and says so under this app's prefix
  PASS  VV: the real key scope takes the mode controller's reader
  PASS  VV: the documents' keyboard listens on the window in the capture phase, once
  PASS  VV: on the Project Specification a letter typed into a field or a text area is a letter, and with nothing focused it is left alone
  PASS  VV: on the Project Specification Ctrl+S goes on to the editor's save
  PASS  VV: an answer that fails is reported under this app's prefix, and the key is kept
  PASS  VV: a document that answers Ctrl+S saves itself, and the editor never hears it
  PASS  VV: a held key acts once, and Command counts as Ctrl
  PASS  VV: the same Ctrl+S on a drawing tab is left to the drawing

  Every check passed.


=== Na__Test__DraftGuard__.test.cjs exit=0 (0.5 s)
TAP version 13
# Subtest: the judge: none, ask, restore, ask
ok 1 - the judge: none, ask, restore, ask
  ---
  duration_ms: 2.3259
  type: 'test'
  ...
# Subtest: the draft says what it grew from, and says nothing while it is not known
ok 2 - the draft says what it grew from, and says nothing while it is not known
  ---
  duration_ms: 58.1122
  type: 'test'
  ...
# Subtest: a draft grown from the drawings loaded goes back without a question
ok 3 - a draft grown from the drawings loaded goes back without a question
  ---
  duration_ms: 31.7313
  type: 'test'
  ...
# Subtest: a draft grown from other drawings is asked about: Apply, Discard, Decide Later
ok 4 - a draft grown from other drawings is asked about: Apply, Discard, Decide Later
  ---
  duration_ms: 155.4619
  type: 'test'
  ...
# Subtest: a draft that does not say what it grew from is asked about, even when the drawings have no stamp
ok 5 - a draft that does not say what it grew from is asked about, even when the drawings have no stamp
  ---
  duration_ms: 46.9285
  type: 'test'
  ...
# Subtest: nothing writes the draft while it is being asked about, and a draft the drawings match asks nothing
ok 6 - nothing writes the draft while it is being asked about, and a draft the drawings match asks nothing
  ---
  duration_ms: 124.0671
  type: 'test'
  ...
# Subtest: a project that loads while the question is being prepared asks for itself
ok 7 - a project that loads while the question is being prepared asks for itself
  ---
  duration_ms: 47.0957
  type: 'test'
  ...
# Subtest: the base is learned from the local server after a load, and a save built on it goes out stamped and judged
ok 8 - the base is learned from the local server after a load, and a save built on it goes out stamped and judged
  ---
  duration_ms: 2.4278
  type: 'test'
  ...
# Subtest: a save whose drawings on disk have moved on is refused before R2 is touched
ok 9 - a save whose drawings on disk have moved on is refused before R2 is touched
  ---
  duration_ms: 1.659
  type: 'test'
  ...
# Subtest: a server without the fingerprint route leaves saves unjudged, as they were
ok 10 - a server without the fingerprint route leaves saves unjudged, as they were
  ---
  duration_ms: 1.2668
  type: 'test'
  ...
# Subtest: the web build judges by the block's own stamp: none before the first save, the stamp after
ok 11 - the web build judges by the block's own stamp: none before the first save, the stamp after
  ---
  duration_ms: 2.2111
  type: 'test'
  ...
1..11
# tests 11
# suites 0
# pass 11
# fail 0
# cancelled 0
# skipped 0
# todo 0
# duration_ms 477.5307


=== Na__Test__DraftRestore__.test.mjs exit=0 (0.5 s)
ValeVision3D - the browser draft comes back whichever arrives first

The drawings load first, the editor starts after:
  PASS  the unsaved note is back on its sheet
  PASS  the model is marked dirty
  PASS  one toast says so, and it is not an error
  PASS  the console says so once
  PASS  the draft itself is untouched
  PASS  the load is announced once, then the restore
  PASS  the pack's common fields are seeded for the project
  PASS  the first edit after the restore keeps the unsaved note in the draft
  PASS  ...with the edit beside it
  PASS  a save is announced as a save, and the model is clean
  PASS  ...the draft it wrote is cleared
  PASS  ...and nothing is restored again

The editor starts first, the drawings load after:
  PASS  before the drawings: no load is announced
  PASS  ...nothing is restored into the empty block, though the address names the project
  PASS  ...and a change announced meanwhile writes no draft over the waiting one
  PASS  the unsaved note is back on its sheet
  PASS  the model stays dirty (the load is not announced a second time over the restore)
  PASS  the load is announced once, then the restore
  PASS  one toast, one console line
  PASS  the pack's common fields are seeded once

Nothing to restore:
  PASS  no draft, drawings first: the load is announced exactly once, clean
  PASS  ...the project's own sheets, no toast, not dirty
  PASS  no draft, editor first: the load is announced exactly once, clean
  PASS  a draft the project already matches restores nothing
  PASS  an editor with no project yet announces no load, however long it waits

A second load lands before the late announcement runs:
  PASS  the model announces it once, not twice
  PASS  ...and seeds once

Every check passed


=== Na__Test__DrawingDrafts__.test.mjs exit=0 (0.1 s)
ValeVision3D - drawing drafts, drawing usage, elevation auto names
  fixture : 2026/3047__Doous project data on disk

Draft maths - is it changed
  PASS  an untouched record is not changed
  PASS  panning and zooming a preview is not a change
  PASS  ...but it IS one when the view keys are not named
  PASS  the same data in another key order is not a change
  PASS  a moved plane and a new bearing are exactly the two changes
  PASS  a key added since the snapshot is a change
  PASS  a snapshot of nothing is empty text
  PASS  nothing is reported against an empty snapshot

Draft maths - put it back, in place
  PASS  after a restore nothing is changed
  PASS  the record is the SAME object
  PASS  its annotation array is the SAME array
  PASS  ...holding only what was there before
  PASS  a key added since the snapshot has gone
  PASS  the view the author left it at is NOT put back
  PASS  it says which keys it touched
  PASS  restoring again touches nothing

Draft maths - somebody else saves while a drawing is half moved
  PASS  the record is found and swapped
  PASS  the save writes the plane where it was last updated
  PASS  the live record still holds the draft
  PASS  every other elevation in the save is untouched
  PASS  the sheets in the save are untouched
  PASS  a save that does not carry the block is left alone
  PASS  an id that is not in the save swaps nothing

Drawing usage - which sheet viewports are drawn from a drawing
  PASS  "TEST ELEVATION" is drawn by 1 viewport(s)
  PASS  the per-sheet counts add up
  PASS  a sheet is named by its short code and its name
  PASS  a drawing nothing uses reads as nothing
  PASS  no drawing id reads as nothing
  PASS  a 3D viewport on the same scene is not a use
  PASS  a 2D viewport with no drawing id falls back to its scene
  PASS  short code from a register number
  PASS  a sheet with no number is just its name
  PASS  the sentence names every sheet
  PASS  one viewport is singular
  PASS  nothing using it says nothing

Elevation auto names
  PASS  an elevation is named from its compass word
  PASS  a section says so
  PASS  no compass word is NO name, never a guess
  PASS  config can reword it
  PASS  an empty config format falls back to the shipped one
  PASS  the sentence says which elevation and which way it looks
  PASS  with north not set it says so and claims nothing
  PASS  a name nobody holds is kept
  PASS  the second of a name is numbered
  PASS  ...and the third
  PASS  a hand-lettered "North Elevation" is recognised as automatic
  PASS  so is its numbered twin
  PASS  "Coach House North Elevation" is the author's own
  PASS  "North Elevation Rear" is the author's own
  PASS  nothing is recognised while north is not set

ALL CHECKS PASSED


=== Na__Test__ElevationDepthFog__.test.mjs exit=0 (0.1 s)

The block
  PASS  a record with no block starts OFF
  PASS  ...with a metre of clear air behind the plane
  PASS  ...full at fifteen metres
  PASS  ...and an even fade
  PASS  a whole block is kept as it stands
  PASS  only an explicit true switches it on (1 does not)
  PASS  ...nor does the word
  PASS  End typed short of Depth: Depth stands, End gives way
  PASS  the fog never starts in front of the plane
  PASS  both depths stop at the far limit, a band apart
  PASS  fall-off stops at 100
  PASS  ...and at 0
  PASS  half a block is filled in from the defaults
  PASS  a block that is not a block reads as the defaults
  PASS  depths are whole millimetres
  PASS  writing keeps the SAME block object
  PASS  ...and what it wrote reads back identical
  PASS  ...in a fixed key order
  PASS  a block one value out does not match
  PASS  no block matches nothing

The fall-off
  PASS  50 typed, half way there: half fogged
  PASS  80 typed, half way there: 80% fogged
  PASS  20 typed, half way there: 20% fogged
  PASS  50 is a straight ramp (a quarter of the way: a quarter)
  PASS  ...and three quarters: three quarters
  PASS  nothing in front of Depth is touched
  PASS  nothing in front of the PLANE is touched
  PASS  at Depth itself the fog is still nothing
  PASS  at End it is full
  PASS  beyond End it stays full
  PASS  whatever is typed, the fog only ever thickens with depth
  PASS  a higher fall-off is denser at EVERY depth in the band
  PASS  100 is a wall at Depth (a millimetre in: all but full)
  PASS  0 is a wall at End (a metre short of it: all but clear)
  PASS  neither wall is a division by zero
  PASS  the ceiling scales the lot
  PASS  the curve is its own mirror (b against 1 - b)
  PASS  a fall-off that is not a number is the even fade

Behind the plane
  PASS  the fixture is the one on screen (cut -2200 mm)
  PASS  a point on the plane is 0 behind it
  PASS  a metre further east is a metre behind
  PASS  a metre nearer the viewer is a metre in FRONT
  PASS  sliding along the facade changes nothing
  PASS  nor does height

The depth solve
  PASS  a drawing camera solves
  PASS  ...square on, so screen position changes nothing
  PASS  ...the near plane is a stand-off in FRONT of the plane
  PASS  ...and depth runs the whole near-to-far range
  PASS  the depth stored AT the plane reads 0 behind it
  PASS  ...and a metre further reads a metre, anywhere on screen
  PASS  one tile of a big export solves to the same numbers
  PASS  a parallel camera swung off square still solves
  PASS  ...and reads any pixel back exactly
  PASS  a perspective camera is refused, not fogged wrongly
  PASS  a solve with nothing to sample is refused
  PASS  ...as is one that answers nonsense

Colour and the token
  PASS  paper white reads as three ones
  PASS  a colour without its hash still reads
  PASS  anything unreadable is paper white
  PASS  a display value survives the bake's own encode
  PASS  fog off keys as nothing at all
  PASS  no settings keys as nothing at all
  PASS  fog on has a key
  PASS  ...that moves with how far open paper looks
  PASS  ...that moves with Depth
  PASS  ...with End
  PASS  ...with the fall-off
  PASS  ...and with the colour

All checks passed.


=== Na__Test__FloorPlanStoreyLevel__.test.mjs exit=0 (0.1 s)
ValeVision3D - floor plan storey level
  PASS  the config ships a storey levels block
  PASS  the dropdown offers the five storeys in the order asked for
  PASS  the built-in fallback equals the shipped config exactly
  PASS  a choice is a key and a label, nothing else
  PASS  every height lands in the band Adam gave
  PASS  the metre under the datum is still the ground floor
  PASS  exactly -1000 is ground and one millimetre lower is a basement
  PASS  no height at all is the storey offered first
  PASS  the bands leave no gap anywhere the datum slider and cut offset can reach
  PASS  "Roof Plan" is a roof plan
  PASS  "Existing Ground Floor Plan" is the ground floor
  PASS  "FIRST FLOOR" is the first floor, whatever its case
  PASS  "Lower Ground Floor" is a basement: the longest match wins
  PASS  "Cellar" is a basement
  PASS  "Floor Plan 1" says nothing
  PASS  whole words only: "Background Plan" and "Roofline Study" say nothing
  PASS  punctuation is a word boundary: "Plan (roof)" and "second-floor" are found
  PASS  an empty or missing name says nothing
  PASS  PS01 "Roof Plan" cut at 6000: a roof plan, from its name (the height alone says second floor)
  PASS  PS01 "Floor Plan 1" cut at 1600: the ground floor, from its height
  PASS  with name guessing switched off, "Roof Plan" at 6000 goes by its height
  PASS  a chosen storey is the storey, whatever the name and height say
  PASS  a chosen storey carries its label and its drawing title
  PASS  an unchosen plan follows its cut: 1200 is the ground floor, 4000 the first
  PASS  a guess carries a title too
  PASS  a stored key that names no storey counts as nothing chosen
  PASS  a stored key is matched whatever its case or padding
  PASS  the five drawing titles are as they are lettered
  PASS  a storey with only a key is offered by it and titled by it
  PASS  a key given twice keeps its first entry, and entries with no key are dropped
  PASS  name tokens are trimmed and lower cased, and the unusable ones dropped
  PASS  a storey with no band is never guessed from a height
  PASS  a storey with no title is titled by its label
  PASS  an empty list falls back to the built-in storeys
  PASS  anything that is not a setup is read as the built-in one
  PASS  a setup made from the fallback cannot edit the fallback

  PASS - every check passed.


=== Na__Test__LoaderFacade__.test.mjs exit=0 (2.8 s)
ValeVision3D - Layout Editor loader facade
  TrueVision : read with git show b2aa9151 in D:\11_RefLib__StudioRepository__RemoteSystem\NaWeb

A. The start-up path: no editor module before the editor is used
  PASS  the loader's static imports are the drawings block, the authoring gate, the drawing-code leaf and its loading screen - nothing of the editor
  PASS  every module the loader imports statically is on disk
  PASS  every import() in the loader has a literal specifier (the module graph harness walks the editor through them)
  PASS  every import() in the loader names a file on disk
  PASS  the six editor entry modules, the tab strip and the Dev section are reached only through import()
  PASS  Na__LayoutEditor__LoadingScreen__.js imports nothing (it sits on the start-up path)
  PASS  Na__LayoutEditor__DrawingCode__.js imports nothing (it sits on the start-up path)
  PASS  walking every static import from index.html reaches 276 modules, and of the Layout Editor only the loader, its screen and the leaf
  PASS  it bites: a static import of the mode controller planted in the loader fails the import check and drags the editor onto the start-up path (145 modules)
  PASS  it bites: an import() with a computed specifier planted in the loader fails the literal check

B. Every name the loader copies equals the editor's own
  PASS  Na__LeLoad__CheckNames was read (8 rows)
  PASS  Na__LeLoad__SHEETS_EVENT is declared in the loader
  PASS  Na__LeLoad__SHEETS_EVENT = "na-layouteditor-sheets-changed" is TrueVision's Na__LeModel__CHANGED_EVENT ("na-layouteditor-sheets-changed")
  PASS  Na__LeLoad__SHEETS_EVENT = this app's Na__LeModel__CHANGED_EVENT ("na-layouteditor-sheets-changed", 02__Src__AppModules/51__System__LayoutEditor/07__Core__SheetData/Na__LayoutEditor__SheetModel__State__.js)
  PASS  Na__LeLoad__SHEETS_EVENT has its CheckNames row against editor.model.Na__LeModel__CHANGED_EVENT (the editor declares it, so the load must check it)
  PASS  Na__LeLoad__MODE_EVENT is declared in the loader
  PASS  Na__LeLoad__MODE_EVENT = "na-layouteditor-mode-changed" is TrueVision's Na__LeMode__CHANGED_EVENT ("na-layouteditor-mode-changed")
  PASS  Na__LeLoad__MODE_EVENT = this app's Na__LeMode__CHANGED_EVENT ("na-layouteditor-mode-changed", 02__Src__AppModules/51__System__LayoutEditor/05__Core__ModeController/Na__LayoutEditor__ModeController__.js)
  PASS  Na__LeLoad__MODE_EVENT has its CheckNames row against editor.mode.Na__LeMode__CHANGED_EVENT (the editor declares it, so the load must check it)
  PASS  Na__LeLoad__SPEC_EVENT is declared in the loader
  PASS  Na__LeLoad__SPEC_EVENT = "na-layouteditor-spec-changed" is TrueVision's Na__LeSpec__CHANGED_EVENT ("na-layouteditor-spec-changed")
  PASS  Na__LeLoad__SPEC_EVENT = this app's Na__LeSpec__CHANGED_EVENT ("na-layouteditor-spec-changed", 02__Src__AppModules/51__System__LayoutEditor/50__Feature__Specification/Na__LayoutEditor__SpecData__State__.js)
  PASS  Na__LeLoad__SPEC_EVENT has its CheckNames row against editor.spec.Na__LeSpec__CHANGED_EVENT (the editor declares it, so the load must check it)
  PASS  Na__LeLoad__VIEW_SHEET is declared in the loader
  PASS  Na__LeLoad__VIEW_SHEET = "sheet" is TrueVision's Na__LeMode__VIEW_SHEET ("sheet")
  PASS  Na__LeLoad__VIEW_SHEET = this app's Na__LeMode__VIEW_SHEET ("sheet", 02__Src__AppModules/51__System__LayoutEditor/05__Core__ModeController/Na__LayoutEditor__ModeController__.js)
  PASS  Na__LeLoad__VIEW_SHEET has its CheckNames row against editor.mode.Na__LeMode__VIEW_SHEET (the editor declares it, so the load must check it)
  PASS  Na__LeLoad__VIEW_SPEC is declared in the loader
  PASS  Na__LeLoad__VIEW_SPEC = "spec" is TrueVision's Na__LeMode__VIEW_SPEC ("spec")
  PASS  Na__LeLoad__VIEW_SPEC = this app's Na__LeMode__VIEW_SPEC ("spec", 02__Src__AppModules/51__System__LayoutEditor/05__Core__ModeController/Na__LayoutEditor__ModeController__.js)
  PASS  Na__LeLoad__VIEW_SPEC has its CheckNames row against editor.mode.Na__LeMode__VIEW_SPEC (the editor declares it, so the load must check it)
  PASS  Na__LeLoad__VIEW_REGISTER is declared in the loader
  PASS  Na__LeLoad__VIEW_REGISTER = "register" is TrueVision's Na__LeMode__VIEW_REGISTER ("register")
  PASS  Na__LeLoad__VIEW_REGISTER = this app's Na__LeMode__VIEW_REGISTER ("register", 02__Src__AppModules/51__System__LayoutEditor/05__Core__ModeController/Na__LayoutEditor__ModeController__.js)
  PASS  Na__LeLoad__VIEW_REGISTER has its CheckNames row against editor.mode.Na__LeMode__VIEW_REGISTER (the editor declares it, so the load must check it)
  PASS  Na__LeLoad__VIEW_STATEMENT is declared in the loader
  PASS  Na__LeLoad__VIEW_STATEMENT = "statement" is TrueVision's Na__LeMode__VIEW_STATEMENT ("statement")
  PASS  Na__LeLoad__VIEW_STATEMENT = this app's Na__LeMode__VIEW_STATEMENT ("statement", 02__Src__AppModules/51__System__LayoutEditor/05__Core__ModeController/Na__LayoutEditor__ModeController__.js)
  PASS  Na__LeLoad__VIEW_STATEMENT has its CheckNames row against editor.mode.Na__LeMode__VIEW_STATEMENT (the editor declares it, so the load must check it)
  PASS  Na__LeLoad__DRAWING_SITEPLAN is declared in the loader
  PASS  Na__LeLoad__DRAWING_SITEPLAN = "siteplan" is TrueVision's Na__LeModel__DRAWING_SITEPLAN ("siteplan")
  PASS  Na__LeLoad__DRAWING_SITEPLAN = this app's Na__LeModel__DRAWING_SITEPLAN ("siteplan", 02__Src__AppModules/51__System__LayoutEditor/07__Core__SheetData/Na__LayoutEditor__SheetRecords__.js)
  PASS  Na__LeLoad__DRAWING_SITEPLAN has its CheckNames row against editor.model.Na__LeModel__DRAWING_SITEPLAN (the editor declares it, so the load must check it)
  PASS  every CheckNames row compares a copy with the constant it copies
  PASS  it bites: with the sheet view's CheckNames row taken out of a planted copy, the coverage check names it
  PASS  Na__LeLoad__ImportEditor binds mode, model, spec, config, viewport3d and pdf to the modules this test reads

C. The feature map and TrueVision's document entry points
  PASS  Na__LeLoad__FEATURES is a frozen literal map of the four views (no probe of the editor)
  PASS  the drawing tabs and the specification are always there
  PASS  Na__LeLoad__HasFeature reads the map and nothing else (no editor, no import)
  PASS  Na__LeLoad__OpenRegister exists, as TrueVision's Na__LeMode__OpenRegister does
  PASS  Na__LeLoad__VIEW_REGISTER is marked absent, so Na__LeLoad__OpenRegister refuses: it never reaches the editor, loads nothing and resolves false
  PASS  Na__LeLoad__OpenStatements exists, as TrueVision's Na__LeMode__OpenStatements does
  PASS  Na__LeLoad__VIEW_STATEMENT is marked absent, so Na__LeLoad__OpenStatements refuses: it never reaches the editor, loads nothing and resolves false
  PASS  it bites: a planted Na__LeLoad__OpenRegister that reaches the editor while its view is marked absent is caught
  PASS  the editor's config was read (609 labels)
  PASS  the pre-load name and paper fallbacks are the sheet model's config defaults ("New Drawing", A3)
  PASS  the pre-load tab label format is the config's TabLabelFormat
  PASS  Na__LeLoad__Ready forwards to the editor's own Ready once loaded and never loads it itself (TrueVision exports Na__LeMode__Ready)
  PASS  Na__LeLoad__IsSitePlanSheet is TrueVision's Na__LeRec__IsSitePlanSheet rule exactly
  PASS  the pre-load sheet views carry Sheet__DrawingType for a site plan

D. The loading wording is TrueVision's first-open veil wording
  PASS  the loading screen's title is TrueVision's first-open veil headline "Your Drawings Are Loading" (VeilDrawingsHeadline)
  PASS  the old "Loading Layout Editor..." title is gone from the code (the log may still name it)
  PASS  the drawing-count line is the first-open veil's: this app's LoadingVeil reads VeilDrawingViews, falling back to TrueVision's "Drawing the Views", and the loader keeps no drawing line or drawing wait of its own

Stand-ins for the running half
  PASS  the stand-ins for the drawings block and the authoring gate export every name the loader imports from them

E. Start-up: a project with no sheets, and Layout Mode off, fetch nothing of the editor
  PASS  the loader starts
  PASS  no sheets: no editor module and no tab strip is fetched (only the drawings block and the authoring gate)
  PASS  no sheets: the editor is not offered, and says so once
  PASS  no sheets: Na__LeLoad__OpenRegister (its view not in this build) fetches nothing and resolves false
  PASS  no sheets: Na__LeLoad__OpenStatements (its view not in this build) fetches nothing and resolves false
  PASS  no sheets: Ready waits for a load that has not happened, and asking it fetches nothing
  PASS  Layout Mode off with sheets: nothing of the editor is fetched, and it is not offered

F. The facade before the load, through it and after it: the same answers
  PASS  offered: the tab strip is fetched and started, and no editor module
  PASS  before: the sheets come in the sheet model's order, with its fallbacks
  PASS  before: the sheet with no name reads the default name
  PASS  before: only the record stored as a site plan is one (TrueVision's rule)
  PASS  before: a view carries Sheet__DrawingType only for a site plan, as TrueVision stores it
  PASS  before: IsSitePlanSheet answers every probe as TrueVision's rule does
  PASS  before: HasFeature answers as the map says (true, true, false, false) and no for anything else
  PASS  before: the view names are TrueVision's
  PASS  before: nothing open, nothing unsaved, the sheet view
  PASS  before: the tab label of the drawing with a number is its short code and name
  PASS  before: Na__LeLoad__OpenRegister (not in this build) resolves false, fetches nothing and puts no screen up
  PASS  before: its refusal says so in the console, once, as a warning
  PASS  before: Na__LeLoad__OpenStatements (not in this build) resolves false, fetches nothing and puts no screen up
  PASS  before: its refusal says so in the console, once, as a warning
  PASS  before: Ready is pending and asking it fetched nothing
  PASS  the load: the drawing opens
  PASS  the load: the six editor entry modules were fetched, nothing unexpected
  PASS  the load: the screen said TrueVision's "Your Drawings Are Loading" while it ran
  PASS  the load: the screen named the load's own two steps in Title Case ("Fetching the Drawing Tools" at the press, "Reading the Drawing Settings" last) and asked for no drawing wait - the first-open veil owns the drawing
  PASS  the load: the mode controller was started with the render context
  PASS  the load: CheckNames was silent - every copy equals the editor's constant
  PASS  the load: the stylesheets were linked
  PASS  the load: the Ready asked before the load resolved true
  PASS  after: Ready asked now resolves true too - the same answer either side of the load
  PASS  after: the loader announced itself loaded
  PASS  after: order answers exactly as before the load
  PASS  after: byId answers exactly as before the load
  PASS  after: features answers exactly as before the load
  PASS  after: views answers exactly as before the load
  PASS  after: events answers exactly as before the load
  PASS  after: offered answers exactly as before the load
  PASS  after: layout answers exactly as before the load
  PASS  after: editable answers exactly as before the load
  PASS  after: probes answers exactly as before the load
  PASS  after: the questions are now answered by the editor (live records, the open sheet)
  PASS  after: Na__LeLoad__OpenRegister still refuses, the same answer as before the load, and never reaches the editor
  PASS  after: its refusal puts no screen up
  PASS  after: Na__LeLoad__OpenStatements still refuses, the same answer as before the load, and never reaches the editor
  PASS  after: its refusal puts no screen up
  PASS  after: no error on the console for the whole run

G. CheckNames bites, and an editor switched off or failing answers Ready false
  PASS  a planted mismatch (the editor's sheet view renamed "sheets") is reported once, naming the sheet view
  PASS  editor off in its config: the drawing does not open and the reader is told
  PASS  editor off in its config: Ready resolves false, asked before the load or after
  PASS  editor off in its config: it is no longer offered
  PASS  a load that fails: nothing opens and the screen shows its error state
  PASS  a load that fails: the Ready asked before it resolves false
  PASS  a load that fails: the reason is on the console

  PASS - every check passed (118).


=== Na__Test__LoaderStylesheets__.test.mjs exit=0 (0.2 s)
ValeVision3D - the Layout Editor loader's stylesheets against TrueVision's CSS index
  TrueVision: git show b2aa9151 (D:\11_RefLib__StudioRepository__RemoteSystem\NaWeb)

  PASS  TrueVision's CSS index names its Layout Editor stylesheets (14), Surfaces first and WebViewer last
  PASS  ...and at b2aa9151 it is the sequence recorded in this test
  PASS  Na__LeLoad__STYLESHEETS is in the loader and every entry is a literal new URL('../<sheet>.css', import.meta.url).href
  PASS  every listed sheet is on disk (8; a sheet is never registered before its file lands)
  PASS  the list is TrueVision's Layout Editor sequence for the 8 of 14 sheets this app has, in TrueVision's order
  PASS  Surfaces is first and WebViewer last
  PASS  no listed sheet is also imported by the CSS index (one home each; the index keeps only Styles__Boot)

  Every check passed.


=== Na__Test__NorthCompass__.test.mjs exit=0 (0.1 s)
ValeVision3D - north direction compass maths
  PASS  north is -Z: bearing 0
  PASS  east is +X: bearing 90
  PASS  south is +Z: bearing 180
  PASS  west is -X: bearing 270
  PASS  a vector of no length has no bearing
  PASS  wrap: -90 is 270, 360 is 0, 725 is 5
  PASS  round: 359.97 to one place is 0, not 360
  PASS  round: what is stored is the tidy number - 155.9, never 155.89999999999998
  PASS  a bearing and an elevation azimuth are one measure, and vector <-> bearing round-trips
  PASS  north-up model: azimuths 0/90/180/270 are North/East/South/West
  PASS  PS02: a north bearing of 90 names azimuth 90 North, 180 East, 270 South
  PASS  PS02: the fourth side, azimuth 0, is West
  PASS  north not set: no word (null, undefined, NaN)
  PASS  north set to 0 is a real answer
  PASS  house default (15): 30 degrees off north is still North
  PASS  house default (15): 31 to 59 off north is North East
  PASS  house default (15): the boundaries themselves, 30 and 60, belong to the cardinals
  PASS  half width 22.5 is the ordinary eight-point compass
  PASS  half width 0 is the four-point compass
  PASS  near 360 wraps to North, not to a ninth point
  PASS  a building skewed 25 degrees still gets four different names
  PASS  a building at 45 degrees gets the four intercardinals
  PASS  configured words are used, missing ones fall back

  PASS - every check passed.


=== Na__Test__PerSceneLighting__.test.mjs exit=0 (0.1 s)
ValeVision3D - per-scene lighting
  PASS  the app config carries the lighting blocks
  PASS  register takes both lights
  PASS  the default sun sits at (50, 100, 40), where the setup module used to put it
  PASS  default strengths come from the config: ambient 2.8, sun 0.5
  PASS  shadows are on by default
  PASS  registering asks for no frame (the first frame has not been drawn yet)
  PASS  the default rotation is 0 and the default height is asin(100 / |sun|)
  PASS  slider ranges come from Scene__PerSceneLighting
  PASS  per-scene lighting is on, and eases over a flight
  PASS  rotation 90 turns (50, _, 40) clockwise in plan to (-40, _, 50)
  PASS  a change asks the render loop for one frame
  PASS  the same light again asks for nothing
  PASS  rotation 180 puts the sun opposite: (-50, 100, -40)
  PASS  requestRender false asks for nothing
  PASS  height 90 is straight overhead at the same distance
  PASS  ApplyDefaults puts the sun back at (50, 100, 40)
  PASS  the default builds no block
  PASS  rotation 135 builds a block holding the rotation and nothing else
  PASS  a height that rounds to the default height is not stored
  PASS  a strength that rounds to the default is not stored
  PASS  rotation 360, and 359.6, are the default direction
  PASS  every setting changed is stored at its precision: whole degrees, two places, shadows as a flag
  PASS  a partial block keeps every other setting at the exact default
  PASS  out-of-range values are wrapped and clamped: -90 is 270, height 5 to 10, ambient 99 to 6, sun -1 to 0
  PASS  ShadowsEnabled false fades the shadow to 0 without touching castShadow
  PASS  no block, a junk block and no scene all resolve to the default
  PASS  a built block resolves back to the values it was built from (at stored precision)
  PASS  350 to 10 passes through 0, not 180
  PASS  10 to 350 passes through 0 too
  PASS  strengths and the shadow fade are linear in t
  PASS  t 0 is the start and t 1 the end
  PASS  capturing the default removes the key (the default is never a copy of itself)
  PASS  capturing a custom light writes the smallest block that reproduces it
  PASS  the captured scene resolves to exactly the live light
  PASS  an unlit scene has no token, so its pictures keep their keys
  PASS  a lit scene has a token naming what it changes
  PASS  switched off, a scene block resolves to the default
  PASS  switched off, capture leaves the record alone
  PASS  switched off, the Dev menu is told to hide and no picture is re-keyed
  PASS  an app config from before v2.71.0 still lights the model exactly as before

All checks passed.


=== Na__Test__ProjectQr__.test.mjs exit=0 (0.1 s)

1. Every version from 1 to 10 reads back through the separate decoder
  ok    version 1, longest payload (14 bytes)
  ok    version 1, shortest payload (1 bytes)
  ok    version 2, longest payload (26 bytes)
  ok    version 2, shortest payload (15 bytes)
  ok    version 3, longest payload (42 bytes)
  ok    version 3, shortest payload (27 bytes)
  ok    version 4, longest payload (62 bytes)
  ok    version 4, shortest payload (43 bytes)
  ok    version 5, longest payload (84 bytes)
  ok    version 5, shortest payload (63 bytes)
  ok    version 6, longest payload (106 bytes)
  ok    version 6, shortest payload (85 bytes)
  ok    version 7, longest payload (122 bytes)
  ok    version 7, shortest payload (107 bytes)
  ok    version 8, longest payload (152 bytes)
  ok    version 8, shortest payload (123 bytes)
  ok    version 9, longest payload (180 bytes)
  ok    version 9, shortest payload (153 bytes)
  ok    version 10, longest payload (213 bytes)
  ok    version 10, shortest payload (181 bytes)
  ok    the cases between them exercise more than one mask (0, 1, 2, 3, 4, 6)
  ok    accents, a euro sign and an emoji go through as UTF-8
  ok    214 bytes is refused rather than truncated
  ok    an empty string is refused

2. The address a drawing carries: none from the shipped config, and the rules a Vale address will follow
  ok    the shipped config builds no address, even for a project with every token: there is no Vale resolver yet (BaseUrl empty, DR-12 (A))
  ok    a Vale key 3047 at the candidate is https://adam-noble-01.github.io/ValeCodebase/q/?3047
  ok    which is 52 bytes, ten over the 42 a version 3 symbol holds: version 4, 33 modules
  ok    and reads back through the decoder
  ok    it is never the address bar: no localhost in it
  ok    a project with no code draws no address
  ok    a code is URL-encoded, not pasted
  ok    keyed by the address bar's ?project= token it would be 79 bytes: version 5, 37 modules
  ok    a 42 byte address is a version 3 symbol, 29 modules, and reads back

3. The shipped title block against the shipped floor
  ok    strip 10 mm, quiet zone 2 modules: a version 3 code is 8.79 mm at 0.303 mm a module
  ok    which clears the 0.28 mm floor
  ok    the Vale candidate is version 4 at 0.270 mm, which does NOT - so the guard would say so (DR-12 pairs that address with a 0.265 mm floor)
  ok    keyed by the token it would print 0.244 mm, under it too
  ok    TrueVision's full app address in the same strip would have printed 0.189 mm, far under it

4. ValeVision ships the code switched off: no resolver, no index, no keys
  ok    ProjectQr__Enabled is false as shipped (DR-12 (A))
  ok    and the title block's own switch, LayoutEditor__TitleBlock__QrCellEnabled, is false as well
  ok    there is no resolver to point at: the base address and the index address are both empty
  ok    153 master-index entries, none with a resolver key yet, so no project has a code to print
  skip  the resolver's index against the project folders: ValeVision has no QR resolver yet (DR-12); package W5-05 builds it and rewrites this section

5. One path on every surface
  ok    SVG: one path holding every run (218), crisp edged, light square first
  ok    SVG: a colour that is not a colour cannot get through
  ok    HTML: the viewBox carries four modules of quiet zone on every side
  ok    PDF: the light square is painted, every run joins ONE path, and fill() paints it once

6. Black for a document's own code, a softer grey for the Portal block's
  ok    a document's own code - the title block's - is still black
  ok    the Portal block's code is hsl(0, 0%, 35%), which is #595959 (Adam, 21-Sep-2026)
  ok    the black against the light colour is 100 per cent symbol contrast, over the 70 of grade A
  ok    the Portal grey against the light colour is 90 per cent symbol contrast, over the 70 of grade A
  ok    GetSetup hands the Portal grey out as symbol.portalDarkColour, and the black as symbol.darkColour
  ok    with the config unreadable, the built-in fallbacks give the same two colours

7. ValeVision's seams: a config that cannot be read draws no code, and the project comes from the master index
  ok    before the loader's master index has settled nothing is known - no folder, no year, no key: never a guess
  ok    on ?project=2026/3047__Doous the link reads folder 3047__Doous and year 2026 from the master index, and the entry's permanent key as the code - not the token
  ok    config missing (404): nothing landed and the system is OFF - no address and no symbol, though the project on screen has a key
  ok    ...and the built-in fallbacks name no resolver and no index
  ok    config answered by the app's page (200, not JSON): OFF, no symbol
  ok    config read as shipped: it landed, and it is OFF - no symbol
  ok    switched on with a test resolver, the code carries that resolver and the project's key: https://qr.example.test/q/?test-key-3047
  ok    ...and the same symbol object comes back until the address changes
  ok    a project whose master-index entry has no key draws no code, even switched on
  ok    nor does a project the master index does not list

62 passed, 0 failed



=== Na__Test__ScrapbookDrawingTitle__.test.mjs exit=0 (0.1 s)
ValeVision3D - parametric scrapbook drawing title
  PASS  the first record is the underline, and its first point is the origin
  PASS  the underline is Adam's: 60 mm, 0.4 pt, #172b3a
  PASS  the title says what Adam lettered
  PASS  the title is set as Adam sets it: 3.5 mm, 600, #172b3a, ranged left
  PASS  the title stands where Adam stands it over the underline, to a thousandth of a millimetre
  PASS  the scale bar hangs where Adam hangs it under the underline, to a thousandth, sharing its left end
  PASS  with its bar: the underline, the ten cells of the house 1:50 bar, the title and six numerals
  PASS  every vector comes before every text, so the engine's slots never move
  PASS  the title is always the first text, ahead of the bar's numerals
  PASS  without its bar it is exactly the underline and the title
  PASS  the config's default carries the bar
  PASS  a proposed north elevation
  PASS  north not set: EXISTING {{DIRECTION}} ELEVATION, and the build says it is unresolved
  PASS  tied to nothing: {{DRAWING}}
  PASS  a plan takes its drawing's name
  PASS  a typed viewport name is the subject
  PASS  a typed title replaces it all, as typed
  PASS  capitals off, qualifier off
  PASS  the same parameters build the same records, byte for byte
  PASS  no way to measure text: the underline is its set length
  PASS  a title shorter than the underline leaves it alone
  PASS  a longer title is underlined to its end, plus the fit extra, rounded up to a tenth
  PASS  a measure that throws, or answers nonsense, costs nothing
  PASS  the measure is asked about the title as it is written, at its size and weight
  PASS  a set length is held inside its limits
  PASS  with its bar the stretch and lookup grips are the bar's, moved down with it
  PASS  without its bar the stretch grip is the underline's end and there is no lookup grip
  PASS  the link socket stands off the top of the underline's end either way
  PASS  stretching a bare title sets its underline, in 5 mm steps
  PASS  stretching a title with a bar lengthens the bar in whole divisions and leaves the underline
  PASS  a stretch keeps every word the title says
  PASS  junk parameters fall back to the config's standard
  PASS  the standard at 1:100 is the bar's standard at 1:100 with the title's settings
  PASS  the type names the facts the link module fills
  PASS  a change of scale keeps every fact and every choice
  PASS  the type says whether an element has a bar
  PASS  the type says what a title reads, for the panel
  PASS  the type builds with no tools at all, as it must under the tile
  PASS  a missing config still draws the house title

  PASS - every check passed.


=== Na__Test__ScrapbookScaleBar__.test.mjs exit=0 (0.1 s)

ValeVision3D - parametric scale bar

  PASS  1:50 is ten cells and six numerals
  PASS  the first record is a vector whose first point is the origin (how the engine finds a moved bar)
  PASS  every cell matches the hand-drawn cell: corners, fill, edge
  PASS  every numeral matches: text, size, weight, colour, centred on its division, on his baseline
  PASS  1:1 is 100 mm on the paper and reads 0 10 20 30 40 50 60 70 80 90 100
  PASS  1:2 is 100 mm on the paper and reads 0 50 100 150 200
  PASS  1:5 is 100 mm on the paper and reads 0 100 200 300 400 500
  PASS  1:10 is 100 mm on the paper and reads 0 200 400 600 800 1000
  PASS  1:20 is 100 mm on the paper and reads 0 0.5 1 1.5 2
  PASS  1:25 is 100 mm on the paper and reads 0 0.5 1 1.5 2 2.5
  PASS  1:50 is 100 mm on the paper and reads 0 1 2 3 4 5
  PASS  1:100 is 100 mm on the paper and reads 0 2 4 6 8 10
  PASS  1:200 is 100 mm on the paper and reads 0 5 10 15 20
  PASS  1:250 is 100 mm on the paper and reads 0 5 10 15 20 25
  PASS  1:500 is 100 mm on the paper and reads 0 10 20 30 40 50
  PASS  1:1000 is 100 mm on the paper and reads 0 20 40 60 80 100
  PASS  1:1250 is 100 mm on the paper and reads 0 25 50 75 100 125
  PASS  1:2500 is 100 mm on the paper and reads 0 50 100 150 200 250
  PASS  1:30 is solved: 500 mm x 6
  PASS  1:75 is solved: 2000 mm x 4
  PASS  1:125 is solved: 2500 mm x 5
  PASS  1:400 is solved: 10000 mm x 4
  PASS  1:5000 is solved: 100000 mm x 5
  PASS  split at 1:50: five 4 mm sub-cells then four 20 mm cells
  PASS  an odd split (five) keeps the checker alternating end to end
  PASS  an even split (1:100, four) keeps the checker alternating end to end
  PASS  a split adds no numerals
  PASS  stretch to 138 mm is seven divisions
  PASS  stretch behind the origin holds at one
  PASS  stretch far off the paper holds at the maximum
  PASS  junk parameters become the default standard
  PASS  an empty config still draws the house bar
  PASS  divisions 5 mm apart are numbered every second one, ends kept, no collision at the end
  PASS  Show units writes them on the last numeral only
  PASS  describe reads the length both ways

  PASS - the scale bar draws the house bar and holds its rules.



=== Na__Test__SheetsNormaliseOnce__.test.mjs exit=0 (0.1 s)
ValeVision3D - sheets are normalised once per announcement
  PASS  the first read normalises every sheet once
  PASS    and hands the normaliser each sheet's place among the sheets, as before
  PASS    and answers in tab order, leaving out what is not a sheet
  PASS  a second and a third read normalise nothing
  PASS  one sheet by id normalises nothing, and finds it
  PASS  the active sheet normalises nothing, and is the live record
  PASS  eight reads in a row (one pointer move) normalise nothing
  PASS  a field written on a record already there brings no pass
  PASS  an announcement normalises every sheet again, once
  PASS    and the read after it normalises nothing
  PASS  a record pushed with no announcement normalises its sheet alone
  PASS  a record spliced out with no announcement does the same
  PASS  a list replaced by one the same length normalises its sheet alone
  PASS  the list the pass itself replaces does not bring the sheet back
  PASS  a sheet added to the array is normalised, and the others are not
  PASS  new objects under the old ids (a restore) are all normalised
  PASS  a different array (a project load) is normalised
  PASS    and then left alone
  PASS  Dispatch moves the Revision on BEFORE its listeners run (and Touch goes through it)
  PASS    the Revision reads live from outside the unit
  PASS  MUTATION caught: never normalises (IsNormalised always true)
  PASS  MUTATION caught: always normalises (the old behaviour)
  PASS  MUTATION caught: ignores announcements (no Revision test)
  PASS  MUTATION caught: ignores a list's length
  PASS  MUTATION caught: ignores a list being replaced
  PASS  MUTATION caught: notes the sheet BEFORE its pass

Every check passed.


=== Na__Test__TitleBlockCells__.test.mjs exit=0 (0.1 s)
THE CONFIG
  pass  Status is the last row, at the right-hand end of the strip
  pass  the Drawing Title is the one Flex row
  pass  the number cell is the Document ID, labelled for what it is, and no Drawing No. cell is left
  pass  Rev, Scale, Date and Drawn By are one size   28 / 28 / 28 / 28
  pass  the config lists the statuses, none blank and none twice   12 listed
  pass  the four Adam named are among them
  pass  every measured status fits the Status cell without borrowing   30 mm cell
  pass  Drawn By's default, Vale Garden Houses, fits the 28 mm module   23.08 of 28
A2
  pass  the strip is filled exactly
  pass  every fixed cell is its configured width
  pass  the Client cell is less than half the 76 mm it was   36.0 mm
  pass  the Document ID cell is half the 49 mm the number cell had   24.0 mm
  pass  the Drawing Title has the rest   278.0 mm
  pass  nothing is cut off
THE SAME DIVIDERS ON EVERY SHEET OF A PACK
  pass  a short title and a long one give identical cells on roomy paper
A3, WHERE THE OLD SHARES CUT THE TITLE
  pass  the strip is filled exactly
  pass  an 88 mm title, cut at 71 mm under the old shares, now fits   104.0 mm against 87.72
  pass  and no fixed cell moved to make it fit
GROW IF ABSOLUTELY REQUIRED
  pass  a title longer than its share borrows from cells with room, and fits   125.00
  pass  the strip is still filled exactly
  pass  no cell gave up room its own text needs
  pass  the Site Address, with 9.6 mm to spare, gave less than the Rev cell with 21.8
  pass  a long address grows on A2 out of the paper's spare room alone
  pass  a three-scale label is never cut: the Scale cell grows to hold it   32.63
A4 LANDSCAPE, NARROWER THAN THE STRIP
  pass  the strip is filled exactly
  pass  only the title is cut: every other cell kept its text   Title
  pass  no cell is wider than it was configured
A STRIP TOO NARROW EVEN FOR THE TEXT: THE TITLE GIVES WAY FIRST
  pass  the strip is filled exactly
  pass  only the title is cut: the date, the scale and the number keep their text   Title
  pass  the title is cut below its configured width, but not below its own label   21.75 mm, floor 15.95
A4 PORTRAIT, WHERE NOTHING FITS
  pass  the strip is filled exactly
  pass  every cell has some width
  pass  the title is down to its label before anything else is scaled   title 14.37 of a 15.95 floor
  pass  so every other value keeps nine tenths of its cell   9.9 percent lost
A2 AND A1 GIVE THE FIXED CELLS A FIFTH MORE (21-Sep-2026)
  pass  the config asks a fifth more on A2 and A1, and on nothing smaller   {"A2":1.2,"A1":1.2}
  pass  A2: every fixed cell is a fifth wider   Client 43.2, SiteAddress 84.0, DocumentId 28.8, Revision 33.6, Scale 33.6, Date 33.6, DrawnBy 33.6, Status 36.0
  pass  A2: the Site Address is 84 mm   84.00
  pass  A2: the Drawing Title has the rest, 223.6 mm, and nothing is cut   223.60 mm
  pass  A2: the strip is filled exactly
  pass  Widen leaves the cells it is handed alone
  pass  an address that had grown to 84 mm to fit gets a fifth on top of that, 100.8 mm   100.80 mm
  pass  A1: every fixed cell is a fifth wider too
  pass  a 250 mm title keeps every millimetre: the fifth shrinks instead   250.00 mm
  pass  and every fixed cell gets the SAME share of its fifth   10.3 percent
  pass  A2 portrait affords part of its fifth: every fixed cell the same share, and the title keeps every millimetre of its text   6.0 percent, title 87.72 mm
  pass  where the strip has no room to spare, it draws exactly the strip it drew before
  pass  a factor of 1 changes nothing
A CALLER THAT GIVES NO FLOOR
  pass  still fills the strip, and still cuts only the title
AN OLD CONFIG STILL DRAWS THE OLD STRIP
  pass  with no Flex row the spare room is shared in proportion, as it always was
DEGENERATE INPUT
  pass  no cells, no widths
  pass  no strip, all zero
  pass  a row with no WidthMm takes the module default

ALL CHECKS PASSED


=== Na__Test__TransportFacade__.test.mjs exit=0 (1.4 s)
ValeVision3D - transport facade

THE INTERFACE | TrueVision's names, parameters and constants
  PASS  every one of TrueVision's 33 client exports is exported
  PASS  the client exports nothing else but the ValeVision-only display-name accessor
  PASS  the 28 names TrueVision's modules import are all among them
  PASS  each client function takes TrueVision's parameters (same count)
  PASS  the two sheet-image constants keep TrueVision's values
  PASS  the mirror exports exactly TrueVision's 8 names
  PASS  each mirror function takes TrueVision's parameters (same count)
  PASS  the display-name accessor is a function of no arguments

KEYS AND URLS | localhost:8000, ?project=2026/3047__Doous
  PASS  before Initialize nothing is configured and no folder is answered
  PASS  Initialize runs once: a second call answers the same promise
  PASS  Initialize: configured, the folder from the master index, Worker 1.6.0 and its routes
  PASS  ...reading the editor config from the local server and the Worker's /health once each
  PASS  IsConfigured answers synchronously, true
  PASS  GetProjectContext: folder, four-digit year, code and folderId
  PASS  the notes file: R2 key under VaApps/Projects/2026/3047__Doous/
  PASS  ...its CDN URL
  PASS  ...and its repository URL on the Flask server (/Whitecardopedia/Projects/..., not the app folder)
  PASS  the statement index is a sibling file too
  PASS  project.json, TrueVision's notes name and any other name are refused (null)
  PASS  a statement: key under 10__StatementDocs/ at the project root
  PASS  ...its CDN URL encoded per segment
  PASS  ...its repository URL and its path
  PASS  statements refuse "..", a sixth level and a foreign type
  PASS  a sheet picture: key under 05__Layout__DrawingDocs__Images/<document>/
  PASS  ...CDN and repository URLs
  PASS  ...and the path under the repository root a Pages fallback is built from
  PASS  sheet pictures refuse the archive folder, ".." and a name with a space
  PASS  the sheet pictures key prefix
  PASS  a published file: key under 06__Layout__PublishedDocuments/, hashed names immutable
  PASS  ...a fixed name is not immutable, and its URLs are right
  PASS  the published archive never leaves the machine
  PASS  published prefixes: the root and one document
  PASS  BuildContentCdnUrl: VaApps layout, no app-content level
  PASS  ...a two-digit year reads as 20NN
  PASS  admin and PlanVision files: ValeVision has none (null)
  PASS  no project data loaded: the display name is empty
  PASS  the loaded project data is registered as it was given
  PASS  2026/3047__Doous: its display name is "Doous"
  PASS  an alias wins, trimmed (as Whitecardopedia shows it)
  PASS  ...then displayName
  PASS  ...then projectName
  PASS  anything but an object registers nothing
  PASS  no request went anywhere but the index, the editor config and /health

SAVES | Worker 1.6.0 (merge-keys and the files routes listed)
  PASS  a merge goes to merge-keys with the keys in set, and lands
  PASS  ...the URL names the project folder, encoded per segment, with the editor key
  PASS  ...no top-level projectCode in the body, no drawingsBase unless asked
  PASS  ...R2 holds the block, every other key as it was
  PASS  ...the loaded copy is kept current
  PASS  ...no whole-document save and no build-manifest bump
  PASS  MergeAndSaveKeys is queued: the second merge starts only after the first has answered
  PASS  ...and the later save is the one R2 keeps
  PASS  DeleteProjectKeys: merge-keys { remove }, the legacy camera key allowed
  PASS  pipeline keys are refused on every path (set and remove), and the legacy camera key is never set
  PASS  ...and nothing was sent
  PASS  an empty merge is a no-op success; an unreadable one resolves with an error (never throws)
  PASS  a stale drawingsBase is refused by the Worker: conflict, with the stamp on R2, nothing written
  PASS  ...a current one lands and answers the new stamp
  PASS  ...drawingsBase null is sent as "none"
  PASS  a 503 retry from the Worker is sent again, and lands
  PASS  a key the deployed Worker refuses falls back to a whole-document save
  PASS  ...merged over a fresh copy from the local server (GET /api/projects/2026/3047__Doous)
  PASS  ...which keeps the pipeline keys and bumps the build manifest once
  PASS  merge-keys answering 409 missing falls back to the whole-document save, which creates project.json
  PASS  ReadProjectData goes through the Worker's project route, fresh
  PASS  ...and answers missing with {} when R2 has none
  PASS  WriteProjectData passes the Worker's refusal back (no projectCode)
  PASS  WriteProjectFile: files/write with the file name as the path, no bump
  PASS  ReadProjectFile: files/read answers the document
  PASS  ...a file R2 does not have is missing, not a failure
  PASS  ...project.json is not a sibling file
  PASS  WriteThumbnailWebp: files/upload of the bytes as image/webp, relUrl answered
  PASS  ...a scene id that leaves the folder is refused
  PASS  WriteProjectAsset (JSON): files/write, relUrl and the CDN publicUrl
  PASS  WriteProjectAsset (Blob): files/upload
  PASS  ...a path outside the three asset folders is refused
  PASS  assets through the files routes never bump the build manifest
  PASS  WriteStatementFile (text): files/write under 10__StatementDocs/, CDN link answered
  PASS  ReadStatementFile: the text comes back
  PASS  WriteStatementFile (Blob): files/upload
  PASS  ...a statement R2 does not have is missing
  PASS  UploadSheetImage: files/upload into the document folder, the R2 key answered
  PASS  ListSheetImages: every page followed, only names one folder deep, keys under the project
  PASS  CopySheetImage: files/copy inside the family, the new key answered
  PASS  ...a picture not on R2 is missing
  PASS  DeleteSheetImage: files/delete of that one path
  PASS  the archive folder and an empty picture are refused before anything is sent
  PASS  UploadPublished: files/upload under 06__Layout__PublishedDocuments/ with the type its name calls for
  PASS  ListPublished: paths relative to the published root, for one document or all
  PASS  DeletePublished: files/delete of that one path
  PASS  ...the archive is refused
  PASS  every Worker call named 2026/3047__Doous and carried the editor key
  PASS  every R2 key written sits under VaApps/Projects/2026/3047__Doous/
  PASS  no new-route call ever carried a top-level projectCode
  PASS  no unexpected request

AN OLDER WORKER | 1.5.0 lists no routes: only save, assets and drawing-notes are called
  PASS  Initialize: configured, with the three routes every Worker has
  PASS  MergeAndSaveKeys falls back to the whole-document save
  PASS  ...on a FRESH copy from the local server, not the copy the window loaded
  PASS  ...the local copy read before the Worker was written
  PASS  ...and the loaded copy becomes what was written
  PASS  DeleteProjectKeys falls back the same way
  PASS  ReadProjectData reads the CDN copy, fresh (?t= and no-store)
  PASS  ReadProjectFile (notes) goes through drawing-notes
  PASS  ReadProjectFile (statement index) reads the CDN
  PASS  WriteProjectFile (notes) goes through drawing-notes (which bumps, as it always has)
  PASS  ...the statement index cannot be written: refused, naming Worker 1.6.0, nothing sent
  PASS  WriteThumbnailWebp goes through /assets as base64, its bytes intact
  PASS  WriteProjectAsset (JSON) goes through /assets as UTF-8 base64
  PASS  sheet pictures, published files and statements are refused, naming Worker 1.6.0, with nothing sent
  PASS  no route the Worker did not list was ever called
  PASS  no unexpected request

NO WORKER | the Worker unreachable, or no editor config
  PASS  an unreachable Worker: still configured, with only the three routes every Worker has
  PASS  ...a save resolves "Worker unreachable" and never throws
  PASS  no editor config from the local server: not configured, the Worker never asked
  PASS  ...a save answers "Worker not configured" and names the env file

THE LIVE SITE | adam-noble-01.github.io/ValeCodebase/WebApps/ValeVision3D, ?project=2026/3047__Doous
  PASS  Initialize: not configured, though the project folder is known
  PASS  ...the editor config and the Worker are never asked
  PASS  repository URLs on the GitHub Pages sub-path
  PASS  ...and a sheet picture's Pages fallback (PagesBaseUrl + "/" + relative) is its repository URL
  PASS  ReadProjectData works through the CDN
  PASS  ReadProjectFile works through the CDN
  PASS  ReadStatementFile works through the CDN
  PASS  ...no request reached a local server (no Flask on the live site)
  PASS  every write answers "Worker not configured"
  PASS  the local mirror reports skipped for everything
  PASS  ...and still nothing reached a local server or the Worker
  PASS  no unexpected request

PROJECT IDENTITY | the folder comes from the URL token through the master index, never from project.json
  PASS  ?project=3047 (a bare code) resolves to 2026/3047__Doous
  PASS  a token the index does not know: no folder, not configured (the Worker config is there)
  PASS  ...every write is refused, naming the master index, and nothing is sent
  PASS  ...no location is answered (never a guessed "2026/<code>")
  PASS  a project.json carrying a stale folderId still writes to the index folder (Worker and local server)
  PASS  a folder with a space resolves through the index
  PASS  ...its R2 key keeps the space; its CDN and repository URLs encode it per segment
  PASS  ...the Worker and the local server are called with the folder encoded per segment

THE LOCAL MIRROR | localhost:8000, the local server in memory
  PASS  DrawingsFingerprint: the digest and stamp the local server reports, read fresh
  PASS  MergeKeys: a fresh GET, then the merged document POSTed to /api/projects/2026/3047__Doous
  PASS  ...with the base in X-ValeVision-Drawings-Base, answering the new fingerprint and the backup
  PASS  a base the disk has moved on from is refused: conflict, the fingerprint on disk, nothing written
  PASS  drawingsBase null is sent as "none"
  PASS  no options: no header, not judged
  PASS  MergeKeys is queued: the second read waits for the first write
  PASS  WriteSiblingFile: POST /api/projects/2026/3047__Doous/files/ValeVision__DrawingNotes__.json
  PASS  ...any other name, and anything but an object, refused before anything is sent
  PASS  a server without the fingerprint route (its JSON 404 "Project not found") reads as unsupported
  PASS  ...as does a 404 for a missing project file (saves stay unjudged)
  PASS  a 405 from the Whitecardopedia server (its /api/health says so) asks for a restart
  PASS  a static server (501, no /api/health) is "no local save server"
  PASS  StatementTree: GET /api/valevision/statements/tree?project-folder=3047__Doous&year=2026
  PASS  ...a server without the statement routes says to restart it (never "no statements yet")
  PASS  the statement writes POST /api/valevision/statements/<route>?project-folder=&year= with TrueVision's bodies
  PASS  ...a statement file that is not text is refused
  PASS  no unexpected request

NEVER THROWS | every export, called with nonsense, on both hosts
  PASS  no export throws or rejects, whatever it is given (312 calls)

THE REAL LOCAL SERVER | WebApps/Whitecardopedia/server.py, Flask test client, a temporary copy of 2026/3047__Doous
  PASS  server.py answers /api/health as the Whitecardopedia local server
  PASS  Worker 1.5.0: the whole-document save is built on server.py's own copy of the project
  PASS  DrawingsFingerprint: server.py fingerprints the drawings on disk
  PASS  a drawings save reaches server.py and the repository copy of project.json
  PASS  ...every other key of the file kept
  PASS  ...the answer carries the new fingerprint and the copy server.py kept, outside the repository
  PASS  the same base again is refused by server.py: conflict, the file untouched
  PASS  WriteSiblingFile: server.py writes the notes whole, 4-space JSON, LF and a final newline
  PASS  the notes file's repository URL is served by server.py (/Whitecardopedia/Projects/...)
  PASS  ...and a file that is not there is a real 404, not the app shell
  PASS  StatementTree against server.py resolves with a well-formed answer (ok, or why not)
  PASS  no route the Worker did not list was called, and no unexpected request
  PASS  the real 2026/3047__Doous project.json and notes are byte-for-byte unchanged

THE SPECIFICATION PDF AND IDENTITY
  PASS  SpecPdf imports Na__CfApi__GetProjectDisplayName from the facade at TrueVision's path
  PASS  ...and its document facts take the project name from it
  PASS  ...and it reads no PWA global of an app
  PASS  no ValeVision module reads the project context of TrueVision's PWA (545 files)
  PASS  no NA portal prefix, app-content folder or TrueVision API path in ValeVision's code (PORT NOTEs exempt)
  PASS  80__CloudflareIntegration/Na__CloudflareIntegration__ApiClient__.js: no TrueVision transport, key, banner, prefix or global anywhere in it
  PASS  ...banner VALEVISION3D and a PORT NOTE with TrueVision's source version
  PASS  03__AppUtils/Na__AppUtils__LocalProjectMirror__.js: no TrueVision transport, key, banner, prefix or global anywhere in it
  PASS  ...banner VALEVISION3D and a PORT NOTE with TrueVision's source version

  175 passed, 0 failed; the modules logged 6 line(s) along the way.
  PASS - every check passed.


=== Na__Test__ViewportRotation__.test.mjs exit=0 (0.1 s)

ValeVision3D - rotatable viewports

  The geometry (the real ViewportRotation leaf)
  PASS  an angle wraps into (-180, 180]
  PASS  Shift holds quarter turns counted from level
  PASS  free, it settles on a right angle within the detent and nowhere else
  PASS  the middle of the frame is what it turns about
  PASS  a quarter turn clockwise carries the level top-left corner to the top right of where it was (y runs down)
  PASS  ToFrame undoes ToPaper
  PASS  the turned corners, level top-left first
  PASS  the box round a quarter-turned frame is its height wide and its width tall
  PASS  a level frame's box is the frame itself
  PASS  a point inside the turned frame but outside the level one is inside
  PASS  and one inside the level frame but outside the turned one is not
  PASS  the distance to a turned frame is measured to its turned edge
  PASS  the CSS turn is nothing when level, and appended after the translate when turned
  PASS  a level viewport opens no graphics state
  PASS  a turned one opens one and writes one cm
  PASS  the matrix puts each level point where the turn puts it on the paper (to a hundredth of a point, 0.004 mm)

Every check passed.


=== Na__Test__ViewportTitleText__.test.mjs exit=0 (0.1 s)
ValeVision3D - viewport title text
  PASS  PS02: all six elevation titles come out as Adam lettered them
  PASS  PS02: every one of them is resolved, with nothing missing
  PASS  a plan is its qualifier and its drawing's own name
  PASS  a section is named by its record, not by a compass word
  PASS  an elevation is named by the compass, not by its record's name
  PASS  without capitals it is written in the words' own case
  PASS  north not set: the direction is a placeholder in double braces
  PASS  north not set: unresolved, and it says what is missing
  PASS  tied to nothing: {{DRAWING}}, with no qualifier in front of it
  PASS  tied to nothing: a forced qualifier still does not qualify a placeholder
  PASS  a 2D viewport whose drawing has gone reads {{DRAWING}} too
  PASS  HasPlaceholder finds one, and is not fooled by single braces
  PASS  a typed viewport name is the subject, and still gets its qualifier
  PASS  a typed name needs no north: nothing is missing
  PASS  a typed name that opens with the qualifier is not qualified twice
  PASS  a typed name that opens with the OTHER qualifier is left saying what was typed
  PASS  a name that merely contains the word is still qualified
  PASS  a site plan has no phase, so no qualifier
  PASS  phase mode none leaves the qualifier out
  PASS  phase mode proposed overrides what the model says
  PASS  an unknown phase writes no qualifier
  PASS  a bad phase mode reads as automatic
  PASS  a typed title replaces everything, trimmed, and is not recased
  PASS  a blank override is no override
  PASS  configured words are used
  PASS  a configured placeholder word is used
  PASS  bad facts become their empty values and text is tidied to one line

  PASS - every check passed.

