ValeVision3D - port notes, module logs and release placeholders
  app root : D:\10_CoreLib__ValeCodebase\WebApps\ValeVision3D
  checked  : 8 named file(s) - 7 PORT NOTE(s), 7 DEVELOPMENT LOG(s)
  baseline : Na__Verify__ParityBaseline__.json - 139 file(s) recorded 2026-10-01; 0 still as recorded

  PENDING  7 release placeholder(s) in 7 file(s), for the wave's Parity Scribe: W1-16 x7
      02__Src__AppModules/51__System__LayoutEditor/54__Feature__SheetImages/Na__LayoutEditor__SheetImages__Setup__.js:29  {{VVREL:W1-16}}
      02__Src__AppModules/51__System__LayoutEditor/54__Feature__SheetImages/Na__LayoutEditor__SheetImages__Geometry__.js:29  {{VVREL:W1-16}}
      02__Src__AppModules/51__System__LayoutEditor/54__Feature__SheetImages/Na__LayoutEditor__SheetImages__Painter__.js:36  {{VVREL:W1-16}}
      02__Src__AppModules/51__System__LayoutEditor/54__Feature__SheetImages/Na__LayoutEditor__SheetImages__Paint__.js:27  {{VVREL:W1-16}}
      02__Src__AppModules/51__System__LayoutEditor/54__Feature__SheetImages/Na__LayoutEditor__SheetImages__Source__.js:43  {{VVREL:W1-16}}
      02__Src__AppModules/51__System__LayoutEditor/54__Feature__SheetImages/Na__LayoutEditor__SheetImages__Pdf__.js:30  {{VVREL:W1-16}}
      02__Src__AppModules/51__System__LayoutEditor/54__Feature__SheetImages/Na__LayoutEditor__SheetImages__Encode__.js:39  {{VVREL:W1-16}}

  WATERMARK  TrueVision D:\11_RefLib__StudioRepository__RemoteSystem\NaWeb\na-apps\30__TrueVision__CoreAppCode at b2aa9151 (git)
  The TrueVision DEVELOPMENT LOG entries dated after this app's newest log entry (the S11 c.1 rule; same-day entries are not flagged), under 02__Src__AppModules/51__System__LayoutEditor/54__Feature__SheetImages:
    02__Src__AppModules/51__System__LayoutEditor/54__Feature__SheetImages/Na__LayoutEditor__SheetImages__Setup__.js
        this app 21-Sep-2026 | TrueVision 1.1.0 | after: -
    02__Src__AppModules/51__System__LayoutEditor/54__Feature__SheetImages/Na__LayoutEditor__SheetImages__Geometry__.js
        this app 21-Sep-2026 | TrueVision 1.1.0 | after: -
    02__Src__AppModules/51__System__LayoutEditor/54__Feature__SheetImages/Na__LayoutEditor__SheetImages__Painter__.js
        this app 21-Sep-2026 | TrueVision 1.0.0 | after: -
    02__Src__AppModules/51__System__LayoutEditor/54__Feature__SheetImages/Na__LayoutEditor__SheetImages__Paint__.js
        this app 21-Sep-2026 | TrueVision 1.0.0 | after: -
    02__Src__AppModules/51__System__LayoutEditor/54__Feature__SheetImages/Na__LayoutEditor__SheetImages__Source__.js
        this app 21-Sep-2026 | TrueVision 1.0.0 | after: -
    02__Src__AppModules/51__System__LayoutEditor/54__Feature__SheetImages/Na__LayoutEditor__SheetImages__Pdf__.js
        this app 21-Sep-2026 | TrueVision 1.0.0 | after: -
    02__Src__AppModules/51__System__LayoutEditor/54__Feature__SheetImages/Na__LayoutEditor__SheetImages__Encode__.js
        this app 21-Sep-2026 | TrueVision 1.1.0 | after: -

  RESULT: PASS (0 fail, 0 warn, 7 pending)
