ValeVision3D - port notes, module logs and release placeholders
  app root : D:\10_CoreLib__ValeCodebase\WebApps\ValeVision3D
  checked  : 562 files in 02__Src__AppModules, 03__Style__AppStylesheets, 80__Testing__PrototypeEnvironment and index.html - 338 PORT NOTE(s), 440 DEVELOPMENT LOG(s)
  baseline : Na__Verify__ParityBaseline__.json - 139 file(s) recorded 2026-10-01; 119 still as recorded, 20 since rewritten (their full checks apply)

  02__Src__AppModules/03__AppUtils/Na__AppUtils__DevGate__.js
      WARN  :37    source-version       PORT NOTE says "Ported from : TrueVision3D" and has no "Source version" line (K2 H5: "- Source version: <x.y.z> (TrueVision3D v2.N.0, DD-Mon-YYYY; read at <pin>)")   [baseline 01-Oct-2026]
  02__Src__AppModules/03__AppUtils/Na__AppUtils__ProjectLoader.js
      WARN  :55    log-order            24-Feb-2026 1.0.0 sits above 11-Jun-2026 1.1.0 (this log runs newest first, as TrueVision's do)   [baseline 01-Oct-2026]
      WARN  :59    log-order            11-Jun-2026 1.1.0 sits above 25-Jun-2026 1.2.0 (this log runs newest first, as TrueVision's do)   [baseline 01-Oct-2026]
      WARN  :65    log-order            version 1.2.0 sits above 1.3.0 (this log runs newest first, as TrueVision's do)   [baseline 01-Oct-2026]
      WARN  :70    log-order            version 1.3.0 sits above 1.3.1 (this log runs newest first, as TrueVision's do)   [baseline 01-Oct-2026]
      WARN  :77    log-order            version 1.3.1 sits above 1.4.0 (this log runs newest first, as TrueVision's do)   [baseline 01-Oct-2026]
      WARN  :89    log-order            25-Jun-2026 1.4.0 sits above 01-Oct-2026 1.4.1 (this log runs newest first, as TrueVision's do)   [baseline 01-Oct-2026]
  02__Src__AppModules/03__AppUtils/Na__AppUtils__SnapshotHistory.js
      WARN  :39    source-version-form  Source version "1.0.0 (31-Aug-2026)" lacks the TrueVision3D app version (K2 H5: "<x.y.z> (TrueVision3D v2.N.0, DD-Mon-YYYY; read at <pin>)")   [baseline 01-Oct-2026]
  02__Src__AppModules/05__RenderPipeline/02__Engine__MaxEngine/Na__RenderPipeline__MaxEngine__Setup.js
      WARN  :55    log-order            10-Jun-2026 1.0.0 sits above 16-Sep-2026 1.0.2 (this log runs newest first)   [baseline 01-Oct-2026]
  02__Src__AppModules/05__RenderPipeline/Na__RenderLoop__Invalidation.js
      WARN  :38    source-version-form  Source version "TrueVision's file has no version line or log; IsPaused as it has stood since TrueVision3D " lacks the TrueVision module version (K2 H5: "<x.y.z> (TrueVision3D v2.N.0, DD-Mon-YYYY; read at <pin>)")   [legacy: TrueVision's copy of this file has no module version, so the Source version names the release and the commit instead.]
  02__Src__AppModules/10__NavigationAndCameras/Na__NavigationModes__Switcher.js
      WARN  :49    source-version-form  Source version "TrueVision 1.0.0 (27-Aug-2026)" lacks the TrueVision3D app version (K2 H5: "<x.y.z> (TrueVision3D v2.N.0, DD-Mon-YYYY; read at <pin>)")   [baseline 01-Oct-2026]
  02__Src__AppModules/10__NavigationAndCameras/Na__UiFeature__NavigationToolbar__Controls.js
      WARN  :46    log-order            16-Sep-2026 sits above 09-Sep-2026 (this log runs oldest first)   [baseline 01-Oct-2026]
      WARN  :53    log-order            09-Sep-2026 sits above 10-Jun-2026 1.0.0 (this log runs oldest first)   [baseline 01-Oct-2026]
  02__Src__AppModules/15__ModelLoader/Na__ModelLoader__ContentStamp__.js
      WARN  :41    source-version       PORT NOTE says "Ported from : TrueVision3D" and has no "Source version" line (K2 H5: "- Source version: <x.y.z> (TrueVision3D v2.N.0, DD-Mon-YYYY; read at <pin>)")   [baseline 01-Oct-2026]
  02__Src__AppModules/21__System__PresentationMode/Na__PresentationMode__Camera__SceneTransition.js
      WARN  :51    log-order            28-Sep-2026 1.5.0 sits above 09-Sep-2026 (this log runs oldest first)   [baseline 01-Oct-2026]
      WARN  :58    log-order            09-Sep-2026 sits above 11-Jun-2026 1.0.0 (this log runs oldest first)   [baseline 01-Oct-2026]
  02__Src__AppModules/21__System__PresentationMode/Na__PresentationMode__DevMenu__BatchOps__.js
      WARN  :63    source-version       PORT NOTE says "Ported from : TrueVision3D" and has no "Source version" line (K2 H5: "- Source version: <x.y.z> (TrueVision3D v2.N.0, DD-Mon-YYYY; read at <pin>)")   [baseline 01-Oct-2026]
  02__Src__AppModules/21__System__PresentationMode/Na__PresentationMode__DevMenu__GroupEditor__.js
      WARN  :45    source-version-form  Source version "1.0.0 (31-Aug-2026)" lacks the TrueVision3D app version (K2 H5: "<x.y.z> (TrueVision3D v2.N.0, DD-Mon-YYYY; read at <pin>)")   [baseline 01-Oct-2026]
  02__Src__AppModules/21__System__PresentationMode/Na__PresentationMode__DevMenu__SceneEditor.js
      WARN  :61    source-version-form  Source version "TrueVision v2.19.0 scene editor (07-Sep-2026)" lacks the TrueVision module version (K2 H5: "<x.y.z> (TrueVision3D v2.N.0, DD-Mon-YYYY; read at <pin>)")   [baseline 01-Oct-2026]
  02__Src__AppModules/21__System__PresentationMode/Na__PresentationMode__DevMenu__SceneReorder__.js
      WARN  :36    source-version-form  Source version "TrueVision v2.19.0 scene editor (07-Sep-2026)" lacks the TrueVision module version (K2 H5: "<x.y.z> (TrueVision3D v2.N.0, DD-Mon-YYYY; read at <pin>)")   [baseline 01-Oct-2026]
  02__Src__AppModules/21__System__PresentationMode/Na__PresentationMode__DevMenu__SceneRowBuilders__.js
      WARN  :55    source-version-form  Source version "TrueVision v2.19.0 scene editor (07-Sep-2026)" lacks the TrueVision module version (K2 H5: "<x.y.z> (TrueVision3D v2.N.0, DD-Mon-YYYY; read at <pin>)")   [baseline 01-Oct-2026]
  02__Src__AppModules/21__System__PresentationMode/Na__PresentationMode__SceneGroups__Data__.js
      WARN  :47    source-version-form  Source version "1.0.0 (31-Aug-2026)" lacks the TrueVision3D app version (K2 H5: "<x.y.z> (TrueVision3D v2.N.0, DD-Mon-YYYY; read at <pin>)")   [baseline 01-Oct-2026]
  02__Src__AppModules/21__System__PresentationMode/Na__PresentationMode__Styles__SceneGroupSelector__.css
      WARN  :24    source-version-form  Source version "1.0.0 (31-Aug-2026)" lacks the TrueVision3D app version (K2 H5: "<x.y.z> (TrueVision3D v2.N.0, DD-Mon-YYYY; read at <pin>)")   [baseline 01-Oct-2026]
  02__Src__AppModules/21__System__PresentationMode/Na__PresentationMode__UI__SceneCarousel.js
      WARN  :56    source-version-form  Source version "TrueVision v2.18.0 carousel (07-Sep-2026); that file was itself ported from this one on 21" lacks the TrueVision module version (K2 H5: "<x.y.z> (TrueVision3D v2.N.0, DD-Mon-YYYY; read at <pin>)")   [baseline 01-Oct-2026]
      WARN  :95    log-order            11-Jun-2026 1.0.0 sits above 10-Jul-2026 1.1.0 (this log runs newest first, as TrueVision's do)   [baseline 01-Oct-2026]
      WARN  :98    log-order            10-Jul-2026 1.1.0 sits above 09-Sep-2026 1.2.0 (this log runs newest first, as TrueVision's do)   [baseline 01-Oct-2026]
  02__Src__AppModules/21__System__PresentationMode/Na__PresentationMode__UI__SceneGroupSelector__.js
      WARN  :44    source-version-form  Source version "1.0.0 (31-Aug-2026)" lacks the TrueVision3D app version (K2 H5: "<x.y.z> (TrueVision3D v2.N.0, DD-Mon-YYYY; read at <pin>)")   [baseline 01-Oct-2026]
  02__Src__AppModules/26__System__ToggleModelElements/Na__UiFeature__ModelToggle__Controls.js
      WARN  :34    source-version-form  Source version "TrueVision's file has no version line; SetCategoryVisibleByKey as it has stood since TrueV" lacks the TrueVision module version (K2 H5: "<x.y.z> (TrueVision3D v2.N.0, DD-Mon-YYYY; read at <pin>)")   [legacy: TrueVision's copy of this file has no module version (its log entries carry dates only), so the Source version names releases instead.]
  02__Src__AppModules/40__System__DrawingViewCore/Na__DrawView__ActiveView__.js
      WARN  :59    source-version-form  Source version "1.0.0 (07-Sep-2026)" lacks the TrueVision3D app version (K2 H5: "<x.y.z> (TrueVision3D v2.N.0, DD-Mon-YYYY; read at <pin>)")   [baseline 01-Oct-2026]
  02__Src__AppModules/40__System__DrawingViewCore/Na__DrawView__MarkupFocus__.js
      WARN  :46    source-version-form  Source version "1.1.0 (31-Aug-2026)" lacks the TrueVision3D app version (K2 H5: "<x.y.z> (TrueVision3D v2.N.0, DD-Mon-YYYY; read at <pin>)")   [baseline 01-Oct-2026]
  02__Src__AppModules/40__System__DrawingViewCore/Na__DrawView__MarkupMount__.js
      WARN  :51    source-version-form  Source version "1.0.0 (07-Sep-2026)" lacks the TrueVision3D app version (K2 H5: "<x.y.z> (TrueVision3D v2.N.0, DD-Mon-YYYY; read at <pin>)")   [baseline 01-Oct-2026]
  02__Src__AppModules/40__System__DrawingViewCore/Na__DrawView__Navigation__.js
      WARN  :44    source-version-form  Source version "1.0.0 (07-Sep-2026)" lacks the TrueVision3D app version (K2 H5: "<x.y.z> (TrueVision3D v2.N.0, DD-Mon-YYYY; read at <pin>)")   [baseline 01-Oct-2026]
  02__Src__AppModules/40__System__DrawingViewCore/Na__DrawView__SceneLinkRow__.js
      WARN  :39    source-version-form  Source version "1.0.0 (07-Sep-2026)" lacks the TrueVision3D app version (K2 H5: "<x.y.z> (TrueVision3D v2.N.0, DD-Mon-YYYY; read at <pin>)")   [baseline 01-Oct-2026]
  02__Src__AppModules/40__System__DrawingViewCore/Na__DrawView__SectionAdapter__.js
      WARN  :57    source-version       PORT NOTE says "Ported from : TrueVision3D" and has no "Source version" line (K2 H5: "- Source version: <x.y.z> (TrueVision3D v2.N.0, DD-Mon-YYYY; read at <pin>)")   [baseline 01-Oct-2026]
  02__Src__AppModules/42__System__FloorPlanViews/Na__FloorPlan__DevMenu__Editor__.js
      WARN  :43    source-version-form  Source version "1.0.0 (31-Aug-2026)" lacks the TrueVision3D app version (K2 H5: "<x.y.z> (TrueVision3D v2.N.0, DD-Mon-YYYY; read at <pin>)")   [baseline 01-Oct-2026]
  02__Src__AppModules/42__System__FloorPlanViews/Na__FloorPlan__DevMenu__RowBuilders__.js
      WARN  :39    source-version-form  Source version "1.0.0 (31-Aug-2026)" lacks the TrueVision3D app version (K2 H5: "<x.y.z> (TrueVision3D v2.N.0, DD-Mon-YYYY; read at <pin>)")   [baseline 01-Oct-2026]
  02__Src__AppModules/42__System__FloorPlanViews/Na__FloorPlan__Framing__.js
      WARN  :36    source-version-form  Source version "1.0.0 (31-Aug-2026)" lacks the TrueVision3D app version (K2 H5: "<x.y.z> (TrueVision3D v2.N.0, DD-Mon-YYYY; read at <pin>)")   [baseline 01-Oct-2026]
  02__Src__AppModules/42__System__FloorPlanViews/Na__FloorPlan__OrthoCamera__.js
      WARN  :38    source-version-form  Source version "1.0.0 (31-Aug-2026)" lacks the TrueVision3D app version (K2 H5: "<x.y.z> (TrueVision3D v2.N.0, DD-Mon-YYYY; read at <pin>)")   [baseline 01-Oct-2026]
  02__Src__AppModules/42__System__FloorPlanViews/Na__FloorPlan__SceneLink__.js
      WARN  :38    source-version-form  Source version "1.0.0 (31-Aug-2026)" lacks the TrueVision3D app version (K2 H5: "<x.y.z> (TrueVision3D v2.N.0, DD-Mon-YYYY; read at <pin>)")   [baseline 01-Oct-2026]
  02__Src__AppModules/42__System__FloorPlanViews/Na__FloorPlan__Styles__DevMenu__.css
      WARN  :20    source-version-form  Source version "none of its own - the sheet as TrueVision3D v2.87.0 left it, with its Storey Dropdown regi" lacks the TrueVision module version (K2 H5: "<x.y.z> (TrueVision3D v2.N.0, DD-Mon-YYYY; read at <pin>)")   [legacy: TrueVision's copy of this sheet has no module version, so the Source version names the release and the commit instead.]
  02__Src__AppModules/43__System__PlanAnnotations/Na__PlanAnnotations__Data__.js
      WARN  :37    source-version-form  Source version "1.0.0 (31-Aug-2026)" lacks the TrueVision3D app version (K2 H5: "<x.y.z> (TrueVision3D v2.N.0, DD-Mon-YYYY; read at <pin>)")   [baseline 01-Oct-2026]
  02__Src__AppModules/43__System__PlanAnnotations/Na__PlanAnnotations__Editor__.js
      WARN  :37    source-version-form  Source version "1.0.0 (31-Aug-2026)" lacks the TrueVision3D app version (K2 H5: "<x.y.z> (TrueVision3D v2.N.0, DD-Mon-YYYY; read at <pin>)")   [baseline 01-Oct-2026]
  02__Src__AppModules/43__System__PlanAnnotations/Na__PlanAnnotations__History__.js
      WARN  :32    source-version-form  Source version "1.1.0 (31-Aug-2026)" lacks the TrueVision3D app version (K2 H5: "<x.y.z> (TrueVision3D v2.N.0, DD-Mon-YYYY; read at <pin>)")   [baseline 01-Oct-2026]
  02__Src__AppModules/43__System__PlanAnnotations/Na__PlanAnnotations__Hotkeys__.js
      WARN  :39    source-version-form  Source version "1.0.0 (31-Aug-2026)" lacks the TrueVision3D app version (K2 H5: "<x.y.z> (TrueVision3D v2.N.0, DD-Mon-YYYY; read at <pin>)")   [baseline 01-Oct-2026]
  02__Src__AppModules/43__System__PlanAnnotations/Na__PlanAnnotations__Overlay__.js
      WARN  :44    source-version-form  Source version "1.1.0 (07-Sep-2026)" lacks the TrueVision3D app version (K2 H5: "<x.y.z> (TrueVision3D v2.N.0, DD-Mon-YYYY; read at <pin>)")   [baseline 01-Oct-2026]
  02__Src__AppModules/43__System__PlanAnnotations/Na__PlanAnnotations__Styles__.css
      WARN  :6     source-version       PORT NOTE says "Ported from : TrueVision3D" and has no "Source version" line (K2 H5: "- Source version: <x.y.z> (TrueVision3D v2.N.0, DD-Mon-YYYY; read at <pin>)")   [baseline 01-Oct-2026]
  02__Src__AppModules/43__System__PlanAnnotations/Na__PlanAnnotations__Toolbar__.js
      WARN  :35    source-version-form  Source version "1.0.0 (31-Aug-2026)" lacks the TrueVision3D app version (K2 H5: "<x.y.z> (TrueVision3D v2.N.0, DD-Mon-YYYY; read at <pin>)")   [baseline 01-Oct-2026]
  02__Src__AppModules/44__System__PlanDimensions/Na__PlanDimensions__AxisLock__.js
      WARN  :51    source-version-form  Source version "1.0.0 (31-Aug-2026)" lacks the TrueVision3D app version (K2 H5: "<x.y.z> (TrueVision3D v2.N.0, DD-Mon-YYYY; read at <pin>)")   [baseline 01-Oct-2026]
  02__Src__AppModules/44__System__PlanDimensions/Na__PlanDimensions__ClientMode__.js
      WARN  :41    source-version-form  Source version "1.0.0 (31-Aug-2026)" lacks the TrueVision3D app version (K2 H5: "<x.y.z> (TrueVision3D v2.N.0, DD-Mon-YYYY; read at <pin>)")   [baseline 01-Oct-2026]
  02__Src__AppModules/44__System__PlanDimensions/Na__PlanDimensions__ConfigState__.js
      WARN  :30    source-version-form  Source version "1.0.0 (31-Aug-2026)" lacks the TrueVision3D app version (K2 H5: "<x.y.z> (TrueVision3D v2.N.0, DD-Mon-YYYY; read at <pin>)")   [baseline 01-Oct-2026]
  02__Src__AppModules/44__System__PlanDimensions/Na__PlanDimensions__Crosshair__.js
      WARN  :40    source-version-form  Source version "1.0.0 (31-Aug-2026)" lacks the TrueVision3D app version (K2 H5: "<x.y.z> (TrueVision3D v2.N.0, DD-Mon-YYYY; read at <pin>)")   [baseline 01-Oct-2026]
  02__Src__AppModules/44__System__PlanDimensions/Na__PlanDimensions__Data__.js
      WARN  :38    source-version-form  Source version "1.0.0 (31-Aug-2026)" lacks the TrueVision3D app version (K2 H5: "<x.y.z> (TrueVision3D v2.N.0, DD-Mon-YYYY; read at <pin>)")   [baseline 01-Oct-2026]
  02__Src__AppModules/44__System__PlanDimensions/Na__PlanDimensions__Disclaimer__.js
      WARN  :38    source-version-form  Source version "1.0.0 (31-Aug-2026)" lacks the TrueVision3D app version (K2 H5: "<x.y.z> (TrueVision3D v2.N.0, DD-Mon-YYYY; read at <pin>)")   [baseline 01-Oct-2026]
  02__Src__AppModules/44__System__PlanDimensions/Na__PlanDimensions__Editor__.js
      WARN  :43    source-version-form  Source version "1.0.0 (31-Aug-2026)" lacks the TrueVision3D app version (K2 H5: "<x.y.z> (TrueVision3D v2.N.0, DD-Mon-YYYY; read at <pin>)")   [baseline 01-Oct-2026]
  02__Src__AppModules/44__System__PlanDimensions/Na__PlanDimensions__EditorPreview__.js
      WARN  :29    source-version-form  Source version "1.0.0 (31-Aug-2026)" lacks the TrueVision3D app version (K2 H5: "<x.y.z> (TrueVision3D v2.N.0, DD-Mon-YYYY; read at <pin>)")   [baseline 01-Oct-2026]
  02__Src__AppModules/44__System__PlanDimensions/Na__PlanDimensions__Grid__.js
      WARN  :51    source-version-form  Source version "1.0.0 (31-Aug-2026)" lacks the TrueVision3D app version (K2 H5: "<x.y.z> (TrueVision3D v2.N.0, DD-Mon-YYYY; read at <pin>)")   [baseline 01-Oct-2026]
  02__Src__AppModules/44__System__PlanDimensions/Na__PlanDimensions__History__.js
      WARN  :31    source-version-form  Source version "1.0.0 (31-Aug-2026)" lacks the TrueVision3D app version (K2 H5: "<x.y.z> (TrueVision3D v2.N.0, DD-Mon-YYYY; read at <pin>)")   [baseline 01-Oct-2026]
  02__Src__AppModules/44__System__PlanDimensions/Na__PlanDimensions__Hotkeys__.js
      WARN  :40    source-version-form  Source version "1.0.0 (31-Aug-2026)" lacks the TrueVision3D app version (K2 H5: "<x.y.z> (TrueVision3D v2.N.0, DD-Mon-YYYY; read at <pin>)")   [baseline 01-Oct-2026]
  02__Src__AppModules/44__System__PlanDimensions/Na__PlanDimensions__Overlay__.js
      WARN  :44    source-version-form  Source version "1.0.0 (31-Aug-2026)" lacks the TrueVision3D app version (K2 H5: "<x.y.z> (TrueVision3D v2.N.0, DD-Mon-YYYY; read at <pin>)")   [baseline 01-Oct-2026]
  02__Src__AppModules/44__System__PlanDimensions/Na__PlanDimensions__VertexEditor__.js
      WARN  :44    source-version-form  Source version "1.0.0 (31-Aug-2026)" lacks the TrueVision3D app version (K2 H5: "<x.y.z> (TrueVision3D v2.N.0, DD-Mon-YYYY; read at <pin>)")   [baseline 01-Oct-2026]
  02__Src__AppModules/45__System__ElevationViews/Na__Elevation__ConfigState__.js
      WARN  :39    source-version-form  Source version "1.0.0 (07-Sep-2026)" lacks the TrueVision3D app version (K2 H5: "<x.y.z> (TrueVision3D v2.N.0, DD-Mon-YYYY; read at <pin>)")   [baseline 01-Oct-2026]
  02__Src__AppModules/45__System__ElevationViews/Na__Elevation__DevMenu__Editor__.js
      WARN  :43    source-version-form  Source version "1.0.0 (07-Sep-2026)" lacks the TrueVision3D app version (K2 H5: "<x.y.z> (TrueVision3D v2.N.0, DD-Mon-YYYY; read at <pin>)")   [baseline 01-Oct-2026]
  02__Src__AppModules/45__System__ElevationViews/Na__Elevation__DevMenu__RowBuilders__.js
      WARN  :41    source-version-form  Source version "1.0.0 (07-Sep-2026)" lacks the TrueVision3D app version (K2 H5: "<x.y.z> (TrueVision3D v2.N.0, DD-Mon-YYYY; read at <pin>)")   [baseline 01-Oct-2026]
  02__Src__AppModules/45__System__ElevationViews/Na__Elevation__Framing__.js
      WARN  :43    source-version-form  Source version "1.0.0 (07-Sep-2026)" lacks the TrueVision3D app version (K2 H5: "<x.y.z> (TrueVision3D v2.N.0, DD-Mon-YYYY; read at <pin>)")   [baseline 01-Oct-2026]
  02__Src__AppModules/45__System__ElevationViews/Na__Elevation__OrthoCamera__.js
      WARN  :41    source-version-form  Source version "1.0.0 (07-Sep-2026)" lacks the TrueVision3D app version (K2 H5: "<x.y.z> (TrueVision3D v2.N.0, DD-Mon-YYYY; read at <pin>)")   [baseline 01-Oct-2026]
  02__Src__AppModules/45__System__ElevationViews/Na__Elevation__PlaneGizmo__.js
      WARN  :50    source-version-form  Source version "1.0.0 (07-Sep-2026)" lacks the TrueVision3D app version (K2 H5: "<x.y.z> (TrueVision3D v2.N.0, DD-Mon-YYYY; read at <pin>)")   [baseline 01-Oct-2026]
  02__Src__AppModules/45__System__ElevationViews/Na__Elevation__ProjectJson__Data__.js
      WARN  :53    source-version-form  Source version "1.0.0 (07-Sep-2026)" lacks the TrueVision3D app version (K2 H5: "<x.y.z> (TrueVision3D v2.N.0, DD-Mon-YYYY; read at <pin>)")   [baseline 01-Oct-2026]
  02__Src__AppModules/45__System__ElevationViews/Na__Elevation__SceneLink__.js
      WARN  :43    source-version-form  Source version "1.0.0 (07-Sep-2026)" lacks the TrueVision3D app version (K2 H5: "<x.y.z> (TrueVision3D v2.N.0, DD-Mon-YYYY; read at <pin>)")   [baseline 01-Oct-2026]
  02__Src__AppModules/45__System__ElevationViews/Na__Elevation__Styles__DevMenu__.css
      WARN  :6     source-version       PORT NOTE says "Ported from : TrueVision3D" and has no "Source version" line (K2 H5: "- Source version: <x.y.z> (TrueVision3D v2.N.0, DD-Mon-YYYY; read at <pin>)")   [baseline 01-Oct-2026]
  02__Src__AppModules/46__System__NorthDirection/Na__North__Compass__.js
      WARN  :43    source-version       PORT NOTE says "Ported from : TrueVision3D" and has no "Source version" line (K2 H5: "- Source version: <x.y.z> (TrueVision3D v2.N.0, DD-Mon-YYYY; read at <pin>)")   [baseline 01-Oct-2026]
  02__Src__AppModules/46__System__NorthDirection/Na__North__ConfigState__.js
      WARN  :33    source-version       PORT NOTE says "Ported from : TrueVision3D" and has no "Source version" line (K2 H5: "- Source version: <x.y.z> (TrueVision3D v2.N.0, DD-Mon-YYYY; read at <pin>)")   [baseline 01-Oct-2026]
  02__Src__AppModules/46__System__NorthDirection/Na__North__PickTool__.js
      WARN  :42    source-version       PORT NOTE says "Ported from : TrueVision3D" and has no "Source version" line (K2 H5: "- Source version: <x.y.z> (TrueVision3D v2.N.0, DD-Mon-YYYY; read at <pin>)")   [baseline 01-Oct-2026]
  02__Src__AppModules/46__System__NorthDirection/Na__North__Styles__DevMenu__.css
      WARN  :21    source-version       PORT NOTE says "Ported from : TrueVision3D" and has no "Source version" line (K2 H5: "- Source version: <x.y.z> (TrueVision3D v2.N.0, DD-Mon-YYYY; read at <pin>)")   [baseline 01-Oct-2026]
  02__Src__AppModules/50__System__ProjectedLinework/Na__ProjectedLinework__Owners__.js
      WARN  :56    source-version       PORT NOTE says "Ported from : TrueVision3D" and has no "Source version" line (K2 H5: "- Source version: <x.y.z> (TrueVision3D v2.N.0, DD-Mon-YYYY; read at <pin>)")   [baseline 01-Oct-2026]
  02__Src__AppModules/51__System__LayoutEditor/05__Core__ModeController/Na__LayoutEditor__LoadingVeil__.js
      WARN  :54    source-version       PORT NOTE says "Ported from : TrueVision3D" and has no "Source version" line (K2 H5: "- Source version: <x.y.z> (TrueVision3D v2.N.0, DD-Mon-YYYY; read at <pin>)")   [baseline 01-Oct-2026]
  02__Src__AppModules/51__System__LayoutEditor/05__Core__ModeController/Na__LayoutEditor__ModeController__.js
      WARN  :170   log-order            09-Sep-2026 1.0.0 sits above 10-Sep-2026 1.1.0 (this log runs newest first, as TrueVision's do)   [baseline 01-Oct-2026]
  02__Src__AppModules/51__System__LayoutEditor/07__Core__SheetData/Na__LayoutEditor__DrawingCode__.js
      WARN  :32    source-version       PORT NOTE says "Ported from : TrueVision3D" and has no "Source version" line (K2 H5: "- Source version: <x.y.z> (TrueVision3D v2.N.0, DD-Mon-YYYY; read at <pin>)")   [baseline 01-Oct-2026]
  02__Src__AppModules/51__System__LayoutEditor/07__Core__SheetData/Na__LayoutEditor__DrawingScale__.js
      WARN  :41    source-version       PORT NOTE says "Ported from : TrueVision3D" and has no "Source version" line (K2 H5: "- Source version: <x.y.z> (TrueVision3D v2.N.0, DD-Mon-YYYY; read at <pin>)")   [baseline 01-Oct-2026]
  02__Src__AppModules/51__System__LayoutEditor/07__Core__SheetData/Na__LayoutEditor__SheetModel__Common__.js
      WARN  :48    source-version       PORT NOTE says "Ported from : TrueVision3D" and has no "Source version" line (K2 H5: "- Source version: <x.y.z> (TrueVision3D v2.N.0, DD-Mon-YYYY; read at <pin>)")   [baseline 01-Oct-2026]
  02__Src__AppModules/51__System__LayoutEditor/10__Core__SheetSurface/Na__LayoutEditor__Styles__Surfaces__.css
      WARN  :8     source-version       PORT NOTE says "Ported from : TrueVision3D" and has no "Source version" line (K2 H5: "- Source version: <x.y.z> (TrueVision3D v2.N.0, DD-Mon-YYYY; read at <pin>)")   [baseline 01-Oct-2026]
  02__Src__AppModules/51__System__LayoutEditor/10__Core__SheetSurface/Na__LayoutEditor__TitleBlock__Cells__.js
      WARN  :48    source-version       PORT NOTE says "Ported from : TrueVision3D" and has no "Source version" line (K2 H5: "- Source version: <x.y.z> (TrueVision3D v2.N.0, DD-Mon-YYYY; read at <pin>)")   [baseline 01-Oct-2026]
  02__Src__AppModules/51__System__LayoutEditor/15__Core__Markup/Na__LayoutEditor__Groups__.js
      WARN  :39    source-version       PORT NOTE says "Ported from : TrueVision3D" and has no "Source version" line (K2 H5: "- Source version: <x.y.z> (TrueVision3D v2.N.0, DD-Mon-YYYY; read at <pin>)")   [baseline 01-Oct-2026]
  02__Src__AppModules/51__System__LayoutEditor/15__Core__Markup/Na__LayoutEditor__LeaderGeometry__.js
      WARN  :55    source-version       PORT NOTE says "Ported from : TrueVision3D" and has no "Source version" line (K2 H5: "- Source version: <x.y.z> (TrueVision3D v2.N.0, DD-Mon-YYYY; read at <pin>)")   [baseline 01-Oct-2026]
  02__Src__AppModules/51__System__LayoutEditor/20__System__Viewports/Na__LayoutEditor__ForceRender__.js
      WARN  :41    source-version       PORT NOTE says "Ported from : TrueVision3D" and has no "Source version" line (K2 H5: "- Source version: <x.y.z> (TrueVision3D v2.N.0, DD-Mon-YYYY; read at <pin>)")   [baseline 01-Oct-2026]
  02__Src__AppModules/51__System__LayoutEditor/20__System__Viewports/Na__LayoutEditor__Viewport3dZoom__.js
      WARN  :55    source-version       PORT NOTE says "Ported from : TrueVision3D" and has no "Source version" line (K2 H5: "- Source version: <x.y.z> (TrueVision3D v2.N.0, DD-Mon-YYYY; read at <pin>)")   [baseline 01-Oct-2026]
  02__Src__AppModules/51__System__LayoutEditor/20__System__Viewports/Na__LayoutEditor__ViewportClipboard__.js
      WARN  :94    source-version       PORT NOTE says "Ported from : TrueVision3D" and has no "Source version" line (K2 H5: "- Source version: <x.y.z> (TrueVision3D v2.N.0, DD-Mon-YYYY; read at <pin>)")   [baseline 01-Oct-2026]
  02__Src__AppModules/51__System__LayoutEditor/20__System__Viewports/Na__LayoutEditor__ViewportIdentity__.js
      WARN  :49    source-version       PORT NOTE says "Ported from : TrueVision3D" and has no "Source version" line (K2 H5: "- Source version: <x.y.z> (TrueVision3D v2.N.0, DD-Mon-YYYY; read at <pin>)")   [baseline 01-Oct-2026]
  02__Src__AppModules/51__System__LayoutEditor/20__System__Viewports/Na__LayoutEditor__ViewportTitleText__.js
      WARN  :42    source-version       PORT NOTE says "Ported from : TrueVision3D" and has no "Source version" line (K2 H5: "- Source version: <x.y.z> (TrueVision3D v2.N.0, DD-Mon-YYYY; read at <pin>)")   [baseline 01-Oct-2026]
  02__Src__AppModules/51__System__LayoutEditor/25__System__RenderStyles/Na__LayoutEditor__EdgeStyles__.js
      WARN  :47    source-version       PORT NOTE says "Ported from : TrueVision3D" and has no "Source version" line (K2 H5: "- Source version: <x.y.z> (TrueVision3D v2.N.0, DD-Mon-YYYY; read at <pin>)")   [baseline 01-Oct-2026]
  02__Src__AppModules/51__System__LayoutEditor/25__System__RenderStyles/Na__LayoutEditor__ModelLayers__.js
      WARN  :32    source-version       PORT NOTE says "Ported from : TrueVision3D" and has no "Source version" line (K2 H5: "- Source version: <x.y.z> (TrueVision3D v2.N.0, DD-Mon-YYYY; read at <pin>)")   [baseline 01-Oct-2026]
  02__Src__AppModules/51__System__LayoutEditor/25__System__RenderStyles/Na__LayoutEditor__RenderComposites__.js
      WARN  :53    source-version       PORT NOTE says "Ported from : TrueVision3D" and has no "Source version" line (K2 H5: "- Source version: <x.y.z> (TrueVision3D v2.N.0, DD-Mon-YYYY; read at <pin>)")   [baseline 01-Oct-2026]
  02__Src__AppModules/51__System__LayoutEditor/30__System__SheetTools/Na__LayoutEditor__EditScope__.js
      WARN  :57    source-version       PORT NOTE says "Ported from : TrueVision3D" and has no "Source version" line (K2 H5: "- Source version: <x.y.z> (TrueVision3D v2.N.0, DD-Mon-YYYY; read at <pin>)")   [baseline 01-Oct-2026]
  02__Src__AppModules/51__System__LayoutEditor/30__System__SheetTools/Na__LayoutEditor__Eyedropper__.js
      WARN  :109   source-version       PORT NOTE says "Ported from : TrueVision3D" and has no "Source version" line (K2 H5: "- Source version: <x.y.z> (TrueVision3D v2.N.0, DD-Mon-YYYY; read at <pin>)")   [baseline 01-Oct-2026]
  02__Src__AppModules/51__System__LayoutEditor/30__System__SheetTools/Na__LayoutEditor__Grips__.js
      WARN  :71    log-duplicate        version 1.7.0 appears twice in the DEVELOPMENT LOG (also line 57)   [baseline 01-Oct-2026]
  02__Src__AppModules/51__System__LayoutEditor/30__System__SheetTools/Na__LayoutEditor__ItemClipboard__.js
      WARN  :33    source-version       PORT NOTE says "Ported from : TrueVision3D" and has no "Source version" line (K2 H5: "- Source version: <x.y.z> (TrueVision3D v2.N.0, DD-Mon-YYYY; read at <pin>)")   [baseline 01-Oct-2026]
  02__Src__AppModules/51__System__LayoutEditor/30__System__SheetTools/Na__LayoutEditor__Measurements__.js
      WARN  :63    source-version       PORT NOTE says "Ported from : TrueVision3D" and has no "Source version" line (K2 H5: "- Source version: <x.y.z> (TrueVision3D v2.N.0, DD-Mon-YYYY; read at <pin>)")   [baseline 01-Oct-2026]
  02__Src__AppModules/51__System__LayoutEditor/30__System__SheetTools/Na__LayoutEditor__SelectionBox__.js
      WARN  :54    source-version       PORT NOTE says "Ported from : TrueVision3D" and has no "Source version" line (K2 H5: "- Source version: <x.y.z> (TrueVision3D v2.N.0, DD-Mon-YYYY; read at <pin>)")   [baseline 01-Oct-2026]
  02__Src__AppModules/51__System__LayoutEditor/30__System__SheetTools/Na__LayoutEditor__SelectionSet__.js
      WARN  :43    source-version       PORT NOTE says "Ported from : TrueVision3D" and has no "Source version" line (K2 H5: "- Source version: <x.y.z> (TrueVision3D v2.N.0, DD-Mon-YYYY; read at <pin>)")   [baseline 01-Oct-2026]
  02__Src__AppModules/51__System__LayoutEditor/35__System__DrawingTools/Na__LayoutEditor__LeaderTool__.js
      WARN  :45    source-version       PORT NOTE says "Ported from : TrueVision3D" and has no "Source version" line (K2 H5: "- Source version: <x.y.z> (TrueVision3D v2.N.0, DD-Mon-YYYY; read at <pin>)")   [baseline 01-Oct-2026]
  02__Src__AppModules/51__System__LayoutEditor/35__System__DrawingTools/Na__LayoutEditor__RectangleTool__.js
      WARN  :52    source-version       PORT NOTE says "Ported from : TrueVision3D" and has no "Source version" line (K2 H5: "- Source version: <x.y.z> (TrueVision3D v2.N.0, DD-Mon-YYYY; read at <pin>)")   [baseline 01-Oct-2026]
  02__Src__AppModules/51__System__LayoutEditor/35__System__DrawingTools/Na__LayoutEditor__ShapeTool__.js
      WARN  :46    source-version       PORT NOTE says "Ported from : TrueVision3D" and has no "Source version" line (K2 H5: "- Source version: <x.y.z> (TrueVision3D v2.N.0, DD-Mon-YYYY; read at <pin>)")   [baseline 01-Oct-2026]
  02__Src__AppModules/51__System__LayoutEditor/40__Ui__Panels/Na__LayoutEditor__Panel__Leaders__.js
      WARN  :40    source-version       PORT NOTE says "Ported from : TrueVision3D" and has no "Source version" line (K2 H5: "- Source version: <x.y.z> (TrueVision3D v2.N.0, DD-Mon-YYYY; read at <pin>)")   [baseline 01-Oct-2026]
  02__Src__AppModules/51__System__LayoutEditor/40__Ui__Panels/Na__LayoutEditor__Panel__ModelLayers__.js
      WARN  :36    source-version       PORT NOTE says "Ported from : TrueVision3D" and has no "Source version" line (K2 H5: "- Source version: <x.y.z> (TrueVision3D v2.N.0, DD-Mon-YYYY; read at <pin>)")   [baseline 01-Oct-2026]
  02__Src__AppModules/51__System__LayoutEditor/55__Feature__Scrapbook/Na__LayoutEditor__Panel__Scrapbook__.js
      WARN  :33    source-version       PORT NOTE says "Ported from : TrueVision3D" and has no "Source version" line (K2 H5: "- Source version: <x.y.z> (TrueVision3D v2.N.0, DD-Mon-YYYY; read at <pin>)")   [baseline 01-Oct-2026]
  02__Src__AppModules/51__System__LayoutEditor/55__Feature__Scrapbook/Na__LayoutEditor__Scrapbook__.js
      WARN  :34    source-version       PORT NOTE says "Ported from : TrueVision3D" and has no "Source version" line (K2 H5: "- Source version: <x.y.z> (TrueVision3D v2.N.0, DD-Mon-YYYY; read at <pin>)")   [baseline 01-Oct-2026]
  02__Src__AppModules/51__System__LayoutEditor/55__Feature__Scrapbook/Na__LayoutEditor__Scrapbook__TileDrag__.js
      WARN  :37    source-version       PORT NOTE says "Ported from : TrueVision3D" and has no "Source version" line (K2 H5: "- Source version: <x.y.z> (TrueVision3D v2.N.0, DD-Mon-YYYY; read at <pin>)")   [baseline 01-Oct-2026]
  02__Src__AppModules/51__System__LayoutEditor/56__Feature__ScrapbookCustom/Na__LayoutEditor__Panel__ScrapbookCustom__.js
      WARN  :37    source-version       PORT NOTE says "Ported from : TrueVision3D" and has no "Source version" line (K2 H5: "- Source version: <x.y.z> (TrueVision3D v2.N.0, DD-Mon-YYYY; read at <pin>)")   [baseline 01-Oct-2026]
  02__Src__AppModules/51__System__LayoutEditor/56__Feature__ScrapbookCustom/Na__LayoutEditor__ScrapbookCustom__.js
      WARN  :43    source-version       PORT NOTE says "Ported from : TrueVision3D" and has no "Source version" line (K2 H5: "- Source version: <x.y.z> (TrueVision3D v2.N.0, DD-Mon-YYYY; read at <pin>)")   [baseline 01-Oct-2026]
  02__Src__AppModules/51__System__LayoutEditor/56__Feature__ScrapbookCustom/Na__LayoutEditor__ScrapbookCustom__Transport__.js
      WARN  :42    source-version       PORT NOTE says "Ported from : TrueVision3D" and has no "Source version" line (K2 H5: "- Source version: <x.y.z> (TrueVision3D v2.N.0, DD-Mon-YYYY; read at <pin>)")   [baseline 01-Oct-2026]
  02__Src__AppModules/51__System__LayoutEditor/56__Feature__ScrapbookCustom/Na__LayoutEditor__Styles__ScrapbookCustom__.css
      WARN  :19    source-version       PORT NOTE says "Ported from : TrueVision3D" and has no "Source version" line (K2 H5: "- Source version: <x.y.z> (TrueVision3D v2.N.0, DD-Mon-YYYY; read at <pin>)")   [baseline 01-Oct-2026]
  02__Src__AppModules/51__System__LayoutEditor/57__Feature__ScrapbookParametric/Na__LayoutEditor__Panel__ScrapbookParametric__.js
      WARN  :45    source-version       PORT NOTE says "Ported from : TrueVision3D" and has no "Source version" line (K2 H5: "- Source version: <x.y.z> (TrueVision3D v2.N.0, DD-Mon-YYYY; read at <pin>)")   [baseline 01-Oct-2026]
  02__Src__AppModules/51__System__LayoutEditor/57__Feature__ScrapbookParametric/Na__LayoutEditor__ScrapbookParametric__.js
      WARN  :57    source-version       PORT NOTE says "Ported from : TrueVision3D" and has no "Source version" line (K2 H5: "- Source version: <x.y.z> (TrueVision3D v2.N.0, DD-Mon-YYYY; read at <pin>)")   [baseline 01-Oct-2026]
  02__Src__AppModules/51__System__LayoutEditor/57__Feature__ScrapbookParametric/Na__LayoutEditor__ScrapbookParametric__DrawingTitle__.js
      WARN  :50    source-version       PORT NOTE says "Ported from : TrueVision3D" and has no "Source version" line (K2 H5: "- Source version: <x.y.z> (TrueVision3D v2.N.0, DD-Mon-YYYY; read at <pin>)")   [baseline 01-Oct-2026]
  02__Src__AppModules/51__System__LayoutEditor/57__Feature__ScrapbookParametric/Na__LayoutEditor__ScrapbookParametric__Grips__.js
      WARN  :46    source-version       PORT NOTE says "Ported from : TrueVision3D" and has no "Source version" line (K2 H5: "- Source version: <x.y.z> (TrueVision3D v2.N.0, DD-Mon-YYYY; read at <pin>)")   [baseline 01-Oct-2026]
  02__Src__AppModules/51__System__LayoutEditor/57__Feature__ScrapbookParametric/Na__LayoutEditor__ScrapbookParametric__LinkNoodle__.js
      WARN  :57    source-version       PORT NOTE says "Ported from : TrueVision3D" and has no "Source version" line (K2 H5: "- Source version: <x.y.z> (TrueVision3D v2.N.0, DD-Mon-YYYY; read at <pin>)")   [baseline 01-Oct-2026]
  02__Src__AppModules/51__System__LayoutEditor/57__Feature__ScrapbookParametric/Na__LayoutEditor__ScrapbookParametric__ScaleBar__.js
      WARN  :40    source-version       PORT NOTE says "Ported from : TrueVision3D" and has no "Source version" line (K2 H5: "- Source version: <x.y.z> (TrueVision3D v2.N.0, DD-Mon-YYYY; read at <pin>)")   [baseline 01-Oct-2026]
  02__Src__AppModules/51__System__LayoutEditor/57__Feature__ScrapbookParametric/Na__LayoutEditor__ScrapbookParametric__ViewportLink__.js
      WARN  :89    source-version       PORT NOTE says "Ported from : TrueVision3D" and has no "Source version" line (K2 H5: "- Source version: <x.y.z> (TrueVision3D v2.N.0, DD-Mon-YYYY; read at <pin>)")   [baseline 01-Oct-2026]
  02__Src__AppModules/51__System__LayoutEditor/57__Feature__ScrapbookParametric/Na__LayoutEditor__Styles__ScrapbookParametric__.css
      WARN  :21    source-version       PORT NOTE says "Ported from : TrueVision3D" and has no "Source version" line (K2 H5: "- Source version: <x.y.z> (TrueVision3D v2.N.0, DD-Mon-YYYY; read at <pin>)")   [baseline 01-Oct-2026]
  02__Src__AppModules/51__System__LayoutEditor/60__Feature__PdfExport/Na__LayoutEditor__PdfFilename__.js
      WARN  :39    source-version       PORT NOTE says "Ported from : TrueVision3D" and has no "Source version" line (K2 H5: "- Source version: <x.y.z> (TrueVision3D v2.N.0, DD-Mon-YYYY; read at <pin>)")   [baseline 01-Oct-2026]
  02__Src__AppModules/51__System__LayoutEditor/80__Feature__WebViewer/Na__LayoutEditor__WebViewer__.js
      WARN  :52    source-version       PORT NOTE says "Ported from : TrueVision3D" and has no "Source version" line (K2 H5: "- Source version: <x.y.z> (TrueVision3D v2.N.0, DD-Mon-YYYY; read at <pin>)")   [baseline 01-Oct-2026]
  02__Src__AppModules/51__System__LayoutEditor/80__Feature__WebViewer/Na__LayoutEditor__WebViewer__Drawings__.js
      WARN  :41    source-version       PORT NOTE says "Ported from : TrueVision3D" and has no "Source version" line (K2 H5: "- Source version: <x.y.z> (TrueVision3D v2.N.0, DD-Mon-YYYY; read at <pin>)")   [baseline 01-Oct-2026]
  02__Src__AppModules/51__System__LayoutEditor/80__Feature__WebViewer/Na__LayoutEditor__WebViewer__Spec__.js
      WARN  :45    source-version       PORT NOTE says "Ported from : TrueVision3D" and has no "Source version" line (K2 H5: "- Source version: <x.y.z> (TrueVision3D v2.N.0, DD-Mon-YYYY; read at <pin>)")   [baseline 01-Oct-2026]
  02__Src__AppModules/51__System__LayoutEditor/80__Feature__WebViewer/Na__LayoutEditor__WebViewer__TouchControls__.js
      WARN  :50    source-version       PORT NOTE says "Ported from : TrueVision3D" and has no "Source version" line (K2 H5: "- Source version: <x.y.z> (TrueVision3D v2.N.0, DD-Mon-YYYY; read at <pin>)")   [baseline 01-Oct-2026]
  02__Src__AppModules/70__System__DevTools/Na__UiFeature__ProfileLines__Controls.js
      WARN  :23    log-order            11-Mar-2026 1.0.0 sits above 16-Sep-2026 1.2.0 (this log runs newest first)   [baseline 01-Oct-2026]
  80__Testing__PrototypeEnvironment/Na__Test__NorthCompass__.test.mjs
      WARN  :29    source-version       PORT NOTE says "Ported from : TrueVision3D" and has no "Source version" line (K2 H5: "- Source version: <x.y.z> (TrueVision3D v2.N.0, DD-Mon-YYYY; read at <pin>)")   [baseline 01-Oct-2026]
  80__Testing__PrototypeEnvironment/Na__Test__ScrapbookApi__.test.py
      WARN  :31    source-version       PORT NOTE says "Ported from : TrueVision3D" and has no "Source version" line (K2 H5: "- Source version: <x.y.z> (TrueVision3D v2.N.0, DD-Mon-YYYY; read at <pin>)")   [baseline 01-Oct-2026]
  80__Testing__PrototypeEnvironment/Na__Test__ScrapbookDrawingTitle__.test.mjs
      WARN  :32    source-version       PORT NOTE says "Ported from : TrueVision3D" and has no "Source version" line (K2 H5: "- Source version: <x.y.z> (TrueVision3D v2.N.0, DD-Mon-YYYY; read at <pin>)")   [baseline 01-Oct-2026]
  80__Testing__PrototypeEnvironment/Na__Test__ScrapbookScaleBar__.test.mjs
      WARN  :30    source-version       PORT NOTE says "Ported from : TrueVision3D" and has no "Source version" line (K2 H5: "- Source version: <x.y.z> (TrueVision3D v2.N.0, DD-Mon-YYYY; read at <pin>)")   [baseline 01-Oct-2026]
  80__Testing__PrototypeEnvironment/Na__Test__ScrapbookServer__.py
      WARN  :41    source-version       PORT NOTE says "Ported from : TrueVision3D" and has no "Source version" line (K2 H5: "- Source version: <x.y.z> (TrueVision3D v2.N.0, DD-Mon-YYYY; read at <pin>)")   [baseline 01-Oct-2026]
  80__Testing__PrototypeEnvironment/Na__Test__TitleBlockCells__.test.mjs
      WARN  :33    source-version       PORT NOTE says "Ported from : TrueVision3D" and has no "Source version" line (K2 H5: "- Source version: <x.y.z> (TrueVision3D v2.N.0, DD-Mon-YYYY; read at <pin>)")   [baseline 01-Oct-2026]
  80__Testing__PrototypeEnvironment/Na__Test__ViewportTitleText__.test.mjs
      WARN  :28    source-version       PORT NOTE says "Ported from : TrueVision3D" and has no "Source version" line (K2 H5: "- Source version: <x.y.z> (TrueVision3D v2.N.0, DD-Mon-YYYY; read at <pin>)")   [baseline 01-Oct-2026]

  PENDING  84 release placeholder(s) in 72 file(s), for the wave's Parity Scribe: W1-01 x8, W1-02 x2, W1-03 x4, W1-04 x3, W1-05 x3, W1-06 x9, W1-08 x6, W1-09 x6, W1-11 x2, W1-12 x5, W1-13 x10, W1-14 x7, W1-16 x7, W1-17 x1, W1-18 x2, W1-29 x3, W1-30 x1, W1-31 x5

  WATERMARK  TrueVision D:\11_RefLib__StudioRepository__RemoteSystem\NaWeb\na-apps\30__TrueVision__CoreAppCode at b2aa9151 (git)
  The TrueVision DEVELOPMENT LOG entries dated after this app's newest log entry (the S11 c.1 rule; same-day entries are not flagged), under 02__Src__AppModules/51__System__LayoutEditor/35__System__DrawingTools:
    02__Src__AppModules/51__System__LayoutEditor/35__System__DrawingTools/Na__LayoutEditor__DimensionTool__.js
        this app 14-Sep-2026 | TrueVision 1.12.0 | after: 21-Sep 1.12.0; 21-Sep 1.11.0; 21-Sep 1.10.0; 21-Sep 1.9.0; 21-Sep 1.8.0
    02__Src__AppModules/51__System__LayoutEditor/35__System__DrawingTools/Na__LayoutEditor__GradientTool__.js
        this app 22-Sep-2026 | TrueVision 1.1.0 | after: -
    02__Src__AppModules/51__System__LayoutEditor/35__System__DrawingTools/Na__LayoutEditor__LeaderTool__.js
        this app 14-Sep-2026 | TrueVision 1.2.0 | after: 21-Sep 1.2.0
    02__Src__AppModules/51__System__LayoutEditor/35__System__DrawingTools/Na__LayoutEditor__LineStyleTool__.js
        this app 23-Sep-2026 | TrueVision 1.1.0 | after: -
    02__Src__AppModules/51__System__LayoutEditor/35__System__DrawingTools/Na__LayoutEditor__RectangleTool__.js
        this app 14-Sep-2026 | TrueVision 1.4.0 | after: 21-Sep 1.3.0; 22-Sep 1.4.0
    02__Src__AppModules/51__System__LayoutEditor/35__System__DrawingTools/Na__LayoutEditor__ShapeTool__.js
        this app 14-Sep-2026 | TrueVision 1.10.0 | after: 21-Sep 1.10.0; 21-Sep 1.9.0; 21-Sep 1.8.0; 21-Sep 1.7.0
    02__Src__AppModules/51__System__LayoutEditor/35__System__DrawingTools/Na__LayoutEditor__TextTool__.js
        this app 15-Sep-2026 | TrueVision 1.4.0 | after: 21-Sep 1.4.0

  RESULT: PASS (0 fail, 131 warn, 84 pending)
